C:/analog/cfs/1.1.0/SDK/zephyr/zephyr/include/zephyr/sys/slist.h:211:28:z_snode_next_peek	16	static
C:/analog/cfs/1.1.0/SDK/zephyr/zephyr/include/zephyr/sys/slist.h:216:20:z_snode_next_set	16	static
C:/analog/cfs/1.1.0/SDK/zephyr/zephyr/include/zephyr/sys/slist.h:221:20:z_slist_head_set	16	static
C:/analog/cfs/1.1.0/SDK/zephyr/zephyr/include/zephyr/sys/slist.h:226:20:z_slist_tail_set	16	static
C:/analog/cfs/1.1.0/SDK/zephyr/zephyr/include/zephyr/sys/slist.h:238:28:sys_slist_peek_head	16	static
C:/analog/cfs/1.1.0/SDK/zephyr/zephyr/include/zephyr/sys/slist.h:250:28:sys_slist_peek_tail	16	static
C:/analog/cfs/1.1.0/SDK/zephyr/zephyr/include/zephyr/sys/slist.h:268:1:sys_slist_is_empty	16	static
C:/analog/cfs/1.1.0/SDK/zephyr/zephyr/include/zephyr/sys/slist.h:281:1:sys_slist_peek_next_no_check	16	static
C:/analog/cfs/1.1.0/SDK/zephyr/zephyr/include/zephyr/sys/slist.h:292:1:sys_slist_peek_next	16	static
C:/analog/cfs/1.1.0/SDK/zephyr/zephyr/include/zephyr/sys/slist.h:305:1:sys_slist_prepend	16	static
C:/analog/cfs/1.1.0/SDK/zephyr/zephyr/include/zephyr/sys/slist.h:408:1:sys_slist_remove	24	static
C:/analog/cfs/1.1.0/SDK/zephyr/zephyr/include/zephyr/sys/slist.h:450:1:sys_slist_find_and_remove	24	static
C:/analog/cfs/1.1.0/SDK/zephyr/zephyr/include/zephyr/drivers/clock_control.h:125:19:clock_control_on	24	static
C:/analog/cfs/1.1.0/SDK/zephyr/zephyr/include/zephyr/drivers/gpio/gpio_utils.h:59:19:gpio_manage_callback	24	static
C:/analog/cfs/1.1.0/SDK/zephyr/zephyr/include/zephyr/drivers/gpio/gpio_utils.h:90:20:gpio_fire_callbacks	32	static
C:/analog/cfs/1.1.0/SDK/zephyr/zephyr/drivers/gpio/gpio_max32.c:33:12:api_port_get_raw	24	static
C:/analog/cfs/1.1.0/SDK/zephyr/zephyr/drivers/gpio/gpio_max32.c:41:12:api_port_set_masked_raw	32	static
C:/analog/cfs/1.1.0/SDK/zephyr/zephyr/drivers/gpio/gpio_max32.c:50:12:api_port_set_bits_raw	24	static
C:/analog/cfs/1.1.0/SDK/zephyr/zephyr/drivers/gpio/gpio_max32.c:58:12:api_port_clear_bits_raw	24	static
C:/analog/cfs/1.1.0/SDK/zephyr/zephyr/drivers/gpio/gpio_max32.c:66:12:api_port_toggle_bits	24	static
C:/analog/cfs/1.1.0/SDK/zephyr/zephyr/drivers/gpio/gpio_max32.c:74:12:api_pin_configure	48	static
C:/analog/cfs/1.1.0/SDK/zephyr/zephyr/drivers/gpio/gpio_max32.c:146:12:api_pin_interrupt_configure	48	static
C:/analog/cfs/1.1.0/SDK/zephyr/zephyr/drivers/gpio/gpio_max32.c:198:12:api_manage_callback	32	static
C:/analog/cfs/1.1.0/SDK/zephyr/zephyr/drivers/gpio/gpio_max32.c:216:13:gpio_max32_isr	32	static
C:/analog/cfs/1.1.0/SDK/zephyr/zephyr/drivers/gpio/gpio_max32.c:229:12:gpio_max32_init	24	static
C:/analog/cfs/1.1.0/SDK/zephyr/zephyr/drivers/gpio/gpio_max32.c:269:1:gpio_max32_irq_init_0	8	static
