Archive member included to satisfy reference by file (symbol)

app/libapp.a(main.c.obj)      (--whole-archive)
app/libapp.a(tui.c.obj)       (--whole-archive)
app/libapp.a(tui_backend_stdio.c.obj)
                              (--whole-archive)
app/libapp.a(tui_uart_input.c.obj)
                              (--whole-archive)
app/libapp.a(tui_input.c.obj)
                              (--whole-archive)
app/libapp.a(tui_widget.c.obj)
                              (--whole-archive)
app/libapp.a(tui_label.c.obj)
                              (--whole-archive)
zephyr/libzephyr.a(heap.c.obj)
                              (--whole-archive)
zephyr/libzephyr.a(cbprintf_packaged.c.obj)
                              (--whole-archive)
zephyr/libzephyr.a(printk.c.obj)
                              (--whole-archive)
zephyr/libzephyr.a(sem.c.obj)
                              (--whole-archive)
zephyr/libzephyr.a(thread_entry.c.obj)
                              (--whole-archive)
zephyr/libzephyr.a(cbprintf_complete.c.obj)
                              (--whole-archive)
zephyr/libzephyr.a(assert.c.obj)
                              (--whole-archive)
zephyr/libzephyr.a(dec.c.obj)
                              (--whole-archive)
zephyr/libzephyr.a(hex.c.obj)
                              (--whole-archive)
zephyr/libzephyr.a(rb.c.obj)  (--whole-archive)
zephyr/libzephyr.a(timeutil.c.obj)
                              (--whole-archive)
zephyr/libzephyr.a(bitarray.c.obj)
                              (--whole-archive)
zephyr/libzephyr.a(ring_buffer.c.obj)
                              (--whole-archive)
zephyr/libzephyr.a(configs.c.obj)
                              (--whole-archive)
zephyr/libzephyr.a(soc.c.obj)
                              (--whole-archive)
zephyr/libzephyr.a(mpu_regions.c.obj)
                              (--whole-archive)
zephyr/libzephyr.a(pm_max32657_s2ram.c.obj)
                              (--whole-archive)
zephyr/libzephyr.a(thread_info.c.obj)
                              (--whole-archive)
zephyr/libzephyr.a(thread_analyzer.c.obj)
                              (--whole-archive)
zephyr/libzephyr.a(mem_attr.c.obj)
                              (--whole-archive)
zephyr/libzephyr.a(tracing_none.c.obj)
                              (--whole-archive)
zephyr/libzephyr.a(max32xxx_system.c.obj)
                              (--whole-archive)
zephyr/libzephyr.a(system_max32657.c.obj)
                              (--whole-archive)
zephyr/libzephyr.a(mxc_assert.c.obj)
                              (--whole-archive)
zephyr/libzephyr.a(mxc_delay.c.obj)
                              (--whole-archive)
zephyr/libzephyr.a(mxc_lock.c.obj)
                              (--whole-archive)
zephyr/libzephyr.a(pins_me30.c.obj)
                              (--whole-archive)
zephyr/libzephyr.a(sys_me30.c.obj)
                              (--whole-archive)
zephyr/libzephyr.a(icc_me30.c.obj)
                              (--whole-archive)
zephyr/libzephyr.a(icc_reva.c.obj)
                              (--whole-archive)
zephyr/libzephyr.a(lp_me30.c.obj)
                              (--whole-archive)
zephyr/libzephyr.a(wut_me30.c.obj)
                              (--whole-archive)
zephyr/libzephyr.a(wut_reva.c.obj)
                              (--whole-archive)
zephyr/libzephyr.a(dma_me30.c.obj)
                              (--whole-archive)
zephyr/libzephyr.a(dma_reva.c.obj)
                              (--whole-archive)
zephyr/libzephyr.a(uart_common.c.obj)
                              (--whole-archive)
zephyr/libzephyr.a(uart_me30.c.obj)
                              (--whole-archive)
zephyr/libzephyr.a(uart_revb.c.obj)
                              (--whole-archive)
zephyr/libzephyr.a(gpio_common.c.obj)
                              (--whole-archive)
zephyr/libzephyr.a(gpio_me30.c.obj)
                              (--whole-archive)
zephyr/libzephyr.a(gpio_reva.c.obj)
                              (--whole-archive)
zephyr/arch/common/libarch__common.a(sw_isr_common.c.obj)
                              (--whole-archive)
zephyr/arch/arch/arm/core/libarch__arm__core.a(fatal.c.obj)
                              (--whole-archive)
zephyr/arch/arch/arm/core/libarch__arm__core.a(nmi.c.obj)
                              (--whole-archive)
zephyr/arch/arch/arm/core/libarch__arm__core.a(nmi_on_reset.S.obj)
                              (--whole-archive)
zephyr/arch/arch/arm/core/libarch__arm__core.a(tls.c.obj)
                              (--whole-archive)
zephyr/arch/arch/arm/core/cortex_m/libarch__arm__core__cortex_m.a(exc_exit.c.obj)
                              (--whole-archive)
zephyr/arch/arch/arm/core/cortex_m/libarch__arm__core__cortex_m.a(fault.c.obj)
                              (--whole-archive)
zephyr/arch/arch/arm/core/cortex_m/libarch__arm__core__cortex_m.a(fault_s.S.obj)
                              (--whole-archive)
zephyr/arch/arch/arm/core/cortex_m/libarch__arm__core__cortex_m.a(fpu.c.obj)
[...]
Memory Configuration

Name             Origin             Length             Attributes
FLASH            0x0000000001000000 0x00000000000ac800 xr
RAM              0x0000000030000000 0x0000000000040000 xw
NULL_PTR_DETECT  0x0000000000000000 0x0000000000000400 rw
IDT_LIST         0x00000000ffff7fff 0x0000000000008000 xw
*default*        0x0000000000000000 0xffffffffffffffff

Linker script and memory map

                0x0000000001005398                vfprintf = __l_vfprintf
                0x0000000000000000                vfscanf = __l_vfscanf
LOAD zephyr/CMakeFiles/zephyr_pre0.dir/misc/empty_file.c.obj
LOAD zephyr/CMakeFiles/offsets.dir/./arch/arm/core/offsets/offsets.c.obj
LOAD app/libapp.a
LOAD zephyr/libzephyr.a
LOAD zephyr/arch/common/libarch__common.a
LOAD zephyr/arch/arch/arm/core/libarch__arm__core.a
LOAD zephyr/arch/arch/arm/core/cortex_m/libarch__arm__core__cortex_m.a
LOAD zephyr/arch/arch/arm/core/cortex_m/cmse/libarch__arm__core__cortex_m__cmse.a
LOAD zephyr/arch/arch/arm/core/mpu/libarch__arm__core__mpu.a
LOAD zephyr/lib/libc/picolibc/liblib__libc__picolibc.a
LOAD zephyr/lib/libc/common/liblib__libc__common.a
LOAD zephyr/drivers/clock_control/libdrivers__clock_control.a
LOAD zephyr/drivers/console/libdrivers__console.a
LOAD zephyr/drivers/gpio/libdrivers__gpio.a
LOAD zephyr/drivers/pinctrl/libdrivers__pinctrl.a
LOAD zephyr/drivers/serial/libdrivers__serial.a
LOAD zephyr/drivers/timer/libdrivers__timer.a
LOAD zephyr/kernel/libkernel.a
LOAD zephyr/arch/common/libisr_tables.a
LOAD c:\analog\cfs\1.1.0\tools\zephyr-sdk\arm-zephyr-eabi\bin\../lib/gcc/../../picolibc/arm-zephyr-eabi/lib/thumb/v8-m.main/nofp\libc.a
LOAD c:/analog/cfs/1.1.0/tools/zephyr-sdk/arm-zephyr-eabi/bin/../lib/gcc/arm-zephyr-eabi/12.2.0/thumb/v8-m.main/nofp\libgcc.a
                0x0000000000000020                _region_min_align = 0x20

.rel.plt        0x0000000001000000        0x0
 *(SORT_BY_ALIGNMENT(.rel.plt))
                [!provide]                        PROVIDE (__rel_iplt_start = .)
 *(SORT_BY_ALIGNMENT(.rel.iplt))
 .rel.iplt      0x0000000001000000        0x0 app/libapp.a(main.c.obj)
                [!provide]                        PROVIDE (__rel_iplt_end = .)

.rela.plt       0x0000000000000000        0x0
 *(SORT_BY_ALIGNMENT(.rela.plt))
                [!provide]                        PROVIDE (__rela_iplt_start = .)
 *(SORT_BY_ALIGNMENT(.rela.iplt))
                [!provide]                        PROVIDE (__rela_iplt_end = .)

.rel.dyn
 *(SORT_BY_ALIGNMENT(.rel.*))

.rela.dyn
 *(SORT_BY_ALIGNMENT(.rela.*))

/DISCARD/
 *(SORT_BY_ALIGNMENT(.plt))

/DISCARD/
 *(SORT_BY_ALIGNMENT(.iplt))
                0x0000000001000000                __rom_region_start = 0x1000000

rom_start       0x0000000001000000      0x118
                0x0000000001000000                __rom_start_address = .
 FILL mask 0x00
                0x0000000001000000                . = (. + (0x0 - (. - __rom_start_address)))
                0x0000000001000000                . = ALIGN (0x4)
                0x0000000001000000                . = ALIGN (0x80)
                0x0000000001000000                . = ALIGN (0x200)
                0x0000000001000000                _vector_start = .
 *(SORT_BY_ALIGNMENT(.exc_vector_table))
 *(SORT_BY_ALIGNMENT(.exc_vector_table.*))
 .exc_vector_table._vector_table_section
                0x0000000001000000       0x40 zephyr/arch/arch/arm/core/cortex_m/libarch__arm__core__cortex_m.a(vector_table.S.obj)
                0x0000000001000000                _vector_table
 *(SORT_BY_ALIGNMENT(.vectors))
                0x0000000001000118                _vector_end = .
                0x0000000001000040                . = ALIGN (0x4)
 *(SORT_BY_ALIGNMENT(.gnu.linkonce.irq_vector_table*))
 .gnu.linkonce.irq_vector_table
                0x0000000001000040       0xd8 zephyr/arch/common/libisr_tables.a(isr_tables.c.obj)
                0x0000000001000040                _irq_vector_table
                0x0000000001000118                _vector_end = .

text            0x0000000001000118     0x98f8
                0x0000000001000118                __text_region_start = .
 *(SORT_BY_ALIGNMENT(.text))
 .text          0x0000000001000118       0x30 c:/analog/cfs/1.1.0/tools/zephyr-sdk/arm-zephyr-eabi/bin/../lib/gcc/arm-zephyr-eabi/12.2.0/thumb/v8-m.main/nofp\libgcc.a(_aeabi_uldivmod.o)
                0x0000000001000118                __aeabi_uldivmod
 .text          0x0000000001000148        0x4 c:/analog/cfs/1.1.0/tools/zephyr-sdk/arm-zephyr-eabi/bin/../lib/gcc/arm-zephyr-eabi/12.2.0/thumb/v8-m.main/nofp\libgcc.a(_dvmd_tls.o)
                0x0000000001000148                __aeabi_idiv0
                0x0000000001000148                __aeabi_ldiv0
 .text          0x000000000100014c       0x10 c:\analog\cfs\1.1.0\tools\zephyr-sdk\arm-zephyr-eabi\bin\../lib/gcc/../../picolibc/arm-zephyr-eabi/lib/thumb/v8-m.main/nofp\libc.a(strlen.S.o)
                0x000000000100014c                strlen
 .text          0x000000000100015c      0x29c c:/analog/cfs/1.1.0/tools/zephyr-sdk/arm-zephyr-eabi/bin/../lib/gcc/arm-zephyr-eabi/12.2.0/thumb/v8-m.main/nofp\libgcc.a(_udivmoddi4.o)
                0x000000000100015c                __udivmoddi4
 *(SORT_BY_ALIGNMENT(.text.*))
 .text.on_button_click1
                0x00000000010003f8       0x24 app/libapp.a(main.c.obj)
 .text.on_button_click2
                0x000000000100041c       0x24 app/libapp.a(main.c.obj)
 .text.main     0x0000000001000440       0xfc app/libapp.a(main.c.obj)
                0x0000000001000440                main
 .text.tui_init
                0x000000000100053c       0x14 app/libapp.a(tui.c.obj)
                0x000000000100053c                tui_init
 .text.tui_clear_screen
                0x0000000001000550       0x14 app/libapp.a(tui.c.obj)
                0x0000000001000550                tui_clear_screen
 .text.tui_move_cursor
                0x0000000001000564       0x38 app/libapp.a(tui.c.obj)
                0x0000000001000564                tui_move_cursor
 .text.tui_set_color
                0x000000000100059c       0xb4 app/libapp.a(tui.c.obj)
                0x000000000100059c                tui_set_color
 .text.tui_reset_color
                0x0000000001000650       0x14 app/libapp.a(tui.c.obj)
                0x0000000001000650                tui_reset_color
 .text.tui_draw_box
                0x0000000001000664      0x110 app/libapp.a(tui.c.obj)
                0x0000000001000664                tui_draw_box
 .text.tui_backend_write
                0x0000000001000774       0x24 app/libapp.a(tui_backend_stdio.c.obj)
                0x0000000001000774                tui_backend_write
 .text.tui_uart_input_init
                0x0000000001000798       0x38 app/libapp.a(tui_uart_input.c.obj)
                0x0000000001000798                tui_uart_input_init
 .text.tui_input_feed
                0x00000000010007d0      0x194 app/libapp.a(tui_input.c.obj)
                0x00000000010007d0                tui_input_feed
 .text.tui_poll_event
                0x0000000001000964       0x40 app/libapp.a(tui_input.c.obj)
                0x0000000001000964                tui_poll_event
 .text.tui_widget_register
                0x00000000010009a4       0x50 app/libapp.a(tui_widget.c.obj)
                0x00000000010009a4                tui_widget_register
 .text.tui_draw_all_widgets
                0x00000000010009f4       0x48 app/libapp.a(tui_widget.c.obj)
                0x00000000010009f4                tui_draw_all_widgets
 .text.tui_dispatch_event
                0x0000000001000a3c       0xec app/libapp.a(tui_widget.c.obj)
                0x0000000001000a3c                tui_dispatch_event
 .text.tui_button_init
                0x0000000001000b28       0x60 app/libapp.a(tui_widget.c.obj)
                0x0000000001000b28                tui_button_init
 .text.__printk_hook_install
                0x0000000001000b88       0x1c zephyr/libzephyr.a(printk.c.obj)
                0x0000000001000b88                __printk_hook_install
 .text.char_out
                0x0000000001000ba4       0x20 zephyr/libzephyr.a(printk.c.obj)
 .text.vprintk  0x0000000001000bc4       0x80 zephyr/libzephyr.a(printk.c.obj)
                0x0000000001000bc4                vprintk
 .text.z_impl_k_str_out
                0x0000000001000c44       0x3c zephyr/libzephyr.a(printk.c.obj)
                0x0000000001000c44                z_impl_k_str_out
 .text.k_current_get
                0x0000000001000c80       0x18 zephyr/libzephyr.a(thread_entry.c.obj)
 .text.z_thread_entry
                0x0000000001000c98       0x38 zephyr/libzephyr.a(thread_entry.c.obj)
                0x0000000001000c98                z_thread_entry
 .text.mem_attr_get_regions
                0x0000000001000cd0       0x20 zephyr/libzephyr.a(mem_attr.c.obj)
                0x0000000001000cd0                mem_attr_get_regions
 .text.SystemCoreClockUpdate
                0x0000000001000cf0       0xc8 zephyr/libzephyr.a(system_max32657.c.obj)
                0x0000000001000cf0                SystemCoreClockUpdate
 .text.MXC_DelayInit
                0x0000000001000db8       0xfc zephyr/libzephyr.a(mxc_delay.c.obj)
 .text.MXC_DelayAsync
                0x0000000001000eb4       0x58 zephyr/libzephyr.a(mxc_delay.c.obj)
                0x0000000001000eb4                MXC_DelayAsync
 .text.MXC_DelayCheck
                0x0000000001000f0c       0x70 zephyr/libzephyr.a(mxc_delay.c.obj)
                0x0000000001000f0c                MXC_DelayCheck
 .text.MXC_DelayAbort
                0x0000000001000f7c       0x40 zephyr/libzephyr.a(mxc_delay.c.obj)
                0x0000000001000f7c                MXC_DelayAbort
 .text.MXC_SYS_ClockSourceEnable
                0x0000000001000fbc       0xe0 zephyr/libzephyr.a(sys_me30.c.obj)
                0x0000000001000fbc                MXC_SYS_ClockSourceEnable
 .text.MXC_SYS_Clock_Select
                0x000000000100109c      0x1e0 zephyr/libzephyr.a(sys_me30.c.obj)
                0x000000000100109c                MXC_SYS_Clock_Select
 .text.MXC_ICC_Enable
                0x000000000100127c       0x14 zephyr/libzephyr.a(icc_me30.c.obj)
                0x000000000100127c                MXC_ICC_Enable
 .text.MXC_UART_Shutdown
                0x0000000001001290       0x50 zephyr/libzephyr.a(uart_me30.c.obj)
                0x0000000001001290                MXC_UART_Shutdown
 .text.MXC_UART_SetFrequency
                0x00000000010012e0       0x94 zephyr/libzephyr.a(uart_me30.c.obj)
                0x00000000010012e0                MXC_UART_SetFrequency
 .text.MXC_UART_SetClockSource
                0x0000000001001374       0x60 zephyr/libzephyr.a(uart_me30.c.obj)
                0x0000000001001374                MXC_UART_SetClockSource
 .text.MXC_UART_RevB_SetParity
                0x00000000010013d4       0xe4 zephyr/libzephyr.a(uart_revb.c.obj)
                0x00000000010013d4                MXC_UART_RevB_SetParity
 .text.MXC_UART_RevB_SetClockSource
                0x00000000010014b8       0xa8 zephyr/libzephyr.a(uart_revb.c.obj)
                0x00000000010014b8                MXC_UART_RevB_SetClockSource
 .text.MXC_GPIO_Common_Init
                0x0000000001001560       0x60 zephyr/libzephyr.a(gpio_common.c.obj)
                0x0000000001001560                MXC_GPIO_Common_Init
 .text.MXC_GPIO_Common_GetConfigLock
                0x00000000010015c0       0x14 zephyr/libzephyr.a(gpio_common.c.obj)
                0x00000000010015c0                MXC_GPIO_Common_GetConfigLock
 .text.MXC_GPIO_RevA_IntConfig
                0x00000000010015d4      0x124 zephyr/libzephyr.a(gpio_reva.c.obj)
                0x00000000010015d4                MXC_GPIO_RevA_IntConfig
 .text.MXC_GPIO_RevA_SetAF
                0x00000000010016f8      0x118 zephyr/libzephyr.a(gpio_reva.c.obj)
                0x00000000010016f8                MXC_GPIO_RevA_SetAF
 .text.MXC_GPIO_RevA_SetDriveStrength
                0x0000000001001810       0xf8 zephyr/libzephyr.a(gpio_reva.c.obj)
                0x0000000001001810                MXC_GPIO_RevA_SetDriveStrength
 .text.z_SysNmiOnReset
                0x0000000001001908        0x8 zephyr/arch/arch/arm/core/libarch__arm__core.a(nmi_on_reset.S.obj)
                0x0000000001001908                z_SysNmiOnReset
 .text.z_tls_data_size
                0x0000000001001910       0x1c zephyr/arch/arch/arm/core/libarch__arm__core.a(tls.c.obj)
 .text.z_tls_copy
                0x000000000100192c       0x3c zephyr/arch/arch/arm/core/libarch__arm__core.a(tls.c.obj)
 .text._HandlerModeExit
                0x0000000001001968       0x2c zephyr/arch/arch/arm/core/cortex_m/libarch__arm__core__cortex_m.a(exc_exit.c.obj)
                0x0000000001001968                z_arm_int_exit
                0x0000000001001968                z_arm_exc_exit
 .text.mem_manage_fault
                0x0000000001001994       0xf0 zephyr/arch/arch/arm/core/cortex_m/libarch__arm__core__cortex_m.a(fault.c.obj)
 .text.bus_fault
                0x0000000001001a84       0xd0 zephyr/arch/arch/arm/core/cortex_m/libarch__arm__core__cortex_m.a(fault.c.obj)
 .text.usage_fault
                0x0000000001001b54       0xac zephyr/arch/arch/arm/core/cortex_m/libarch__arm__core__cortex_m.a(fault.c.obj)
 .text.secure_fault
                0x0000000001001c00       0xb8 zephyr/arch/arch/arm/core/cortex_m/libarch__arm__core__cortex_m.a(fault.c.obj)
 .text.z_arm_is_synchronous_svc
                0x0000000001001cb8       0x80 zephyr/arch/arch/arm/core/cortex_m/libarch__arm__core__cortex_m.a(fault.c.obj)
 .text.hard_fault
                0x0000000001001d38       0xc0 zephyr/arch/arch/arm/core/cortex_m/libarch__arm__core__cortex_m.a(fault.c.obj)
 .text.fault_handle
                0x0000000001001df8       0xc0 zephyr/arch/arch/arm/core/cortex_m/libarch__arm__core__cortex_m.a(fault.c.obj)
 .text.secure_stack_dump
                0x0000000001001eb8       0x4c zephyr/arch/arch/arm/core/cortex_m/libarch__arm__core__cortex_m.a(fault.c.obj)
 .text.z_arm_fault
                0x0000000001001f04       0xbc zephyr/arch/arch/arm/core/cortex_m/libarch__arm__core__cortex_m.a(fault.c.obj)
                0x0000000001001f04                z_arm_fault
 .text.z_arm_fault_init
                0x0000000001001fc0       0x28 zephyr/arch/arch/arm/core/cortex_m/libarch__arm__core__cortex_m.a(fault.c.obj)
                0x0000000001001fc0                z_arm_fault_init
 .text.__fault  0x0000000001001fe8       0x14 zephyr/arch/arch/arm/core/cortex_m/libarch__arm__core__cortex_m.a(fault_s.S.obj)
                0x0000000001001fe8                z_arm_bus_fault
                0x0000000001001fe8                z_arm_usage_fault
                0x0000000001001fe8                z_arm_mpu_fault
                0x0000000001001fe8                z_arm_exc_spurious
                0x0000000001001fe8                z_arm_debug_monitor
                0x0000000001001fe8                z_arm_hard_fault
                0x0000000001001fe8                z_arm_secure_fault
 .text._reset_section
                0x0000000001001ffc       0x44 zephyr/arch/arch/arm/core/cortex_m/libarch__arm__core__cortex_m.a(reset.S.obj)
                0x0000000001001ffc                __start
                0x0000000001001ffc                z_arm_reset
 .text.z_impl_k_thread_abort
                0x0000000001002040       0x58 zephyr/arch/arch/arm/core/cortex_m/libarch__arm__core__cortex_m.a(thread_abort.c.obj)
                0x0000000001002040                z_impl_k_thread_abort
 .text.z_arm_pendsv
                0x0000000001002098       0x6c zephyr/arch/arch/arm/core/cortex_m/libarch__arm__core__cortex_m.a(swap_helper.S.obj)
                0x0000000001002098                z_arm_pendsv
 .text.z_arm_svc
                0x0000000001002104       0x24 zephyr/arch/arch/arm/core/cortex_m/libarch__arm__core__cortex_m.a(swap_helper.S.obj)
                0x0000000001002104                z_arm_svc
 .text.__NVIC_EnableIRQ
                0x0000000001002128       0x38 zephyr/arch/arch/arm/core/cortex_m/libarch__arm__core__cortex_m.a(irq_manage.c.obj)
 .text.__NVIC_SetPriority
                0x0000000001002160       0x54 zephyr/arch/arch/arm/core/cortex_m/libarch__arm__core__cortex_m.a(irq_manage.c.obj)
 .text.relocate_vector_table
                0x00000000010021b4       0x34 zephyr/arch/arch/arm/core/cortex_m/libarch__arm__core__cortex_m.a(prep_c.c.obj)
 .text.z_arm_floating_point_init
                0x00000000010021e8       0x40 zephyr/arch/arch/arm/core/cortex_m/libarch__arm__core__cortex_m.a(prep_c.c.obj)
 .text.arch_new_thread
                0x0000000001002228       0x64 zephyr/arch/arch/arm/core/cortex_m/libarch__arm__core__cortex_m.a(thread.c.obj)
                0x0000000001002228                arch_new_thread
 .text.arch_switch_to_main_thread
                0x000000000100228c       0x50 zephyr/arch/arch/arm/core/cortex_m/libarch__arm__core__cortex_m.a(thread.c.obj)
                0x000000000100228c                arch_switch_to_main_thread
 .text.z_arm_cpu_idle_init
                0x00000000010022dc       0x18 zephyr/arch/arch/arm/core/cortex_m/libarch__arm__core__cortex_m.a(cpu_idle.c.obj)
                0x00000000010022dc                z_arm_cpu_idle_init
 .text.__NVIC_SetPriority
                0x00000000010022f4       0x54 zephyr/arch/arch/arm/core/cortex_m/libarch__arm__core__cortex_m.a(irq_init.c.obj)
 .text._isr_wrapper
                0x0000000001002348       0x3c zephyr/arch/arch/arm/core/cortex_m/libarch__arm__core__cortex_m.a(isr_wrapper.c.obj)
                0x0000000001002348                _isr_wrapper
 .text.z_arm_configure_static_mpu_regions
                0x0000000001002384       0x4c zephyr/arch/arch/arm/core/mpu/libarch__arm__core__mpu.a(arm_core_mpu.c.obj)
                0x0000000001002384                z_arm_configure_static_mpu_regions
 .text.ARM_MPU_ClrRegion
                0x00000000010023d0       0x1c zephyr/arch/arch/arm/core/mpu/libarch__arm__core__mpu.a(arm_mpu.c.obj)
 .text.mpu_set_mair0
                0x00000000010023ec       0x1c zephyr/arch/arch/arm/core/mpu/libarch__arm__core__mpu.a(arm_mpu.c.obj)
 .text.mpu_set_rnr
                0x0000000001002408       0x1c zephyr/arch/arch/arm/core/mpu/libarch__arm__core__mpu.a(arm_mpu.c.obj)
 .text.mpu_set_rbar
                0x0000000001002424       0x1c zephyr/arch/arch/arm/core/mpu/libarch__arm__core__mpu.a(arm_mpu.c.obj)
 .text.mpu_get_rbar
                0x0000000001002440       0x14 zephyr/arch/arch/arm/core/mpu/libarch__arm__core__mpu.a(arm_mpu.c.obj)
 .text.mpu_set_rlar
                0x0000000001002454       0x1c zephyr/arch/arch/arm/core/mpu/libarch__arm__core__mpu.a(arm_mpu.c.obj)
 .text.mpu_get_rlar
                0x0000000001002470       0x14 zephyr/arch/arch/arm/core/mpu/libarch__arm__core__mpu.a(arm_mpu.c.obj)
 .text.mpu_get_num_regions
                0x0000000001002484       0x28 zephyr/arch/arch/arm/core/mpu/libarch__arm__core__mpu.a(arm_mpu.c.obj)
 .text.mpu_init
                0x00000000010024ac       0x14 zephyr/arch/arch/arm/core/mpu/libarch__arm__core__mpu.a(arm_mpu.c.obj)
 .text.mpu_configure_static_mpu_regions
                0x00000000010024c0       0x3c zephyr/arch/arch/arm/core/mpu/libarch__arm__core__mpu.a(arm_mpu.c.obj)
 .text.mpu_mark_areas_for_dynamic_regions
                0x00000000010024fc       0xec zephyr/arch/arch/arm/core/mpu/libarch__arm__core__mpu.a(arm_mpu.c.obj)
 .text.arm_core_mpu_enable
                0x00000000010025e8       0x2c zephyr/arch/arch/arm/core/mpu/libarch__arm__core__mpu.a(arm_mpu.c.obj)
                0x00000000010025e8                arm_core_mpu_enable
 .text.arm_core_mpu_disable
                0x0000000001002614       0x20 zephyr/arch/arch/arm/core/mpu/libarch__arm__core__mpu.a(arm_mpu.c.obj)
                0x0000000001002614                arm_core_mpu_disable
 .text.z_arm_mpu_init
                0x0000000001002634       0xa4 zephyr/arch/arch/arm/core/mpu/libarch__arm__core__mpu.a(arm_mpu.c.obj)
                0x0000000001002634                z_arm_mpu_init
 .text.z_impl_zephyr_fputc
                0x00000000010026d8       0x20 zephyr/lib/libc/picolibc/liblib__libc__picolibc.a(stdio.c.obj)
                0x00000000010026d8                z_impl_zephyr_fputc
 .text.__stdout_hook_install
                0x00000000010026f8       0x30 zephyr/lib/libc/picolibc/liblib__libc__picolibc.a(stdio.c.obj)
                0x00000000010026f8                __stdout_hook_install
 .text.malloc_prepare
                0x0000000001002728       0x44 zephyr/lib/libc/common/liblib__libc__common.a(malloc.c.obj)
 .text.api_get_rate
                0x000000000100276c       0xa8 zephyr/drivers/clock_control/libdrivers__clock_control.a(clock_control_max32.c.obj)
 .text.console_out
                0x0000000001002814       0x58 zephyr/drivers/console/libdrivers__console.a(uart_console.c.obj)
 .text.uart_console_hook_install
                0x000000000100286c       0x18 zephyr/drivers/console/libdrivers__console.a(uart_console.c.obj)
 .text.uart_console_init
                0x0000000001002884       0x2c zephyr/drivers/console/libdrivers__console.a(uart_console.c.obj)
 .text.pinctrl_configure_pin
                0x00000000010028b0      0x114 zephyr/drivers/pinctrl/libdrivers__pinctrl.a(pinctrl_max32.c.obj)
 .text.api_configure
                0x00000000010029c4      0x130 zephyr/drivers/serial/libdrivers__serial.a(uart_max32.c.obj)
 .text.__NVIC_SetPriority
                0x0000000001002af4       0x54 zephyr/drivers/timer/libdrivers__timer.a(cortex_m_systick.c.obj)
 .text.elapsed  0x0000000001002b48       0x78 zephyr/drivers/timer/libdrivers__timer.a(cortex_m_systick.c.obj)
 .text.sys_clock_isr
                0x0000000001002bc0       0x7c zephyr/drivers/timer/libdrivers__timer.a(cortex_m_systick.c.obj)
                0x0000000001002bc0                sys_clock_isr
 .text.sys_clock_set_timeout
                0x0000000001002c3c      0x1b8 zephyr/drivers/timer/libdrivers__timer.a(cortex_m_systick.c.obj)
                0x0000000001002c3c                sys_clock_set_timeout
 .text.sys_clock_elapsed
                0x0000000001002df4       0x98 zephyr/drivers/timer/libdrivers__timer.a(cortex_m_systick.c.obj)
                0x0000000001002df4                sys_clock_elapsed
 .text.sys_clock_cycle_get_32
                0x0000000001002e8c       0x80 zephyr/drivers/timer/libdrivers__timer.a(cortex_m_systick.c.obj)
                0x0000000001002e8c                sys_clock_cycle_get_32
 .text.sys_clock_driver_init
                0x0000000001002f0c       0x4c zephyr/drivers/timer/libdrivers__timer.a(cortex_m_systick.c.obj)
 .text.z_device_state_init
                0x0000000001002f58       0x3c zephyr/kernel/libkernel.a(device.c.obj)
                0x0000000001002f58                z_device_state_init
 .text.z_fatal_error
                0x0000000001002f94       0xa4 zephyr/kernel/libkernel.a(fatal.c.obj)
                0x0000000001002f94                z_fatal_error
 .text.__NVIC_SetPriority
                0x0000000001003038       0x54 zephyr/kernel/libkernel.a(init.c.obj)
 .text.z_add_thread_timeout
                0x000000000100308c       0x28 zephyr/kernel/libkernel.a(init.c.obj)
 .text.z_init_static_threads
                0x00000000010030b4       0xd4 zephyr/kernel/libkernel.a(init.c.obj)
 .text.z_bss_zero
                0x0000000001003188       0x20 zephyr/kernel/libkernel.a(init.c.obj)
                0x0000000001003188                z_bss_zero
 .text.z_sys_init_run_level
                0x00000000010031a8       0x58 zephyr/kernel/libkernel.a(init.c.obj)
 .text.bg_thread_main
                0x0000000001003200       0x44 zephyr/kernel/libkernel.a(init.c.obj)
 .text.init_idle_thread
                0x0000000001003244       0x84 zephyr/kernel/libkernel.a(init.c.obj)
 .text.z_init_cpu
                0x00000000010032c8       0xb4 zephyr/kernel/libkernel.a(init.c.obj)
                0x00000000010032c8                z_init_cpu
 .text.prepare_multithreading
                0x000000000100337c       0x68 zephyr/kernel/libkernel.a(init.c.obj)
 .text.switch_to_main_thread
                0x00000000010033e4       0x1c zephyr/kernel/libkernel.a(init.c.obj)
 .text.z_cstart
                0x0000000001003400       0xf0 zephyr/kernel/libkernel.a(init.c.obj)
                0x0000000001003400                z_cstart
 .text.z_setup_new_thread
                0x00000000010034f0      0x13c zephyr/kernel/libkernel.a(thread.c.obj)
                0x00000000010034f0                z_setup_new_thread
 .text.z_thread_mark_switched_in
                0x000000000100362c       0x18 zephyr/kernel/libkernel.a(thread.c.obj)
                0x000000000100362c                z_thread_mark_switched_in
 .text.z_dummy_thread_init
                0x0000000001003644       0x40 zephyr/kernel/libkernel.a(thread.c.obj)
                0x0000000001003644                z_dummy_thread_init
 .text.z_add_thread_timeout
                0x0000000001003684       0x28 zephyr/kernel/libkernel.a(sched.c.obj)
 .text.z_sched_lock
                0x00000000010036ac       0x1c zephyr/kernel/libkernel.a(sched.c.obj)
 .text.z_swap_irqlock
                0x00000000010036c8       0x64 zephyr/kernel/libkernel.a(sched.c.obj)
 .text.move_thread_to_end_of_prio_q
                0x000000000100372c      0x1dc zephyr/kernel/libkernel.a(sched.c.obj)
                0x000000000100372c                move_thread_to_end_of_prio_q
 .text.ready_thread
                0x0000000001003908      0x1b0 zephyr/kernel/libkernel.a(sched.c.obj)
 .text.z_ready_thread
                0x0000000001003ab8       0x90 zephyr/kernel/libkernel.a(sched.c.obj)
                0x0000000001003ab8                z_ready_thread
 .text.thread_halt_spin
                0x0000000001003b48      0x258 zephyr/kernel/libkernel.a(sched.c.obj)
 .text.unready_thread
                0x0000000001003da0      0x120 zephyr/kernel/libkernel.a(sched.c.obj)
 .text.z_sched_wake_thread
                0x0000000001003ec0       0xbc zephyr/kernel/libkernel.a(sched.c.obj)
                0x0000000001003ec0                z_sched_wake_thread
 .text.need_swap
                0x0000000001003f7c       0x2c zephyr/kernel/libkernel.a(sched.c.obj)
 .text.k_sched_lock
                0x0000000001003fa8       0x80 zephyr/kernel/libkernel.a(sched.c.obj)
                0x0000000001003fa8                k_sched_lock
 .text.k_sched_unlock
                0x0000000001004028      0x14c zephyr/kernel/libkernel.a(sched.c.obj)
                0x0000000001004028                k_sched_unlock
 .text.z_sched_init
                0x0000000001004174       0x14 zephyr/kernel/libkernel.a(sched.c.obj)
                0x0000000001004174                z_sched_init
 .text.z_impl_k_yield
                0x0000000001004188      0x19c zephyr/kernel/libkernel.a(sched.c.obj)
                0x0000000001004188                z_impl_k_yield
 .text.z_tick_sleep
                0x0000000001004324      0x10c zephyr/kernel/libkernel.a(sched.c.obj)
 .text.z_impl_k_wakeup
                0x0000000001004430       0x94 zephyr/kernel/libkernel.a(sched.c.obj)
                0x0000000001004430                z_impl_k_wakeup
 .text.z_impl_k_sched_current_thread_query
                0x00000000010044c4       0x14 zephyr/kernel/libkernel.a(sched.c.obj)
                0x00000000010044c4                z_impl_k_sched_current_thread_query
 .text.z_thread_abort
                0x00000000010044d8      0x474 zephyr/kernel/libkernel.a(sched.c.obj)
                0x00000000010044d8                z_thread_abort
 .text.z_is_idle_thread_object
                0x000000000100494c       0x24 zephyr/kernel/libkernel.a(timeslicing.c.obj)
 .text.slice_time
                0x0000000001004970       0x20 zephyr/kernel/libkernel.a(timeslicing.c.obj)
 .text.thread_is_sliceable
                0x0000000001004990       0x84 zephyr/kernel/libkernel.a(timeslicing.c.obj)
                0x0000000001004990                thread_is_sliceable
 .text.slice_timeout
                0x0000000001004a14       0x38 zephyr/kernel/libkernel.a(timeslicing.c.obj)
 .text.z_reset_time_slice
                0x0000000001004a4c       0x80 zephyr/kernel/libkernel.a(timeslicing.c.obj)
                0x0000000001004a4c                z_reset_time_slice
 .text.z_time_slice
                0x0000000001004acc       0xe8 zephyr/kernel/libkernel.a(timeslicing.c.obj)
                0x0000000001004acc                z_time_slice
 .text.z_thread_monitor_exit
                0x0000000001004bb4       0xbc zephyr/kernel/libkernel.a(thread_monitor.c.obj)
                0x0000000001004bb4                z_thread_monitor_exit
 .text.z_data_copy
                0x0000000001004c70       0x40 zephyr/kernel/libkernel.a(xip.c.obj)
                0x0000000001004c70                z_data_copy
 .text.first    0x0000000001004cb0       0x1c zephyr/kernel/libkernel.a(timeout.c.obj)
 .text.next     0x0000000001004ccc       0x24 zephyr/kernel/libkernel.a(timeout.c.obj)
 .text.elapsed  0x0000000001004cf0       0x20 zephyr/kernel/libkernel.a(timeout.c.obj)
 .text.z_add_timeout
                0x0000000001004d10      0x1f0 zephyr/kernel/libkernel.a(timeout.c.obj)
                0x0000000001004d10                z_add_timeout
 .text.z_abort_timeout
                0x0000000001004f00       0xc4 zephyr/kernel/libkernel.a(timeout.c.obj)
                0x0000000001004f00                z_abort_timeout
 .text.sys_clock_announce
                0x0000000001004fc4      0x1e8 zephyr/kernel/libkernel.a(timeout.c.obj)
                0x0000000001004fc4                sys_clock_announce
 .text.sys_clock_tick_get
                0x00000000010051ac       0xb0 zephyr/kernel/libkernel.a(timeout.c.obj)
                0x00000000010051ac                sys_clock_tick_get
 .text.z_sched_usage_start
                0x000000000100525c       0x20 zephyr/kernel/libkernel.a(usage.c.obj)
                0x000000000100525c                z_sched_usage_start
 .text.z_sched_usage_stop
                0x000000000100527c       0xb0 zephyr/kernel/libkernel.a(usage.c.obj)
                0x000000000100527c                z_sched_usage_stop
 .text.boot_banner
                0x000000000100532c       0x14 zephyr/kernel/libkernel.a(banner.c.obj)
                0x000000000100532c                boot_banner
 .text.snprintf
                0x0000000001005340       0x58 c:\analog\cfs\1.1.0\tools\zephyr-sdk\arm-zephyr-eabi\bin\../lib/gcc/../../picolibc/arm-zephyr-eabi/lib/thumb/v8-m.main/nofp\libc.a(libc_tinystdio_snprintf.c.o)
                0x0000000001005340                snprintf
 .text.__l_vfprintf
                0x0000000001005398      0x4b4 c:\analog\cfs\1.1.0\tools\zephyr-sdk\arm-zephyr-eabi\bin\../lib/gcc/../../picolibc/arm-zephyr-eabi/lib/thumb/v8-m.main/nofp\libc.a(libc_tinystdio_vflprintf.c.o)
                0x0000000001005398                __l_vfprintf
 .text.vsnprintf
                0x000000000100584c       0x50 c:\analog\cfs\1.1.0\tools\zephyr-sdk\arm-zephyr-eabi\bin\../lib/gcc/../../picolibc/arm-zephyr-eabi/lib/thumb/v8-m.main/nofp\libc.a(libc_tinystdio_vsnprintf.c.o)
                0x000000000100584c                vsnprintf
 .text._OffsetAbsSyms
                0x000000000100589c        0xc zephyr/CMakeFiles/offsets.dir/./arch/arm/core/offsets/offsets.c.obj
                0x000000000100589c                _OffsetAbsSyms
 .text.device_is_ready
                0x00000000010058a8       0x18 app/libapp.a(main.c.obj)
 .text.k_msleep
                0x00000000010058c0       0x58 app/libapp.a(main.c.obj)
 .text.k_sleep  0x0000000001005918       0x1c app/libapp.a(main.c.obj)
 .text.gpio_is_ready_dt
                0x0000000001005934       0x1c app/libapp.a(main.c.obj)
 .text.z_impl_gpio_pin_configure
                0x0000000001005950       0x98 app/libapp.a(main.c.obj)
 .text.gpio_pin_configure_dt
                0x00000000010059e8       0x2c app/libapp.a(main.c.obj)
 .text.gpio_pin_configure
                0x0000000001005a14       0x24 app/libapp.a(main.c.obj)
 .text.tui_puts
                0x0000000001005a38       0x26 app/libapp.a(tui.c.obj)
                0x0000000001005a38                tui_puts
 .text.tui_printf
                0x0000000001005a5e       0x52 app/libapp.a(tui.c.obj)
                0x0000000001005a5e                tui_printf
 .text.uart_fifo_read
                0x0000000001005ab0       0x36 app/libapp.a(tui_uart_input.c.obj)
 .text.z_impl_uart_irq_rx_enable
                0x0000000001005ae6       0x26 app/libapp.a(tui_uart_input.c.obj)
 .text.uart_irq_rx_ready
                0x0000000001005b0c       0x2e app/libapp.a(tui_uart_input.c.obj)
 .text.z_impl_uart_irq_is_pending
                0x0000000001005b3a       0x2e app/libapp.a(tui_uart_input.c.obj)
 .text.z_impl_uart_irq_update
                0x0000000001005b68       0x2e app/libapp.a(tui_uart_input.c.obj)
 .text.uart_irq_callback_user_data_set
                0x0000000001005b96       0x3c app/libapp.a(tui_uart_input.c.obj)
 .text.uart_irq_rx_enable
                0x0000000001005bd2       0x16 app/libapp.a(tui_uart_input.c.obj)
 .text.uart_irq_is_pending
                0x0000000001005be8       0x18 app/libapp.a(tui_uart_input.c.obj)
 .text.uart_irq_update
                0x0000000001005c00       0x18 app/libapp.a(tui_uart_input.c.obj)
 .text.uart_cb  0x0000000001005c18       0x56 app/libapp.a(tui_uart_input.c.obj)
 .text.button_draw
                0x0000000001005c6e       0x8e app/libapp.a(tui_widget.c.obj)
 .text.button_event
                0x0000000001005cfc       0x96 app/libapp.a(tui_widget.c.obj)
 .text.big_heap_chunks
                0x0000000001005d92       0x14 zephyr/libzephyr.a(heap.c.obj)
 .text.big_heap_bytes
                0x0000000001005da6       0x1c zephyr/libzephyr.a(heap.c.obj)
 .text.big_heap
                0x0000000001005dc2       0x1c zephyr/libzephyr.a(heap.c.obj)
 .text.chunk_buf
                0x0000000001005dde       0x14 zephyr/libzephyr.a(heap.c.obj)
 .text.chunk_field
                0x0000000001005df2       0x4a zephyr/libzephyr.a(heap.c.obj)
 .text.chunk_set
                0x0000000001005e3c       0x52 zephyr/libzephyr.a(heap.c.obj)
 .text.chunk_size
                0x0000000001005e8e       0x20 zephyr/libzephyr.a(heap.c.obj)
 .text.set_chunk_used
                0x0000000001005eae       0x8a zephyr/libzephyr.a(heap.c.obj)
 .text.set_chunk_size
                0x0000000001005f38       0x22 zephyr/libzephyr.a(heap.c.obj)
 .text.prev_free_chunk
                0x0000000001005f5a       0x1e zephyr/libzephyr.a(heap.c.obj)
 .text.set_prev_free_chunk
                0x0000000001005f78       0x20 zephyr/libzephyr.a(heap.c.obj)
 .text.set_next_free_chunk
                0x0000000001005f98       0x20 zephyr/libzephyr.a(heap.c.obj)
 .text.set_left_chunk_size
                0x0000000001005fb8       0x20 zephyr/libzephyr.a(heap.c.obj)
 .text.solo_free_header
                0x0000000001005fd8       0x38 zephyr/libzephyr.a(heap.c.obj)
 .text.chunk_header_bytes
                0x0000000001006010       0x22 zephyr/libzephyr.a(heap.c.obj)
 .text.heap_footer_bytes
                0x0000000001006032       0x22 zephyr/libzephyr.a(heap.c.obj)
 .text.chunksz  0x0000000001006054       0x18 zephyr/libzephyr.a(heap.c.obj)
 .text.bytes_to_chunksz
                0x000000000100606c       0x26 zephyr/libzephyr.a(heap.c.obj)
 .text.min_chunk_size
                0x0000000001006092       0x1a zephyr/libzephyr.a(heap.c.obj)
 .text.bucket_idx
                0x00000000010060ac       0x2c zephyr/libzephyr.a(heap.c.obj)
 .text.free_list_add_bidx
                0x00000000010060d8       0x8e zephyr/libzephyr.a(heap.c.obj)
 .text.free_list_add
                0x0000000001006166       0x44 zephyr/libzephyr.a(heap.c.obj)
 .text.sys_heap_init
                0x00000000010061aa       0xf8 zephyr/libzephyr.a(heap.c.obj)
                0x00000000010061aa                sys_heap_init
 .text.k_is_user_context
                0x00000000010062a2        0xe zephyr/libzephyr.a(printk.c.obj)
 .text.k_str_out
                0x00000000010062b0       0x1a zephyr/libzephyr.a(printk.c.obj)
 .text.arch_printk_char_out
                0x00000000010062ca       0x14 zephyr/libzephyr.a(printk.c.obj)
                0x00000000010062ca                arch_printk_char_out
 .text.buf_flush
                0x00000000010062de       0x28 zephyr/libzephyr.a(printk.c.obj)
 .text.buf_char_out
                0x0000000001006306       0x40 zephyr/libzephyr.a(printk.c.obj)
 .text.printk   0x0000000001006346       0x24 zephyr/libzephyr.a(printk.c.obj)
                0x0000000001006346                printk
 .text.k_sched_current_thread_query
                0x000000000100636a        0xe zephyr/libzephyr.a(thread_entry.c.obj)
 .text.k_thread_abort
                0x0000000001006378       0x16 zephyr/libzephyr.a(thread_entry.c.obj)
 .text._ConfigAbsSyms
                0x000000000100638e        0xc zephyr/libzephyr.a(configs.c.obj)
                0x000000000100638e                _ConfigAbsSyms
 .text.z_arm_on_enter_cpu_idle
                0x000000000100639a        0xe zephyr/libzephyr.a(soc.c.obj)
                0x000000000100639a                z_arm_on_enter_cpu_idle
 .text.soc_early_init_hook
                0x00000000010063a8        0xc zephyr/libzephyr.a(soc.c.obj)
                0x00000000010063a8                soc_early_init_hook
 .text.max32xx_system_init
                0x00000000010063b4        0xc zephyr/libzephyr.a(max32xxx_system.c.obj)
                0x00000000010063b4                max32xx_system_init
 .text.MXC_SYS_ClockDisable
                0x00000000010063c0       0x52 zephyr/libzephyr.a(sys_me30.c.obj)
                0x00000000010063c0                MXC_SYS_ClockDisable
 .text.MXC_SYS_ClockEnable
                0x0000000001006412       0x56 zephyr/libzephyr.a(sys_me30.c.obj)
                0x0000000001006412                MXC_SYS_ClockEnable
 .text.MXC_SYS_Clock_Timeout
                0x0000000001006468       0x40 zephyr/libzephyr.a(sys_me30.c.obj)
                0x0000000001006468                MXC_SYS_Clock_Timeout
 .text.MXC_SYS_SetClockDiv
                0x00000000010064a8       0x3e zephyr/libzephyr.a(sys_me30.c.obj)
                0x00000000010064a8                MXC_SYS_SetClockDiv
 .text.MXC_SYS_GetClockDiv
                0x00000000010064e6       0x1a zephyr/libzephyr.a(sys_me30.c.obj)
                0x00000000010064e6                MXC_SYS_GetClockDiv
 .text.MXC_SYS_Reset_Periph
                0x0000000001006500       0x64 zephyr/libzephyr.a(sys_me30.c.obj)
                0x0000000001006500                MXC_SYS_Reset_Periph
 .text.MXC_ICC_Ready
                0x0000000001006564       0x1c zephyr/libzephyr.a(icc_reva.c.obj)
 .text.MXC_ICC_RevA_Enable
                0x0000000001006580       0x56 zephyr/libzephyr.a(icc_reva.c.obj)
                0x0000000001006580                MXC_ICC_RevA_Enable
 .text.MXC_UART_Common_WriteCharacter
                0x00000000010065d6       0x2e zephyr/libzephyr.a(uart_common.c.obj)
                0x00000000010065d6                MXC_UART_Common_WriteCharacter
 .text.MXC_UART_SetDataSize
                0x0000000001006604       0x1c zephyr/libzephyr.a(uart_me30.c.obj)
                0x0000000001006604                MXC_UART_SetDataSize
 .text.MXC_UART_SetStopBits
                0x0000000001006620       0x20 zephyr/libzephyr.a(uart_me30.c.obj)
                0x0000000001006620                MXC_UART_SetStopBits
 .text.MXC_UART_SetParity
                0x0000000001006640       0x20 zephyr/libzephyr.a(uart_me30.c.obj)
                0x0000000001006640                MXC_UART_SetParity
 .text.MXC_UART_GetActive
                0x0000000001006660       0x18 zephyr/libzephyr.a(uart_me30.c.obj)
                0x0000000001006660                MXC_UART_GetActive
 .text.MXC_UART_ReadCharacterRaw
                0x0000000001006678       0x18 zephyr/libzephyr.a(uart_me30.c.obj)
                0x0000000001006678                MXC_UART_ReadCharacterRaw
 .text.MXC_UART_WriteCharacterRaw
                0x0000000001006690       0x20 zephyr/libzephyr.a(uart_me30.c.obj)
                0x0000000001006690                MXC_UART_WriteCharacterRaw
 .text.MXC_UART_WriteCharacter
                0x00000000010066b0       0x20 zephyr/libzephyr.a(uart_me30.c.obj)
                0x00000000010066b0                MXC_UART_WriteCharacter
 .text.MXC_UART_ReadRXFIFO
                0x00000000010066d0       0x20 zephyr/libzephyr.a(uart_me30.c.obj)
                0x00000000010066d0                MXC_UART_ReadRXFIFO
 .text.MXC_UART_WriteTXFIFO
                0x00000000010066f0       0x20 zephyr/libzephyr.a(uart_me30.c.obj)
                0x00000000010066f0                MXC_UART_WriteTXFIFO
 .text.MXC_UART_GetTXFIFOAvailable
                0x0000000001006710       0x18 zephyr/libzephyr.a(uart_me30.c.obj)
                0x0000000001006710                MXC_UART_GetTXFIFOAvailable
 .text.MXC_UART_SetRXThreshold
                0x0000000001006728       0x1c zephyr/libzephyr.a(uart_me30.c.obj)
                0x0000000001006728                MXC_UART_SetRXThreshold
 .text.MXC_UART_GetFlags
                0x0000000001006744       0x18 zephyr/libzephyr.a(uart_me30.c.obj)
                0x0000000001006744                MXC_UART_GetFlags
 .text.MXC_UART_ClearFlags
                0x000000000100675c       0x1c zephyr/libzephyr.a(uart_me30.c.obj)
                0x000000000100675c                MXC_UART_ClearFlags
 .text.MXC_UART_EnableInt
                0x0000000001006778       0x1c zephyr/libzephyr.a(uart_me30.c.obj)
                0x0000000001006778                MXC_UART_EnableInt
 .text.MXC_UART_DisableInt
                0x0000000001006794       0x1c zephyr/libzephyr.a(uart_me30.c.obj)
                0x0000000001006794                MXC_UART_DisableInt
 .text.MXC_UART_GetStatus
                0x00000000010067b0       0x18 zephyr/libzephyr.a(uart_me30.c.obj)
                0x00000000010067b0                MXC_UART_GetStatus
 .text.MXC_UART_RevB_SetFrequency
                0x00000000010067c8       0x58 zephyr/libzephyr.a(uart_revb.c.obj)
                0x00000000010067c8                MXC_UART_RevB_SetFrequency
 .text.MXC_UART_RevB_SetDataSize
                0x0000000001006820       0x44 zephyr/libzephyr.a(uart_revb.c.obj)
                0x0000000001006820                MXC_UART_RevB_SetDataSize
 .text.MXC_UART_RevB_SetStopBits
                0x0000000001006864       0x46 zephyr/libzephyr.a(uart_revb.c.obj)
                0x0000000001006864                MXC_UART_RevB_SetStopBits
 .text.MXC_UART_RevB_GetActive
                0x00000000010068aa       0x26 zephyr/libzephyr.a(uart_revb.c.obj)
                0x00000000010068aa                MXC_UART_RevB_GetActive
 .text.MXC_UART_RevB_ReadCharacterRaw
                0x00000000010068d0       0x28 zephyr/libzephyr.a(uart_revb.c.obj)
                0x00000000010068d0                MXC_UART_RevB_ReadCharacterRaw
 .text.MXC_UART_RevB_WriteCharacterRaw
                0x00000000010068f8       0x30 zephyr/libzephyr.a(uart_revb.c.obj)
                0x00000000010068f8                MXC_UART_RevB_WriteCharacterRaw
 .text.MXC_UART_RevB_ReadRXFIFO
                0x0000000001006928       0x4a zephyr/libzephyr.a(uart_revb.c.obj)
                0x0000000001006928                MXC_UART_RevB_ReadRXFIFO
 .text.MXC_UART_RevB_WriteTXFIFO
                0x0000000001006972       0x4a zephyr/libzephyr.a(uart_revb.c.obj)
                0x0000000001006972                MXC_UART_RevB_WriteTXFIFO
 .text.MXC_UART_RevB_GetTXFIFOAvailable
                0x00000000010069bc       0x24 zephyr/libzephyr.a(uart_revb.c.obj)
                0x00000000010069bc                MXC_UART_RevB_GetTXFIFOAvailable
 .text.MXC_UART_RevB_SetRXThreshold
                0x00000000010069e0       0x3c zephyr/libzephyr.a(uart_revb.c.obj)
                0x00000000010069e0                MXC_UART_RevB_SetRXThreshold
 .text.MXC_UART_RevB_GetFlags
                0x0000000001006a1c       0x16 zephyr/libzephyr.a(uart_revb.c.obj)
                0x0000000001006a1c                MXC_UART_RevB_GetFlags
 .text.MXC_UART_RevB_ClearFlags
                0x0000000001006a32       0x1c zephyr/libzephyr.a(uart_revb.c.obj)
                0x0000000001006a32                MXC_UART_RevB_ClearFlags
 .text.MXC_UART_RevB_EnableInt
                0x0000000001006a4e       0x22 zephyr/libzephyr.a(uart_revb.c.obj)
                0x0000000001006a4e                MXC_UART_RevB_EnableInt
 .text.MXC_UART_RevB_DisableInt
                0x0000000001006a70       0x24 zephyr/libzephyr.a(uart_revb.c.obj)
                0x0000000001006a70                MXC_UART_RevB_DisableInt
 .text.MXC_UART_RevB_GetStatus
                0x0000000001006a94       0x16 zephyr/libzephyr.a(uart_revb.c.obj)
                0x0000000001006a94                MXC_UART_RevB_GetStatus
 .text.MXC_GPIO_Init
                0x0000000001006aaa       0x28 zephyr/libzephyr.a(gpio_me30.c.obj)
                0x0000000001006aaa                MXC_GPIO_Init
 .text.MXC_GPIO_Config
                0x0000000001006ad2       0xe4 zephyr/libzephyr.a(gpio_me30.c.obj)
                0x0000000001006ad2                MXC_GPIO_Config
 .text.MXC_GPIO_InGet
                0x0000000001006bb6       0x1c zephyr/libzephyr.a(gpio_me30.c.obj)
                0x0000000001006bb6                MXC_GPIO_InGet
 .text.MXC_GPIO_OutSet
                0x0000000001006bd2       0x1a zephyr/libzephyr.a(gpio_me30.c.obj)
                0x0000000001006bd2                MXC_GPIO_OutSet
 .text.MXC_GPIO_OutClr
                0x0000000001006bec       0x1a zephyr/libzephyr.a(gpio_me30.c.obj)
                0x0000000001006bec                MXC_GPIO_OutClr
 .text.MXC_GPIO_OutPut
                0x0000000001006c06       0x1e zephyr/libzephyr.a(gpio_me30.c.obj)
                0x0000000001006c06                MXC_GPIO_OutPut
 .text.MXC_GPIO_OutToggle
                0x0000000001006c24       0x1a zephyr/libzephyr.a(gpio_me30.c.obj)
                0x0000000001006c24                MXC_GPIO_OutToggle
 .text.MXC_GPIO_IntConfig
                0x0000000001006c3e       0x20 zephyr/libzephyr.a(gpio_me30.c.obj)
                0x0000000001006c3e                MXC_GPIO_IntConfig
 .text.MXC_GPIO_EnableInt
                0x0000000001006c5e       0x1a zephyr/libzephyr.a(gpio_me30.c.obj)
                0x0000000001006c5e                MXC_GPIO_EnableInt
 .text.MXC_GPIO_DisableInt
                0x0000000001006c78       0x1a zephyr/libzephyr.a(gpio_me30.c.obj)
                0x0000000001006c78                MXC_GPIO_DisableInt
 .text.MXC_GPIO_ClearFlags
                0x0000000001006c92       0x1a zephyr/libzephyr.a(gpio_me30.c.obj)
                0x0000000001006c92                MXC_GPIO_ClearFlags
 .text.MXC_GPIO_GetFlags
                0x0000000001006cac       0x18 zephyr/libzephyr.a(gpio_me30.c.obj)
                0x0000000001006cac                MXC_GPIO_GetFlags
 .text.MXC_GPIO_SetDriveStrength
                0x0000000001006cc4       0x24 zephyr/libzephyr.a(gpio_me30.c.obj)
                0x0000000001006cc4                MXC_GPIO_SetDriveStrength
 .text.MXC_GPIO_GetConfigLock
                0x0000000001006ce8        0xe zephyr/libzephyr.a(gpio_me30.c.obj)
                0x0000000001006ce8                MXC_GPIO_GetConfigLock
 .text.MXC_GPIO_RevA_InGet
                0x0000000001006cf6       0x1c zephyr/libzephyr.a(gpio_reva.c.obj)
                0x0000000001006cf6                MXC_GPIO_RevA_InGet
 .text.MXC_GPIO_RevA_OutSet
                0x0000000001006d12       0x1a zephyr/libzephyr.a(gpio_reva.c.obj)
                0x0000000001006d12                MXC_GPIO_RevA_OutSet
 .text.MXC_GPIO_RevA_OutClr
                0x0000000001006d2c       0x1a zephyr/libzephyr.a(gpio_reva.c.obj)
                0x0000000001006d2c                MXC_GPIO_RevA_OutClr
 .text.MXC_GPIO_RevA_OutPut
                0x0000000001006d46       0x2c zephyr/libzephyr.a(gpio_reva.c.obj)
                0x0000000001006d46                MXC_GPIO_RevA_OutPut
 .text.MXC_GPIO_RevA_OutToggle
                0x0000000001006d72       0x20 zephyr/libzephyr.a(gpio_reva.c.obj)
                0x0000000001006d72                MXC_GPIO_RevA_OutToggle
 .text.MXC_GPIO_RevA_EnableInt
                0x0000000001006d92       0x1a zephyr/libzephyr.a(gpio_reva.c.obj)
                0x0000000001006d92                MXC_GPIO_RevA_EnableInt
 .text.MXC_GPIO_RevA_DisableInt
                0x0000000001006dac       0x1a zephyr/libzephyr.a(gpio_reva.c.obj)
                0x0000000001006dac                MXC_GPIO_RevA_DisableInt
 .text.MXC_GPIO_RevA_ClearFlags
                0x0000000001006dc6       0x1a zephyr/libzephyr.a(gpio_reva.c.obj)
                0x0000000001006dc6                MXC_GPIO_RevA_ClearFlags
 .text.MXC_GPIO_RevA_GetFlags
                0x0000000001006de0       0x16 zephyr/libzephyr.a(gpio_reva.c.obj)
                0x0000000001006de0                MXC_GPIO_RevA_GetFlags
 .text.esf_dump
                0x0000000001006df6       0x1a zephyr/arch/arch/arm/core/libarch__arm__core.a(fatal.c.obj)
 .text.z_arm_fatal_error
                0x0000000001006e10       0x3a zephyr/arch/arch/arm/core/libarch__arm__core.a(fatal.c.obj)
                0x0000000001006e10                z_arm_fatal_error
 .text.z_do_kernel_oops
                0x0000000001006e4a       0x2c zephyr/arch/arch/arm/core/libarch__arm__core.a(fatal.c.obj)
                0x0000000001006e4a                z_do_kernel_oops
 .text.z_arm_nmi
                0x0000000001006e76       0x10 zephyr/arch/arch/arm/core/libarch__arm__core.a(nmi.c.obj)
                0x0000000001006e76                z_arm_nmi
 .text.arch_tls_stack_setup
                0x0000000001006e86       0x3c zephyr/arch/arch/arm/core/libarch__arm__core.a(tls.c.obj)
                0x0000000001006e86                arch_tls_stack_setup
 .text.fault_show
                0x0000000001006ec2       0x14 zephyr/arch/arch/arm/core/cortex_m/libarch__arm__core__cortex_m.a(fault.c.obj)
 .text.memory_fault_recoverable
                0x0000000001006ed6       0x18 zephyr/arch/arch/arm/core/cortex_m/libarch__arm__core__cortex_m.a(fault.c.obj)
 .text.debug_monitor
                0x0000000001006eee       0x1c zephyr/arch/arch/arm/core/cortex_m/libarch__arm__core__cortex_m.a(fault.c.obj)
 .text.reserved_exception
                0x0000000001006f0a       0x16 zephyr/arch/arch/arm/core/cortex_m/libarch__arm__core__cortex_m.a(fault.c.obj)
 .text.get_esf  0x0000000001006f20       0xbe zephyr/arch/arch/arm/core/cortex_m/libarch__arm__core__cortex_m.a(fault.c.obj)
 .text.arch_irq_enable
                0x0000000001006fde       0x1a zephyr/arch/arch/arm/core/cortex_m/libarch__arm__core__cortex_m.a(irq_manage.c.obj)
                0x0000000001006fde                arch_irq_enable
 .text.z_arm_irq_priority_set
                0x0000000001006ff8       0x26 zephyr/arch/arch/arm/core/cortex_m/libarch__arm__core__cortex_m.a(irq_manage.c.obj)
                0x0000000001006ff8                z_arm_irq_priority_set
 .text.z_irq_spurious
                0x000000000100701e       0x18 zephyr/arch/arch/arm/core/cortex_m/libarch__arm__core__cortex_m.a(irq_manage.c.obj)
                0x000000000100701e                z_irq_spurious
 .text.z_prep_c
                0x0000000001007036       0x1c zephyr/arch/arch/arm/core/cortex_m/libarch__arm__core__cortex_m.a(prep_c.c.obj)
                0x0000000001007036                z_prep_c
 .text.z_arm_prepare_switch_to_main
                0x0000000001007052        0xc zephyr/arch/arch/arm/core/cortex_m/libarch__arm__core__cortex_m.a(thread.c.obj)
 .text.arch_irq_unlock_outlined
                0x000000000100705e       0x32 zephyr/arch/arch/arm/core/cortex_m/libarch__arm__core__cortex_m.a(thread.c.obj)
                0x000000000100705e                arch_irq_unlock_outlined
 .text.arch_cpu_idle
                0x0000000001007090       0x40 zephyr/arch/arch/arm/core/cortex_m/libarch__arm__core__cortex_m.a(cpu_idle.c.obj)
                0x0000000001007090                arch_cpu_idle
 .text.z_arm_interrupt_init
                0x00000000010070d0       0x2e zephyr/arch/arch/arm/core/cortex_m/libarch__arm__core__cortex_m.a(irq_init.c.obj)
                0x00000000010070d0                z_arm_interrupt_init
 .text.arm_cmse_mpu_region_get
                0x00000000010070fe       0x36 zephyr/arch/arch/arm/core/cortex_m/cmse/libarch__arm__core__cortex_m__cmse.a(arm_core_cmse.c.obj)
                0x00000000010070fe                arm_cmse_mpu_region_get
 .text.ARM_MPU_ClrRegionEx
                0x0000000001007134       0x20 zephyr/arch/arch/arm/core/mpu/libarch__arm__core__mpu.a(arm_mpu.c.obj)
 .text.mpu_clear_region
                0x0000000001007154       0x16 zephyr/arch/arch/arm/core/mpu/libarch__arm__core__mpu.a(arm_mpu.c.obj)
 .text.mpu_set_region
                0x000000000100716a       0x26 zephyr/arch/arch/arm/core/mpu/libarch__arm__core__mpu.a(arm_mpu.c.obj)
 .text.region_init
                0x0000000001007190       0x50 zephyr/arch/arch/arm/core/mpu/libarch__arm__core__mpu.a(arm_mpu.c.obj)
 .text.mpu_partition_is_valid
                0x00000000010071e0       0x40 zephyr/arch/arch/arm/core/mpu/libarch__arm__core__mpu.a(arm_mpu.c.obj)
 .text.get_region_index
                0x0000000001007220       0x3e zephyr/arch/arch/arm/core/mpu/libarch__arm__core__mpu.a(arm_mpu.c.obj)
 .text.mpu_region_get_base
                0x000000000100725e       0x20 zephyr/arch/arch/arm/core/mpu/libarch__arm__core__mpu.a(arm_mpu.c.obj)
 .text.mpu_region_set_base
                0x000000000100727e       0x30 zephyr/arch/arch/arm/core/mpu/libarch__arm__core__mpu.a(arm_mpu.c.obj)
 .text.mpu_region_get_last_addr
                0x00000000010072ae       0x20 zephyr/arch/arch/arm/core/mpu/libarch__arm__core__mpu.a(arm_mpu.c.obj)
 .text.mpu_region_set_limit
                0x00000000010072ce       0x30 zephyr/arch/arch/arm/core/mpu/libarch__arm__core__mpu.a(arm_mpu.c.obj)
 .text.mpu_region_get_access_attr
                0x00000000010072fe       0x46 zephyr/arch/arch/arm/core/mpu/libarch__arm__core__mpu.a(arm_mpu.c.obj)
 .text.mpu_region_get_conf
                0x0000000001007344       0x40 zephyr/arch/arch/arm/core/mpu/libarch__arm__core__mpu.a(arm_mpu.c.obj)
 .text.get_region_attr_from_mpu_partition_info
                0x0000000001007384       0x54 zephyr/arch/arch/arm/core/mpu/libarch__arm__core__mpu.a(arm_mpu.c.obj)
 .text.mpu_configure_regions_and_partition
                0x00000000010073d8      0x2ec zephyr/arch/arch/arm/core/mpu/libarch__arm__core__mpu.a(arm_mpu.c.obj)
 .text.get_num_regions
                0x00000000010076c4        0xe zephyr/arch/arch/arm/core/mpu/libarch__arm__core__mpu.a(arm_mpu.c.obj)
 .text.region_allocate_and_init
                0x00000000010076d2       0x38 zephyr/arch/arch/arm/core/mpu/libarch__arm__core__mpu.a(arm_mpu.c.obj)
 .text.mpu_configure_regions_from_dt
                0x000000000100770a      0x18c zephyr/arch/arch/arm/core/mpu/libarch__arm__core__mpu.a(arm_mpu.c.obj)
 .text.mpu_configure_region
                0x0000000001007896       0x48 zephyr/arch/arch/arm/core/mpu/libarch__arm__core__mpu.a(arm_mpu.c.obj)
 .text.arm_core_mpu_configure_static_mpu_regions
                0x00000000010078de       0x24 zephyr/arch/arch/arm/core/mpu/libarch__arm__core__mpu.a(arm_mpu.c.obj)
                0x00000000010078de                arm_core_mpu_configure_static_mpu_regions
 .text.arm_core_mpu_mark_areas_for_dynamic_regions
                0x0000000001007902       0x1e zephyr/arch/arch/arm/core/mpu/libarch__arm__core__mpu.a(arm_mpu.c.obj)
                0x0000000001007902                arm_core_mpu_mark_areas_for_dynamic_regions
 .text.zephyr_fputc
                0x0000000001007920       0x1c zephyr/lib/libc/picolibc/liblib__libc__picolibc.a(stdio.c.obj)
 .text.picolibc_put
                0x000000000100793c       0x20 zephyr/lib/libc/picolibc/liblib__libc__picolibc.a(stdio.c.obj)
 .text.Wrap_MXC_SYS_SetClockDiv
                0x000000000100795c       0x1a zephyr/drivers/clock_control/libdrivers__clock_control.a(clock_control_max32.c.obj)
 .text.api_on   0x0000000001007976       0x66 zephyr/drivers/clock_control/libdrivers__clock_control.a(clock_control_max32.c.obj)
 .text.api_off  0x00000000010079dc       0x66 zephyr/drivers/clock_control/libdrivers__clock_control.a(clock_control_max32.c.obj)
 .text.setup_fixed_clocks
                0x0000000001007a42        0xe zephyr/drivers/clock_control/libdrivers__clock_control.a(clock_control_max32.c.obj)
 .text.max32_clkctrl_init
                0x0000000001007a50       0x22 zephyr/drivers/clock_control/libdrivers__clock_control.a(clock_control_max32.c.obj)
 .text.device_is_ready
                0x0000000001007a72       0x18 zephyr/drivers/console/libdrivers__console.a(uart_console.c.obj)
 .text.z_impl_uart_poll_out
                0x0000000001007a8a       0x26 zephyr/drivers/console/libdrivers__console.a(uart_console.c.obj)
 .text.uart_poll_out
                0x0000000001007ab0       0x1e zephyr/drivers/console/libdrivers__console.a(uart_console.c.obj)
 .text.pm_device_runtime_get
                0x0000000001007ace       0x14 zephyr/drivers/console/libdrivers__console.a(uart_console.c.obj)
 .text.pm_device_runtime_put_async
                0x0000000001007ae2       0x18 zephyr/drivers/console/libdrivers__console.a(uart_console.c.obj)
 .text.z_snode_next_peek
                0x0000000001007afa       0x16 zephyr/drivers/gpio/libdrivers__gpio.a(gpio_max32.c.obj)
 .text.z_snode_next_set
                0x0000000001007b10       0x1a zephyr/drivers/gpio/libdrivers__gpio.a(gpio_max32.c.obj)
 .text.z_slist_head_set
                0x0000000001007b2a       0x1a zephyr/drivers/gpio/libdrivers__gpio.a(gpio_max32.c.obj)
 .text.z_slist_tail_set
                0x0000000001007b44       0x1a zephyr/drivers/gpio/libdrivers__gpio.a(gpio_max32.c.obj)
 .text.sys_slist_peek_head
                0x0000000001007b5e       0x16 zephyr/drivers/gpio/libdrivers__gpio.a(gpio_max32.c.obj)
 .text.sys_slist_peek_tail
                0x0000000001007b74       0x16 zephyr/drivers/gpio/libdrivers__gpio.a(gpio_max32.c.obj)
 .text.sys_slist_is_empty
                0x0000000001007b8a       0x22 zephyr/drivers/gpio/libdrivers__gpio.a(gpio_max32.c.obj)
 .text.sys_slist_peek_next_no_check
                0x0000000001007bac       0x18 zephyr/drivers/gpio/libdrivers__gpio.a(gpio_max32.c.obj)
 .text.sys_slist_peek_next
                0x0000000001007bc4       0x22 zephyr/drivers/gpio/libdrivers__gpio.a(gpio_max32.c.obj)
 .text.sys_slist_prepend
                0x0000000001007be6       0x44 zephyr/drivers/gpio/libdrivers__gpio.a(gpio_max32.c.obj)
 .text.sys_slist_remove
                0x0000000001007c2a       0x76 zephyr/drivers/gpio/libdrivers__gpio.a(gpio_max32.c.obj)
 .text.sys_slist_find_and_remove
                0x0000000001007ca0       0x4a zephyr/drivers/gpio/libdrivers__gpio.a(gpio_max32.c.obj)
 .text.clock_control_on
                0x0000000001007cea       0x24 zephyr/drivers/gpio/libdrivers__gpio.a(gpio_max32.c.obj)
 .text.gpio_manage_callback
                0x0000000001007d0e       0x74 zephyr/drivers/gpio/libdrivers__gpio.a(gpio_max32.c.obj)
 .text.gpio_fire_callbacks
                0x0000000001007d82       0xaa zephyr/drivers/gpio/libdrivers__gpio.a(gpio_max32.c.obj)
 .text.api_port_get_raw
                0x0000000001007e2c       0x2e zephyr/drivers/gpio/libdrivers__gpio.a(gpio_max32.c.obj)
 .text.api_port_set_masked_raw
                0x0000000001007e5a       0x2a zephyr/drivers/gpio/libdrivers__gpio.a(gpio_max32.c.obj)
 .text.api_port_set_bits_raw
                0x0000000001007e84       0x26 zephyr/drivers/gpio/libdrivers__gpio.a(gpio_max32.c.obj)
 .text.api_port_clear_bits_raw
                0x0000000001007eaa       0x26 zephyr/drivers/gpio/libdrivers__gpio.a(gpio_max32.c.obj)
 .text.api_port_toggle_bits
                0x0000000001007ed0       0x26 zephyr/drivers/gpio/libdrivers__gpio.a(gpio_max32.c.obj)
 .text.api_pin_configure
                0x0000000001007ef6      0x156 zephyr/drivers/gpio/libdrivers__gpio.a(gpio_max32.c.obj)
 .text.api_pin_interrupt_configure
                0x000000000100804c      0x122 zephyr/drivers/gpio/libdrivers__gpio.a(gpio_max32.c.obj)
 .text.api_manage_callback
                0x000000000100816e       0x2c zephyr/drivers/gpio/libdrivers__gpio.a(gpio_max32.c.obj)
 .text.gpio_max32_isr
                0x000000000100819a       0x46 zephyr/drivers/gpio/libdrivers__gpio.a(gpio_max32.c.obj)
 .text.gpio_max32_init
                0x00000000010081e0       0x42 zephyr/drivers/gpio/libdrivers__gpio.a(gpio_max32.c.obj)
 .text.gpio_max32_irq_init_0
                0x0000000001008222       0x16 zephyr/drivers/gpio/libdrivers__gpio.a(gpio_max32.c.obj)
 .text.pinctrl_lookup_state
                0x0000000001008238       0x56 zephyr/drivers/pinctrl/libdrivers__pinctrl.a(common.c.obj)
                0x0000000001008238                pinctrl_lookup_state
 .text.pinctrl_configure_pins
                0x000000000100828e       0x48 zephyr/drivers/pinctrl/libdrivers__pinctrl.a(pinctrl_max32.c.obj)
                0x000000000100828e                pinctrl_configure_pins
 .text.device_is_ready
                0x00000000010082d6       0x18 zephyr/drivers/serial/libdrivers__serial.a(uart_max32.c.obj)
 .text.pinctrl_apply_state_direct
                0x00000000010082ee       0x28 zephyr/drivers/serial/libdrivers__serial.a(uart_max32.c.obj)
 .text.pinctrl_apply_state
                0x0000000001008316       0x3a zephyr/drivers/serial/libdrivers__serial.a(uart_max32.c.obj)
 .text.clock_control_on
                0x0000000001008350       0x24 zephyr/drivers/serial/libdrivers__serial.a(uart_max32.c.obj)
 .text.Wrap_MXC_UART_Init
                0x0000000001008374       0x1c zephyr/drivers/serial/libdrivers__serial.a(uart_max32.c.obj)
 .text.wrap_get_clock_source_instance
                0x0000000001008390       0x32 zephyr/drivers/serial/libdrivers__serial.a(uart_max32.c.obj)
 .text.Wrap_MXC_UART_SetFrequency
                0x00000000010083c2       0x2c zephyr/drivers/serial/libdrivers__serial.a(uart_max32.c.obj)
 .text.Wrap_MXC_UART_SetClockSource
                0x00000000010083ee       0x28 zephyr/drivers/serial/libdrivers__serial.a(uart_max32.c.obj)
 .text.Wrap_MXC_UART_GetRegINTEN
                0x0000000001008416       0x16 zephyr/drivers/serial/libdrivers__serial.a(uart_max32.c.obj)
 .text.api_poll_out
                0x000000000100842c       0x28 zephyr/drivers/serial/libdrivers__serial.a(uart_max32.c.obj)
 .text.api_poll_in
                0x0000000001008454       0x3a zephyr/drivers/serial/libdrivers__serial.a(uart_max32.c.obj)
 .text.api_err_check
                0x000000000100848e       0x5e zephyr/drivers/serial/libdrivers__serial.a(uart_max32.c.obj)
 .text.api_config_get
                0x00000000010084ec       0x2a zephyr/drivers/serial/libdrivers__serial.a(uart_max32.c.obj)
 .text.uart_max32_hw_init
                0x0000000001008516       0x66 zephyr/drivers/serial/libdrivers__serial.a(uart_max32.c.obj)
 .text.uart_max32_init
                0x000000000100857c       0xa8 zephyr/drivers/serial/libdrivers__serial.a(uart_max32.c.obj)
 .text.api_fifo_fill
                0x0000000001008624       0x30 zephyr/drivers/serial/libdrivers__serial.a(uart_max32.c.obj)
 .text.api_fifo_read
                0x0000000001008654       0x42 zephyr/drivers/serial/libdrivers__serial.a(uart_max32.c.obj)
 .text.api_irq_tx_enable
                0x0000000001008696       0x60 zephyr/drivers/serial/libdrivers__serial.a(uart_max32.c.obj)
 .text.api_irq_tx_disable
                0x00000000010086f6       0x22 zephyr/drivers/serial/libdrivers__serial.a(uart_max32.c.obj)
 .text.api_irq_tx_ready
                0x0000000001008718       0x44 zephyr/drivers/serial/libdrivers__serial.a(uart_max32.c.obj)
 .text.api_irq_tx_complete
                0x000000000100875c       0x2e zephyr/drivers/serial/libdrivers__serial.a(uart_max32.c.obj)
 .text.api_irq_rx_ready
                0x000000000100878a       0x44 zephyr/drivers/serial/libdrivers__serial.a(uart_max32.c.obj)
 .text.api_irq_err_enable
                0x00000000010087ce       0x22 zephyr/drivers/serial/libdrivers__serial.a(uart_max32.c.obj)
 .text.api_irq_err_disable
                0x00000000010087f0       0x22 zephyr/drivers/serial/libdrivers__serial.a(uart_max32.c.obj)
 .text.api_irq_is_pending
                0x0000000001008812       0x20 zephyr/drivers/serial/libdrivers__serial.a(uart_max32.c.obj)
 .text.api_irq_update
                0x0000000001008832       0x4e zephyr/drivers/serial/libdrivers__serial.a(uart_max32.c.obj)
 .text.api_irq_callback_set
                0x0000000001008880       0x28 zephyr/drivers/serial/libdrivers__serial.a(uart_max32.c.obj)
 .text.api_irq_rx_enable
                0x00000000010088a8       0x22 zephyr/drivers/serial/libdrivers__serial.a(uart_max32.c.obj)
 .text.api_irq_rx_disable
                0x00000000010088ca       0x22 zephyr/drivers/serial/libdrivers__serial.a(uart_max32.c.obj)
 .text.uart_max32_isr
                0x00000000010088ec       0x4a zephyr/drivers/serial/libdrivers__serial.a(uart_max32.c.obj)
 .text.uart_max32_irq_init_0
                0x0000000001008936       0x1e zephyr/drivers/serial/libdrivers__serial.a(uart_max32.c.obj)
 .text.k_object_init
                0x0000000001008954       0x12 zephyr/kernel/libkernel.a(device.c.obj)
 .text.z_impl_device_is_ready
                0x0000000001008966       0x42 zephyr/kernel/libkernel.a(device.c.obj)
                0x0000000001008966                z_impl_device_is_ready
 .text.k_thread_abort
                0x00000000010089a8       0x16 zephyr/kernel/libkernel.a(fatal.c.obj)
 .text.coredump
                0x00000000010089be       0x16 zephyr/kernel/libkernel.a(fatal.c.obj)
 .text.arch_system_halt
                0x00000000010089d4       0x28 zephyr/kernel/libkernel.a(fatal.c.obj)
                0x00000000010089d4                arch_system_halt
 .text.k_sys_fatal_error_handler
                0x00000000010089fc       0x12 zephyr/kernel/libkernel.a(fatal.c.obj)
                0x00000000010089fc                k_sys_fatal_error_handler
 .text.K_KERNEL_STACK_BUFFER
                0x0000000001008a0e       0x14 zephyr/kernel/libkernel.a(init.c.obj)
 .text.k_thread_start
                0x0000000001008a22       0x16 zephyr/kernel/libkernel.a(init.c.obj)
 .text.k_wakeup
                0x0000000001008a38       0x16 zephyr/kernel/libkernel.a(init.c.obj)
 .text.thread_schedule_new
                0x0000000001008a4e       0x3a zephyr/kernel/libkernel.a(init.c.obj)
 .text.z_mark_thread_as_not_sleeping
                0x0000000001008a88       0x20 zephyr/kernel/libkernel.a(init.c.obj)
 .text.z_thread_essential_clear
                0x0000000001008aa8       0x20 zephyr/kernel/libkernel.a(init.c.obj)
 .text.gcov_static_init
                0x0000000001008ac8        0xc zephyr/kernel/libkernel.a(init.c.obj)
 .text.pm_device_runtime_auto_enable
                0x0000000001008ad4       0x14 zephyr/kernel/libkernel.a(init.c.obj)
 .text.z_early_memset
                0x0000000001008ae8       0x1e zephyr/kernel/libkernel.a(init.c.obj)
                0x0000000001008ae8                z_early_memset
 .text.z_early_memcpy
                0x0000000001008b06       0x1e zephyr/kernel/libkernel.a(init.c.obj)
                0x0000000001008b06                z_early_memcpy
 .text.do_device_init
                0x0000000001008b24       0x6c zephyr/kernel/libkernel.a(init.c.obj)
 .text.z_init_static
                0x0000000001008b90        0xc zephyr/kernel/libkernel.a(init_static.c.obj)
                0x0000000001008b90                z_init_static
 .text.k_cpu_idle
                0x0000000001008b9c        0xc zephyr/kernel/libkernel.a(idle.c.obj)
 .text.idle     0x0000000001008ba8       0x30 zephyr/kernel/libkernel.a(idle.c.obj)
                0x0000000001008ba8                idle
 .text.arch_spin_relax
                0x0000000001008bd8       0x10 zephyr/kernel/libkernel.a(idle.c.obj)
                0x0000000001008bd8                arch_spin_relax
 .text.sys_dlist_init
                0x0000000001008be8       0x1e zephyr/kernel/libkernel.a(thread.c.obj)
 .text.sys_dnode_init
                0x0000000001008c06       0x1e zephyr/kernel/libkernel.a(thread.c.obj)
 .text.K_KERNEL_STACK_BUFFER
                0x0000000001008c24       0x14 zephyr/kernel/libkernel.a(thread.c.obj)
 .text.z_init_timeout
                0x0000000001008c38       0x18 zephyr/kernel/libkernel.a(thread.c.obj)
 .text.z_init_thread_timeout
                0x0000000001008c50       0x1a zephyr/kernel/libkernel.a(thread.c.obj)
 .text.z_waitq_init
                0x0000000001008c6a       0x18 zephyr/kernel/libkernel.a(thread.c.obj)
 .text.setup_thread_stack
                0x0000000001008c82       0x86 zephyr/kernel/libkernel.a(thread.c.obj)
 .text.z_init_thread_base
                0x0000000001008d08       0x40 zephyr/kernel/libkernel.a(thread.c.obj)
                0x0000000001008d08                z_init_thread_base
 .text.z_thread_mark_switched_out
                0x0000000001008d48        0xc zephyr/kernel/libkernel.a(thread.c.obj)
                0x0000000001008d48                z_thread_mark_switched_out
 .text.sys_dlist_init
                0x0000000001008d54       0x1e zephyr/kernel/libkernel.a(sched.c.obj)
 .text.sys_dnode_init
                0x0000000001008d72       0x1e zephyr/kernel/libkernel.a(sched.c.obj)
 .text.sys_dnode_is_linked
                0x0000000001008d90       0x20 zephyr/kernel/libkernel.a(sched.c.obj)
 .text.sys_dlist_is_empty
                0x0000000001008db0       0x22 zephyr/kernel/libkernel.a(sched.c.obj)
 .text.sys_dlist_peek_head
                0x0000000001008dd2       0x24 zephyr/kernel/libkernel.a(sched.c.obj)
 .text.sys_dlist_peek_next_no_check
                0x0000000001008df6       0x26 zephyr/kernel/libkernel.a(sched.c.obj)
 .text.sys_dlist_peek_next
                0x0000000001008e1c       0x26 zephyr/kernel/libkernel.a(sched.c.obj)
 .text.sys_dlist_append
                0x0000000001008e42       0x32 zephyr/kernel/libkernel.a(sched.c.obj)
 .text.sys_dlist_insert
                0x0000000001008e74       0x32 zephyr/kernel/libkernel.a(sched.c.obj)
 .text.sys_dlist_dequeue
                0x0000000001008ea6       0x2a zephyr/kernel/libkernel.a(sched.c.obj)
 .text.sys_dlist_remove
                0x0000000001008ed0       0x2e zephyr/kernel/libkernel.a(sched.c.obj)
 .text.k_yield  0x0000000001008efe        0xc zephyr/kernel/libkernel.a(sched.c.obj)
 .text.z_is_inactive_timeout
                0x0000000001008f0a       0x30 zephyr/kernel/libkernel.a(sched.c.obj)
 .text.z_abort_thread_timeout
                0x0000000001008f3a       0x1a zephyr/kernel/libkernel.a(sched.c.obj)
 .text.thread_is_preemptible
                0x0000000001008f54       0x20 zephyr/kernel/libkernel.a(sched.c.obj)
 .text.thread_is_metairq
                0x0000000001008f74       0x14 zephyr/kernel/libkernel.a(sched.c.obj)
 .text.z_is_thread_prevented_from_running
                0x0000000001008f88       0x28 zephyr/kernel/libkernel.a(sched.c.obj)
 .text.z_is_thread_timeout_active
                0x0000000001008fb0       0x32 zephyr/kernel/libkernel.a(sched.c.obj)
 .text.z_is_thread_ready
                0x0000000001008fe2       0x2e zephyr/kernel/libkernel.a(sched.c.obj)
 .text.z_is_thread_state_set
                0x0000000001009010       0x28 zephyr/kernel/libkernel.a(sched.c.obj)
 .text.z_is_thread_queued
                0x0000000001009038       0x1a zephyr/kernel/libkernel.a(sched.c.obj)
 .text.z_mark_thread_as_queued
                0x0000000001009052       0x20 zephyr/kernel/libkernel.a(sched.c.obj)
 .text.z_mark_thread_as_not_queued
                0x0000000001009072       0x20 zephyr/kernel/libkernel.a(sched.c.obj)
 .text.z_mark_thread_as_pending
                0x0000000001009092       0x20 zephyr/kernel/libkernel.a(sched.c.obj)
 .text.z_mark_thread_as_not_pending
                0x00000000010090b2       0x20 zephyr/kernel/libkernel.a(sched.c.obj)
 .text.z_is_thread_sleeping
                0x00000000010090d2       0x24 zephyr/kernel/libkernel.a(sched.c.obj)
 .text.z_mark_thread_as_sleeping
                0x00000000010090f6       0x20 zephyr/kernel/libkernel.a(sched.c.obj)
 .text.z_mark_thread_as_not_sleeping
                0x0000000001009116       0x20 zephyr/kernel/libkernel.a(sched.c.obj)
 .text.z_is_thread_essential
                0x0000000001009136       0x24 zephyr/kernel/libkernel.a(sched.c.obj)
 .text.z_reschedule_unlocked
                0x000000000100915a       0x32 zephyr/kernel/libkernel.a(sched.c.obj)
 .text.unpend_thread_no_timeout
                0x000000000100918c       0x34 zephyr/kernel/libkernel.a(sched.c.obj)
 .text.z_waitq_head
                0x00000000010091c0       0x1a zephyr/kernel/libkernel.a(sched.c.obj)
 .text.should_queue_thread
                0x00000000010091da       0x14 zephyr/kernel/libkernel.a(sched.c.obj)
 .text.is_aborting
                0x00000000010091ee       0x24 zephyr/kernel/libkernel.a(sched.c.obj)
 .text.is_halting
                0x0000000001009212       0x24 zephyr/kernel/libkernel.a(sched.c.obj)
 .text.clear_halting
                0x0000000001009236       0x12 zephyr/kernel/libkernel.a(sched.c.obj)
 .text.update_metairq_preempt
                0x0000000001009248       0x12 zephyr/kernel/libkernel.a(sched.c.obj)
 .text.thread_active_elsewhere
                0x000000000100925a       0x14 zephyr/kernel/libkernel.a(sched.c.obj)
 .text.add_to_waitq_locked
                0x000000000100926e       0xc8 zephyr/kernel/libkernel.a(sched.c.obj)
 .text.z_thread_timeout
                0x0000000001009336       0x1e zephyr/kernel/libkernel.a(sched.c.obj)
                0x0000000001009336                z_thread_timeout
 .text.resched  0x0000000001009354       0x4e zephyr/kernel/libkernel.a(sched.c.obj)
 .text.z_reschedule
                0x00000000010093a2       0x64 zephyr/kernel/libkernel.a(sched.c.obj)
                0x00000000010093a2                z_reschedule
 .text.z_reschedule_irqlock
                0x0000000001009406       0x46 zephyr/kernel/libkernel.a(sched.c.obj)
                0x0000000001009406                z_reschedule_irqlock
 .text.init_ready_q
                0x000000000100944c       0x1e zephyr/kernel/libkernel.a(sched.c.obj)
                0x000000000100944c                init_ready_q
 .text.z_impl_k_sleep
                0x000000000100946a       0x72 zephyr/kernel/libkernel.a(sched.c.obj)
                0x000000000100946a                z_impl_k_sleep
 .text.unpend_all
                0x00000000010094dc       0x4e zephyr/kernel/libkernel.a(sched.c.obj)
 .text.thread_is_preemptible
                0x000000000100952a       0x20 zephyr/kernel/libkernel.a(timeslicing.c.obj)
 .text.z_is_thread_prevented_from_running
                0x000000000100954a       0x28 zephyr/kernel/libkernel.a(timeslicing.c.obj)
 .text.z_is_prio1_higher_than_prio2
                0x0000000001009572       0x22 zephyr/kernel/libkernel.a(timeslicing.c.obj)
 .text.z_is_prio_higher
                0x0000000001009594       0x1c zephyr/kernel/libkernel.a(timeslicing.c.obj)
 .text.sys_dnode_init
                0x00000000010095b0       0x1e zephyr/kernel/libkernel.a(timeout.c.obj)
 .text.sys_dnode_is_linked
                0x00000000010095ce       0x20 zephyr/kernel/libkernel.a(timeout.c.obj)
 .text.sys_dlist_is_empty
                0x00000000010095ee       0x22 zephyr/kernel/libkernel.a(timeout.c.obj)
 .text.sys_dlist_peek_head
                0x0000000001009610       0x24 zephyr/kernel/libkernel.a(timeout.c.obj)
 .text.sys_dlist_peek_next_no_check
                0x0000000001009634       0x26 zephyr/kernel/libkernel.a(timeout.c.obj)
 .text.sys_dlist_peek_next
                0x000000000100965a       0x26 zephyr/kernel/libkernel.a(timeout.c.obj)
 .text.sys_dlist_append
                0x0000000001009680       0x32 zephyr/kernel/libkernel.a(timeout.c.obj)
 .text.sys_dlist_insert
                0x00000000010096b2       0x32 zephyr/kernel/libkernel.a(timeout.c.obj)
 .text.sys_dlist_remove
                0x00000000010096e4       0x2e zephyr/kernel/libkernel.a(timeout.c.obj)
 .text.remove_timeout
                0x0000000001009712       0x40 zephyr/kernel/libkernel.a(timeout.c.obj)
 .text.next_timeout
                0x0000000001009752       0x7c zephyr/kernel/libkernel.a(timeout.c.obj)
 .text.sys_clock_tick_get_32
                0x00000000010097ce       0x12 zephyr/kernel/libkernel.a(timeout.c.obj)
                0x00000000010097ce                sys_clock_tick_get_32
 .text.arch_k_cycle_get_32
                0x00000000010097e0        0xe zephyr/kernel/libkernel.a(usage.c.obj)
 .text.k_cycle_get_32
                0x00000000010097ee        0xe zephyr/kernel/libkernel.a(usage.c.obj)
 .text.usage_now
                0x00000000010097fc       0x20 zephyr/kernel/libkernel.a(usage.c.obj)
 .text.sched_cpu_update_usage
                0x000000000100981c       0x56 zephyr/kernel/libkernel.a(usage.c.obj)
 .text.sched_thread_update_usage
                0x0000000001009872       0x34 zephyr/kernel/libkernel.a(usage.c.obj)
 .text.memcpy   0x00000000010098a6       0x1a c:\analog\cfs\1.1.0\tools\zephyr-sdk\arm-zephyr-eabi\bin\../lib/gcc/../../picolibc/arm-zephyr-eabi/lib/thumb/v8-m.main/nofp\libc.a(memcpy.c.o)
                0x00000000010098a6                __aeabi_memcpy
                0x00000000010098a6                __aeabi_memcpy4
                0x00000000010098a6                __aeabi_memcpy8
                0x00000000010098a6                memcpy
 .text.memset   0x00000000010098c0       0x10 c:\analog\cfs\1.1.0\tools\zephyr-sdk\arm-zephyr-eabi\bin\../lib/gcc/../../picolibc/arm-zephyr-eabi/lib/thumb/v8-m.main/nofp\libc.a(memset.c.o)
                0x00000000010098c0                memset
 .text.strncpy  0x00000000010098d0       0x20 c:\analog\cfs\1.1.0\tools\zephyr-sdk\arm-zephyr-eabi\bin\../lib/gcc/../../picolibc/arm-zephyr-eabi/lib/thumb/v8-m.main/nofp\libc.a(libc_string_strncpy.c.o)
                0x00000000010098d0                strncpy
 .text.strnlen  0x00000000010098f0       0x18 c:\analog\cfs\1.1.0\tools\zephyr-sdk\arm-zephyr-eabi\bin\../lib/gcc/../../picolibc/arm-zephyr-eabi/lib/thumb/v8-m.main/nofp\libc.a(libc_string_strnlen.c.o)
                0x00000000010098f0                strnlen
 .text.fwrite   0x0000000001009908       0x3e c:\analog\cfs\1.1.0\tools\zephyr-sdk\arm-zephyr-eabi\bin\../lib/gcc/../../picolibc/arm-zephyr-eabi/lib/thumb/v8-m.main/nofp\libc.a(libc_tinystdio_fwrite.c.o)
                0x0000000001009908                fwrite
 .text.__ultoa_invert
                0x0000000001009946       0xac c:\analog\cfs\1.1.0\tools\zephyr-sdk\arm-zephyr-eabi\bin\../lib/gcc/../../picolibc/arm-zephyr-eabi/lib/thumb/v8-m.main/nofp\libc.a(libc_tinystdio_vflprintf.c.o)
 .text.__file_str_put
                0x00000000010099f2       0x10 c:\analog\cfs\1.1.0\tools\zephyr-sdk\arm-zephyr-eabi\bin\../lib/gcc/../../picolibc/arm-zephyr-eabi/lib/thumb/v8-m.main/nofp\libc.a(libc_tinystdio_filestrput.c.o)
                0x00000000010099f2                __file_str_put
 *(SORT_BY_ALIGNMENT(.TEXT.*))
 *fill*         0x0000000001009a02        0x2 
 .TEXT.__aeabi_read_tp
                0x0000000001009a04        0xc zephyr/arch/arch/arm/core/cortex_m/libarch__arm__core__cortex_m.a(__aeabi_read_tp.S.obj)
                0x0000000001009a04                __aeabi_read_tp
 *(SORT_BY_ALIGNMENT(.gnu.linkonce.t.*))
 *(SORT_BY_ALIGNMENT(.glue_7t))
 .glue_7t       0x0000000001009a10        0x0 linker stubs
 *(SORT_BY_ALIGNMENT(.glue_7))
 .glue_7        0x0000000001009a10        0x0 linker stubs
 *(SORT_BY_ALIGNMENT(.vfp11_veneer))
 .vfp11_veneer  0x0000000001009a10        0x0 linker stubs
 *(SORT_BY_ALIGNMENT(.v4_bx))
 .v4_bx         0x0000000001009a10        0x0 linker stubs
                0x0000000001009a10                . = ALIGN (0x4)
                0x0000000001009a10                __text_region_end = .

.ARM.exidx      0x0000000001009a10        0x8
                0x0000000001009a10                __exidx_start = .
 *(SORT_BY_ALIGNMENT(.ARM.exidx*) SORT_BY_ALIGNMENT(gnu.linkonce.armexidx.*))
 .ARM.exidx     0x0000000001009a10        0x8 c:\analog\cfs\1.1.0\tools\zephyr-sdk\arm-zephyr-eabi\bin\../lib/gcc/../../picolibc/arm-zephyr-eabi/lib/thumb/v8-m.main/nofp\libc.a(strlen.S.o)
 .ARM.exidx     0x0000000001009a18        0x0 c:/analog/cfs/1.1.0/tools/zephyr-sdk/arm-zephyr-eabi/bin/../lib/gcc/arm-zephyr-eabi/12.2.0/thumb/v8-m.main/nofp\libgcc.a(_udivmoddi4.o)
                                          0x8 (size before relaxing)
                0x0000000001009a18                __exidx_end = .
                0x0000000001009a18                __rodata_region_start = .

initlevel       0x0000000001009a18       0x30
                0x0000000001009a18                __init_start = .
                0x0000000001009a18                __init_EARLY_start = .
 *(SORT_BY_NAME(SORT_BY_ALIGNMENT(.z_init_EARLY?_*)))
 *(SORT_BY_NAME(SORT_BY_ALIGNMENT(.z_init_EARLY??_*)))
                0x0000000001009a18                __init_PRE_KERNEL_1_start = .
 *(SORT_BY_NAME(SORT_BY_ALIGNMENT(.z_init_PRE_KERNEL_1?_*)))
 *(SORT_BY_NAME(SORT_BY_ALIGNMENT(.z_init_PRE_KERNEL_1??_*)))
 .z_init_PRE_KERNEL_130_00013_
                0x0000000001009a18        0x8 zephyr/drivers/clock_control/libdrivers__clock_control.a(clock_control_max32.c.obj)
 .z_init_PRE_KERNEL_140_00015_
                0x0000000001009a20        0x8 zephyr/drivers/gpio/libdrivers__gpio.a(gpio_max32.c.obj)
 .z_init_PRE_KERNEL_150_00039_
                0x0000000001009a28        0x8 zephyr/drivers/serial/libdrivers__serial.a(uart_max32.c.obj)
 .z_init_PRE_KERNEL_160_0_
                0x0000000001009a30        0x8 zephyr/drivers/console/libdrivers__console.a(uart_console.c.obj)
                0x0000000001009a38                __init_PRE_KERNEL_2_start = .
 *(SORT_BY_NAME(SORT_BY_ALIGNMENT(.z_init_PRE_KERNEL_2?_*)))
 .z_init_PRE_KERNEL_20_0_
                0x0000000001009a38        0x8 zephyr/drivers/timer/libdrivers__timer.a(cortex_m_systick.c.obj)
 *(SORT_BY_NAME(SORT_BY_ALIGNMENT(.z_init_PRE_KERNEL_2??_*)))
                0x0000000001009a40                __init_POST_KERNEL_start = .
 *(SORT_BY_NAME(SORT_BY_ALIGNMENT(.z_init_POST_KERNEL?_*)))
 *(SORT_BY_NAME(SORT_BY_ALIGNMENT(.z_init_POST_KERNEL??_*)))
 .z_init_POST_KERNEL35_0_
                0x0000000001009a40        0x8 zephyr/lib/libc/common/liblib__libc__common.a(malloc.c.obj)
                0x0000000001009a48                __init_APPLICATION_start = .
 *(SORT_BY_NAME(SORT_BY_ALIGNMENT(.z_init_APPLICATION?_*)))
 *(SORT_BY_NAME(SORT_BY_ALIGNMENT(.z_init_APPLICATION??_*)))
                0x0000000001009a48                __init_SMP_start = .
 *(SORT_BY_NAME(SORT_BY_ALIGNMENT(.z_init_SMP?_*)))
 *(SORT_BY_NAME(SORT_BY_ALIGNMENT(.z_init_SMP??_*)))
                0x0000000001009a48                __init_end = .
                0x0000000001009a48                __deferred_init_list_start = .
 *(SORT_BY_ALIGNMENT(.z_deferred_init*))
                0x0000000001009a48                __deferred_init_list_end = .

device_area     0x0000000001009a48       0x3c
                0x0000000001009a48                _device_list_start = .
 *(SORT_BY_NAME(SORT_BY_ALIGNMENT(._device.static.*_?_*)))
 *(SORT_BY_NAME(SORT_BY_ALIGNMENT(._device.static.*_??_*)))
 ._device.static.1_30_
                0x0000000001009a48       0x14 zephyr/drivers/clock_control/libdrivers__clock_control.a(clock_control_max32.c.obj)
                0x0000000001009a48                __device_dts_ord_13
 ._device.static.1_40_
                0x0000000001009a5c       0x14 zephyr/drivers/gpio/libdrivers__gpio.a(gpio_max32.c.obj)
                0x0000000001009a5c                __device_dts_ord_15
 ._device.static.1_50_
                0x0000000001009a70       0x14 zephyr/drivers/serial/libdrivers__serial.a(uart_max32.c.obj)
                0x0000000001009a70                __device_dts_ord_39
 *(SORT_BY_NAME(SORT_BY_ALIGNMENT(._device.static.*_???_*)))
 *(SORT_BY_NAME(SORT_BY_ALIGNMENT(._device.static.*_????_*)))
 *(SORT_BY_NAME(SORT_BY_ALIGNMENT(._device.static.*_?????_*)))
                0x0000000001009a84                _device_list_end = .

sw_isr_table    0x0000000001009a84      0x1b0
                0x0000000001009a84                . = ALIGN (0x4)
 *(SORT_BY_ALIGNMENT(.gnu.linkonce.sw_isr_table*))
 .gnu.linkonce.sw_isr_table
                0x0000000001009a84      0x1b0 zephyr/arch/common/libisr_tables.a(isr_tables.c.obj)
                0x0000000001009a84                _sw_isr_table

initlevel_error
                0x0000000001009a18        0x0
 *(SORT_BY_NAME(SORT_BY_ALIGNMENT(.z_init_[_A-Z0-9]*)))
                0x0000000000000001                ASSERT ((SIZEOF (initlevel_error) == 0x0), Undefined initialization levels used.)

app_shmem_regions
                0x0000000001009c34        0x0
                0x0000000001009c34                __app_shmem_regions_start = .
 *(SORT_BY_NAME(SORT_BY_ALIGNMENT(.app_regions.*)))
                0x0000000001009c34                __app_shmem_regions_end = .

k_p4wq_initparam_area
                0x0000000001009c34        0x0
                0x0000000001009c34                _k_p4wq_initparam_list_start = .
 *(SORT_BY_NAME(SORT_BY_ALIGNMENT(._k_p4wq_initparam.static.*)))
                0x0000000001009c34                _k_p4wq_initparam_list_end = .

_static_thread_data_area
                0x0000000001009c34        0x0
                0x0000000001009c34                __static_thread_data_list_start = .
 *(SORT_BY_NAME(SORT_BY_ALIGNMENT(.__static_thread_data.static.*)))
                0x0000000001009c34                __static_thread_data_list_end = .

device_deps     0x0000000001009c34        0x0
                0x0000000001009c34                __device_deps_start = .
 *(SORT_BY_NAME(SORT_BY_ALIGNMENT(.__device_deps_pass2*)))
                0x0000000001009c34                __device_deps_end = .

gpio_driver_api_area
                0x0000000001009c34       0x24
                0x0000000001009c34                _gpio_driver_api_list_start = .
 *(SORT_BY_NAME(SORT_BY_ALIGNMENT(._gpio_driver_api.static.*)))
 ._gpio_driver_api.static.gpio_max32_driver_
                0x0000000001009c34       0x24 zephyr/drivers/gpio/libdrivers__gpio.a(gpio_max32.c.obj)
                0x0000000001009c58                _gpio_driver_api_list_end = .

shared_irq_driver_api_area
                0x0000000001009c58        0x0
                0x0000000001009c58                _shared_irq_driver_api_list_start = .
 *(SORT_BY_NAME(SORT_BY_ALIGNMENT(._shared_irq_driver_api.static.*)))
                0x0000000001009c58                _shared_irq_driver_api_list_end = .

crypto_driver_api_area
                0x0000000001009c58        0x0
                0x0000000001009c58                _crypto_driver_api_list_start = .
 *(SORT_BY_NAME(SORT_BY_ALIGNMENT(._crypto_driver_api.static.*)))
                0x0000000001009c58                _crypto_driver_api_list_end = .

adc_driver_api_area
                0x0000000001009c58        0x0
                0x0000000001009c58                _adc_driver_api_list_start = .
 *(SORT_BY_NAME(SORT_BY_ALIGNMENT(._adc_driver_api.static.*)))
                0x0000000001009c58                _adc_driver_api_list_end = .

auxdisplay_driver_api_area
                0x0000000001009c58        0x0
                0x0000000001009c58                _auxdisplay_driver_api_list_start = .
 *(SORT_BY_NAME(SORT_BY_ALIGNMENT(._auxdisplay_driver_api.static.*)))
                0x0000000001009c58                _auxdisplay_driver_api_list_end = .

bbram_driver_api_area
                0x0000000001009c58        0x0
                0x0000000001009c58                _bbram_driver_api_list_start = .
 *(SORT_BY_NAME(SORT_BY_ALIGNMENT(._bbram_driver_api.static.*)))
                0x0000000001009c58                _bbram_driver_api_list_end = .

bt_hci_driver_api_area
                0x0000000001009c58        0x0
                0x0000000001009c58                _bt_hci_driver_api_list_start = .
 *(SORT_BY_NAME(SORT_BY_ALIGNMENT(._bt_hci_driver_api.static.*)))
                0x0000000001009c58                _bt_hci_driver_api_list_end = .

can_driver_api_area
                0x0000000001009c58        0x0
                0x0000000001009c58                _can_driver_api_list_start = .
 *(SORT_BY_NAME(SORT_BY_ALIGNMENT(._can_driver_api.static.*)))
                0x0000000001009c58                _can_driver_api_list_end = .

cellular_driver_api_area
                0x0000000001009c58        0x0
                0x0000000001009c58                _cellular_driver_api_list_start = .
 *(SORT_BY_NAME(SORT_BY_ALIGNMENT(._cellular_driver_api.static.*)))
                0x0000000001009c58                _cellular_driver_api_list_end = .

charger_driver_api_area
                0x0000000001009c58        0x0
                0x0000000001009c58                _charger_driver_api_list_start = .
 *(SORT_BY_NAME(SORT_BY_ALIGNMENT(._charger_driver_api.static.*)))
                0x0000000001009c58                _charger_driver_api_list_end = .

clock_control_driver_api_area
                0x0000000001009c58       0x1c
                0x0000000001009c58                _clock_control_driver_api_list_start = .
 *(SORT_BY_NAME(SORT_BY_ALIGNMENT(._clock_control_driver_api.static.*)))
 ._clock_control_driver_api.static.max32_clkctrl_api_
                0x0000000001009c58       0x1c zephyr/drivers/clock_control/libdrivers__clock_control.a(clock_control_max32.c.obj)
                0x0000000001009c74                _clock_control_driver_api_list_end = .

comparator_driver_api_area
                0x0000000001009c74        0x0
                0x0000000001009c74                _comparator_driver_api_list_start = .
 *(SORT_BY_NAME(SORT_BY_ALIGNMENT(._comparator_driver_api.static.*)))
                0x0000000001009c74                _comparator_driver_api_list_end = .

coredump_driver_api_area
                0x0000000001009c74        0x0
                0x0000000001009c74                _coredump_driver_api_list_start = .
 *(SORT_BY_NAME(SORT_BY_ALIGNMENT(._coredump_driver_api.static.*)))
                0x0000000001009c74                _coredump_driver_api_list_end = .

counter_driver_api_area
                0x0000000001009c74        0x0
                0x0000000001009c74                _counter_driver_api_list_start = .
 *(SORT_BY_NAME(SORT_BY_ALIGNMENT(._counter_driver_api.static.*)))
                0x0000000001009c74                _counter_driver_api_list_end = .

dac_driver_api_area
                0x0000000001009c74        0x0
                0x0000000001009c74                _dac_driver_api_list_start = .
 *(SORT_BY_NAME(SORT_BY_ALIGNMENT(._dac_driver_api.static.*)))
                0x0000000001009c74                _dac_driver_api_list_end = .

dai_driver_api_area
                0x0000000001009c74        0x0
                0x0000000001009c74                _dai_driver_api_list_start = .
 *(SORT_BY_NAME(SORT_BY_ALIGNMENT(._dai_driver_api.static.*)))
                0x0000000001009c74                _dai_driver_api_list_end = .

display_driver_api_area
                0x0000000001009c74        0x0
                0x0000000001009c74                _display_driver_api_list_start = .
 *(SORT_BY_NAME(SORT_BY_ALIGNMENT(._display_driver_api.static.*)))
                0x0000000001009c74                _display_driver_api_list_end = .

dma_driver_api_area
                0x0000000001009c74        0x0
                0x0000000001009c74                _dma_driver_api_list_start = .
 *(SORT_BY_NAME(SORT_BY_ALIGNMENT(._dma_driver_api.static.*)))
                0x0000000001009c74                _dma_driver_api_list_end = .

edac_driver_api_area
                0x0000000001009c74        0x0
                0x0000000001009c74                _edac_driver_api_list_start = .
 *(SORT_BY_NAME(SORT_BY_ALIGNMENT(._edac_driver_api.static.*)))
                0x0000000001009c74                _edac_driver_api_list_end = .

eeprom_driver_api_area
                0x0000000001009c74        0x0
                0x0000000001009c74                _eeprom_driver_api_list_start = .
 *(SORT_BY_NAME(SORT_BY_ALIGNMENT(._eeprom_driver_api.static.*)))
                0x0000000001009c74                _eeprom_driver_api_list_end = .

emul_bbram_driver_api_area
                0x0000000001009c74        0x0
                0x0000000001009c74                _emul_bbram_driver_api_list_start = .
 *(SORT_BY_NAME(SORT_BY_ALIGNMENT(._emul_bbram_driver_api.static.*)))
                0x0000000001009c74                _emul_bbram_driver_api_list_end = .

fuel_gauge_emul_driver_api_area
                0x0000000001009c74        0x0
                0x0000000001009c74                _fuel_gauge_emul_driver_api_list_start = .
 *(SORT_BY_NAME(SORT_BY_ALIGNMENT(._fuel_gauge_emul_driver_api.static.*)))
                0x0000000001009c74                _fuel_gauge_emul_driver_api_list_end = .

emul_sensor_driver_api_area
                0x0000000001009c74        0x0
                0x0000000001009c74                _emul_sensor_driver_api_list_start = .
 *(SORT_BY_NAME(SORT_BY_ALIGNMENT(._emul_sensor_driver_api.static.*)))
                0x0000000001009c74                _emul_sensor_driver_api_list_end = .

entropy_driver_api_area
                0x0000000001009c74        0x0
                0x0000000001009c74                _entropy_driver_api_list_start = .
 *(SORT_BY_NAME(SORT_BY_ALIGNMENT(._entropy_driver_api.static.*)))
                0x0000000001009c74                _entropy_driver_api_list_end = .

espi_driver_api_area
                0x0000000001009c74        0x0
                0x0000000001009c74                _espi_driver_api_list_start = .
 *(SORT_BY_NAME(SORT_BY_ALIGNMENT(._espi_driver_api.static.*)))
                0x0000000001009c74                _espi_driver_api_list_end = .

espi_saf_driver_api_area
                0x0000000001009c74        0x0
                0x0000000001009c74                _espi_saf_driver_api_list_start = .
 *(SORT_BY_NAME(SORT_BY_ALIGNMENT(._espi_saf_driver_api.static.*)))
                0x0000000001009c74                _espi_saf_driver_api_list_end = .

flash_driver_api_area
                0x0000000001009c74        0x0
                0x0000000001009c74                _flash_driver_api_list_start = .
 *(SORT_BY_NAME(SORT_BY_ALIGNMENT(._flash_driver_api.static.*)))
                0x0000000001009c74                _flash_driver_api_list_end = .

fpga_driver_api_area
                0x0000000001009c74        0x0
                0x0000000001009c74                _fpga_driver_api_list_start = .
 *(SORT_BY_NAME(SORT_BY_ALIGNMENT(._fpga_driver_api.static.*)))