Archive member included to satisfy reference by file (symbol)

app/libapp.a(main.c.obj)      (--whole-archive)
app/libapp.a(test_unit.c.obj)
                              (--whole-archive)
zephyr/libzephyr.a(heap.c.obj)
                              (--whole-archive)
zephyr/libzephyr.a(cbprintf_packaged.c.obj)
                              (--whole-archive)
zephyr/libzephyr.a(printk.c.obj)
                              (--whole-archive)
zephyr/libzephyr.a(sem.c.obj)
                              (--whole-archive)
zephyr/libzephyr.a(thread_entry.c.obj)
                              (--whole-archive)
zephyr/libzephyr.a(cbprintf_complete.c.obj)
                              (--whole-archive)
zephyr/libzephyr.a(assert.c.obj)
                              (--whole-archive)
zephyr/libzephyr.a(dec.c.obj)
                              (--whole-archive)
zephyr/libzephyr.a(hex.c.obj)
                              (--whole-archive)
zephyr/libzephyr.a(rb.c.obj)  (--whole-archive)
zephyr/libzephyr.a(timeutil.c.obj)
                              (--whole-archive)
zephyr/libzephyr.a(bitarray.c.obj)
                              (--whole-archive)
zephyr/libzephyr.a(ring_buffer.c.obj)
                              (--whole-archive)
zephyr/libzephyr.a(configs.c.obj)
                              (--whole-archive)
zephyr/libzephyr.a(soc.c.obj)
                              (--whole-archive)
zephyr/libzephyr.a(mpu_regions.c.obj)
                              (--whole-archive)
zephyr/libzephyr.a(pm_max32657_s2ram.c.obj)
                              (--whole-archive)
zephyr/libzephyr.a(thread_info.c.obj)
                              (--whole-archive)
zephyr/libzephyr.a(thread_analyzer.c.obj)
                              (--whole-archive)
zephyr/libzephyr.a(mem_attr.c.obj)
                              (--whole-archive)
zephyr/libzephyr.a(tracing_none.c.obj)
                              (--whole-archive)
zephyr/libzephyr.a(max32xxx_system.c.obj)
                              (--whole-archive)
zephyr/libzephyr.a(system_max32657.c.obj)
                              (--whole-archive)
zephyr/libzephyr.a(mxc_assert.c.obj)
                              (--whole-archive)
zephyr/libzephyr.a(mxc_delay.c.obj)
                              (--whole-archive)
zephyr/libzephyr.a(mxc_lock.c.obj)
                              (--whole-archive)
zephyr/libzephyr.a(pins_me30.c.obj)
                              (--whole-archive)
zephyr/libzephyr.a(sys_me30.c.obj)
                              (--whole-archive)
zephyr/libzephyr.a(icc_me30.c.obj)
                              (--whole-archive)
zephyr/libzephyr.a(icc_reva.c.obj)
                              (--whole-archive)
zephyr/libzephyr.a(lp_me30.c.obj)
                              (--whole-archive)
zephyr/libzephyr.a(wut_me30.c.obj)
                              (--whole-archive)
zephyr/libzephyr.a(wut_reva.c.obj)
                              (--whole-archive)
zephyr/libzephyr.a(dma_me30.c.obj)
                              (--whole-archive)
zephyr/libzephyr.a(dma_reva.c.obj)
                              (--whole-archive)
zephyr/libzephyr.a(uart_common.c.obj)
                              (--whole-archive)
zephyr/libzephyr.a(uart_me30.c.obj)
                              (--whole-archive)
zephyr/libzephyr.a(uart_revb.c.obj)
                              (--whole-archive)
zephyr/libzephyr.a(gpio_common.c.obj)
                              (--whole-archive)
zephyr/libzephyr.a(gpio_me30.c.obj)
                              (--whole-archive)
zephyr/libzephyr.a(gpio_reva.c.obj)
                              (--whole-archive)
zephyr/arch/common/libarch__common.a(sw_isr_common.c.obj)
                              (--whole-archive)
zephyr/arch/arch/arm/core/libarch__arm__core.a(fatal.c.obj)
                              (--whole-archive)
zephyr/arch/arch/arm/core/libarch__arm__core.a(nmi.c.obj)
                              (--whole-archive)
zephyr/arch/arch/arm/core/libarch__arm__core.a(nmi_on_reset.S.obj)
                              (--whole-archive)
zephyr/arch/arch/arm/core/libarch__arm__core.a(tls.c.obj)
                              (--whole-archive)
zephyr/arch/arch/arm/core/cortex_m/libarch__arm__core__cortex_m.a(exc_exit.c.obj)
                              (--whole-archive)
zephyr/arch/arch/arm/core/cortex_m/libarch__arm__core__cortex_m.a(fault.c.obj)
                              (--whole-archive)
zephyr/arch/arch/arm/core/cortex_m/libarch__arm__core__cortex_m.a(fault_s.S.obj)
                              (--whole-archive)
zephyr/arch/arch/arm/core/cortex_m/libarch__arm__core__cortex_m.a(fpu.c.obj)
                              (--whole-archive)
zephyr/arch/arch/arm/core/cortex_m/libarch__arm__core__cortex_m.a(reset.S.obj)
                              (--whole-archive)
zephyr/arch/arch/arm/core/cortex_m/libarch__arm__core__cortex_m.a(scb.c.obj)
                              (--whole-archive)
zephyr/arch/arch/arm/core/cortex_m/libarch__arm__core__cortex_m.a(thread_abort.c.obj)
[...]
Memory Configuration

Name             Origin             Length             Attributes
FLASH            0x0000000001000000 0x00000000000ac800 xr
RAM              0x0000000030000000 0x0000000000040000 xw
NULL_PTR_DETECT  0x0000000000000000 0x0000000000000400 rw
IDT_LIST         0x00000000ffff7fff 0x0000000000008000 xw
*default*        0x0000000000000000 0xffffffffffffffff

Linker script and memory map

                0x0000000001005b18                vfprintf = __l_vfprintf
                0x0000000000000000                vfscanf = __l_vfscanf
LOAD zephyr/CMakeFiles/zephyr_final.dir/misc/empty_file.c.obj
LOAD zephyr/CMakeFiles/zephyr_final.dir/isr_tables.c.obj
LOAD zephyr/CMakeFiles/offsets.dir/./arch/arm/core/offsets/offsets.c.obj
LOAD app/libapp.a
LOAD zephyr/libzephyr.a
LOAD zephyr/arch/common/libarch__common.a
LOAD zephyr/arch/arch/arm/core/libarch__arm__core.a
LOAD zephyr/arch/arch/arm/core/cortex_m/libarch__arm__core__cortex_m.a
LOAD zephyr/arch/arch/arm/core/cortex_m/cmse/libarch__arm__core__cortex_m__cmse.a
LOAD zephyr/arch/arch/arm/core/mpu/libarch__arm__core__mpu.a
LOAD zephyr/lib/libc/picolibc/liblib__libc__picolibc.a
LOAD zephyr/lib/libc/common/liblib__libc__common.a
LOAD zephyr/drivers/clock_control/libdrivers__clock_control.a
LOAD zephyr/drivers/console/libdrivers__console.a
LOAD zephyr/drivers/gpio/libdrivers__gpio.a
LOAD zephyr/drivers/pinctrl/libdrivers__pinctrl.a
LOAD zephyr/drivers/serial/libdrivers__serial.a
LOAD zephyr/drivers/timer/libdrivers__timer.a
LOAD zephyr/kernel/libkernel.a
LOAD bareterm/libbareterm.a
LOAD zephyr/arch/common/libisr_tables.a
LOAD c:\analog\cfs\1.1.0\tools\zephyr-sdk\arm-zephyr-eabi\bin\../lib/gcc/../../picolibc/arm-zephyr-eabi/lib/thumb/v8-m.main/nofp\libc.a
LOAD c:/analog/cfs/1.1.0/tools/zephyr-sdk/arm-zephyr-eabi/bin/../lib/gcc/arm-zephyr-eabi/12.2.0/thumb/v8-m.main/nofp\libgcc.a
                0x0000000000000020                _region_min_align = 0x20

.rel.plt        0x0000000001000000        0x0
 *(SORT_BY_ALIGNMENT(.rel.plt))
                [!provide]                        PROVIDE (__rel_iplt_start = .)
 *(SORT_BY_ALIGNMENT(.rel.iplt))
 .rel.iplt      0x0000000001000000        0x0 zephyr/CMakeFiles/zephyr_final.dir/isr_tables.c.obj
                [!provide]                        PROVIDE (__rel_iplt_end = .)

.rela.plt       0x0000000000000000        0x0
 *(SORT_BY_ALIGNMENT(.rela.plt))
                [!provide]                        PROVIDE (__rela_iplt_start = .)
 *(SORT_BY_ALIGNMENT(.rela.iplt))
                [!provide]                        PROVIDE (__rela_iplt_end = .)

.rel.dyn
 *(SORT_BY_ALIGNMENT(.rel.*))

.rela.dyn
 *(SORT_BY_ALIGNMENT(.rela.*))

/DISCARD/
 *(SORT_BY_ALIGNMENT(.plt))

/DISCARD/
 *(SORT_BY_ALIGNMENT(.iplt))
                0x0000000001000000                __rom_region_start = 0x1000000

rom_start       0x0000000001000000      0x118
                0x0000000001000000                __rom_start_address = .
 FILL mask 0x00
                0x0000000001000000                . = (. + (0x0 - (. - __rom_start_address)))
                0x0000000001000000                . = ALIGN (0x4)
                0x0000000001000000                . = ALIGN (0x80)
                0x0000000001000000                . = ALIGN (0x200)
                0x0000000001000000                _vector_start = .
 *(SORT_BY_ALIGNMENT(.exc_vector_table))
 *(SORT_BY_ALIGNMENT(.exc_vector_table.*))
 .exc_vector_table._vector_table_section
                0x0000000001000000       0x40 zephyr/arch/arch/arm/core/cortex_m/libarch__arm__core__cortex_m.a(vector_table.S.obj)
                0x0000000001000000                _vector_table
 *(SORT_BY_ALIGNMENT(.vectors))
                0x0000000001000118                _vector_end = .
                0x0000000001000040                . = ALIGN (0x4)
 *(SORT_BY_ALIGNMENT(.gnu.linkonce.irq_vector_table*))
 .gnu.linkonce.irq_vector_table
                0x0000000001000040       0xd8 zephyr/CMakeFiles/zephyr_final.dir/isr_tables.c.obj
                0x0000000001000040                _irq_vector_table
                0x0000000001000118                _vector_end = .

text            0x0000000001000118     0xa484
                0x0000000001000118                __text_region_start = .
 *(SORT_BY_ALIGNMENT(.text))
 .text          0x0000000001000118       0x30 c:/analog/cfs/1.1.0/tools/zephyr-sdk/arm-zephyr-eabi/bin/../lib/gcc/arm-zephyr-eabi/12.2.0/thumb/v8-m.main/nofp\libgcc.a(_aeabi_uldivmod.o)
                0x0000000001000118                __aeabi_uldivmod
 .text          0x0000000001000148        0x4 c:/analog/cfs/1.1.0/tools/zephyr-sdk/arm-zephyr-eabi/bin/../lib/gcc/arm-zephyr-eabi/12.2.0/thumb/v8-m.main/nofp\libgcc.a(_dvmd_tls.o)
                0x0000000001000148                __aeabi_idiv0
                0x0000000001000148                __aeabi_ldiv0
 .text          0x000000000100014c       0x10 c:\analog\cfs\1.1.0\tools\zephyr-sdk\arm-zephyr-eabi\bin\../lib/gcc/../../picolibc/arm-zephyr-eabi/lib/thumb/v8-m.main/nofp\libc.a(strlen.S.o)
                0x000000000100014c                strlen
 .text          0x000000000100015c      0x29c c:/analog/cfs/1.1.0/tools/zephyr-sdk/arm-zephyr-eabi/bin/../lib/gcc/arm-zephyr-eabi/12.2.0/thumb/v8-m.main/nofp\libgcc.a(_udivmoddi4.o)
                0x000000000100015c                __udivmoddi4
 *(SORT_BY_ALIGNMENT(.text.*))
 .text.on_button_click1
                0x00000000010003f8       0x44 app/libapp.a(main.c.obj)
 .text.on_button_click2
                0x000000000100043c       0x44 app/libapp.a(main.c.obj)
 .text.on_toggle
                0x0000000001000480       0x94 app/libapp.a(main.c.obj)
                0x0000000001000480                on_toggle
 .text.on_choice_change
                0x0000000001000514       0x34 app/libapp.a(main.c.obj)
                0x0000000001000514                on_choice_change
 .text.main     0x0000000001000548      0x218 app/libapp.a(main.c.obj)
                0x0000000001000548                main
 .text.__printk_hook_install
                0x0000000001000760       0x1c zephyr/libzephyr.a(printk.c.obj)
                0x0000000001000760                __printk_hook_install
 .text.char_out
                0x000000000100077c       0x20 zephyr/libzephyr.a(printk.c.obj)
 .text.vprintk  0x000000000100079c       0x80 zephyr/libzephyr.a(printk.c.obj)
                0x000000000100079c                vprintk
 .text.z_impl_k_str_out
                0x000000000100081c       0x3c zephyr/libzephyr.a(printk.c.obj)
                0x000000000100081c                z_impl_k_str_out
 .text.k_current_get
                0x0000000001000858       0x18 zephyr/libzephyr.a(thread_entry.c.obj)
 .text.z_thread_entry
                0x0000000001000870       0x38 zephyr/libzephyr.a(thread_entry.c.obj)
                0x0000000001000870                z_thread_entry
 .text.mem_attr_get_regions
                0x00000000010008a8       0x20 zephyr/libzephyr.a(mem_attr.c.obj)
                0x00000000010008a8                mem_attr_get_regions
 .text.SystemCoreClockUpdate
                0x00000000010008c8       0xc8 zephyr/libzephyr.a(system_max32657.c.obj)
                0x00000000010008c8                SystemCoreClockUpdate
 .text.MXC_DelayInit
                0x0000000001000990       0xfc zephyr/libzephyr.a(mxc_delay.c.obj)
 .text.MXC_DelayAsync
                0x0000000001000a8c       0x58 zephyr/libzephyr.a(mxc_delay.c.obj)
                0x0000000001000a8c                MXC_DelayAsync
 .text.MXC_DelayCheck
                0x0000000001000ae4       0x70 zephyr/libzephyr.a(mxc_delay.c.obj)
                0x0000000001000ae4                MXC_DelayCheck
 .text.MXC_DelayAbort
                0x0000000001000b54       0x40 zephyr/libzephyr.a(mxc_delay.c.obj)
                0x0000000001000b54                MXC_DelayAbort
 .text.MXC_SYS_ClockSourceEnable
                0x0000000001000b94       0xe0 zephyr/libzephyr.a(sys_me30.c.obj)
                0x0000000001000b94                MXC_SYS_ClockSourceEnable
 .text.MXC_SYS_Clock_Select
                0x0000000001000c74      0x1e0 zephyr/libzephyr.a(sys_me30.c.obj)
                0x0000000001000c74                MXC_SYS_Clock_Select
 .text.MXC_ICC_Enable
                0x0000000001000e54       0x14 zephyr/libzephyr.a(icc_me30.c.obj)
                0x0000000001000e54                MXC_ICC_Enable
 .text.MXC_UART_Shutdown
                0x0000000001000e68       0x50 zephyr/libzephyr.a(uart_me30.c.obj)
                0x0000000001000e68                MXC_UART_Shutdown
 .text.MXC_UART_SetFrequency
                0x0000000001000eb8       0x94 zephyr/libzephyr.a(uart_me30.c.obj)
                0x0000000001000eb8                MXC_UART_SetFrequency
 .text.MXC_UART_SetClockSource
                0x0000000001000f4c       0x60 zephyr/libzephyr.a(uart_me30.c.obj)
                0x0000000001000f4c                MXC_UART_SetClockSource
 .text.MXC_UART_RevB_SetParity
                0x0000000001000fac       0xe4 zephyr/libzephyr.a(uart_revb.c.obj)
                0x0000000001000fac                MXC_UART_RevB_SetParity
 .text.MXC_UART_RevB_SetClockSource
                0x0000000001001090       0xa8 zephyr/libzephyr.a(uart_revb.c.obj)
                0x0000000001001090                MXC_UART_RevB_SetClockSource
 .text.MXC_GPIO_Common_Init
                0x0000000001001138       0x60 zephyr/libzephyr.a(gpio_common.c.obj)
                0x0000000001001138                MXC_GPIO_Common_Init
 .text.MXC_GPIO_Common_GetConfigLock
                0x0000000001001198       0x14 zephyr/libzephyr.a(gpio_common.c.obj)
                0x0000000001001198                MXC_GPIO_Common_GetConfigLock
 .text.MXC_GPIO_RevA_IntConfig
                0x00000000010011ac      0x124 zephyr/libzephyr.a(gpio_reva.c.obj)
                0x00000000010011ac                MXC_GPIO_RevA_IntConfig
 .text.MXC_GPIO_RevA_SetAF
                0x00000000010012d0      0x118 zephyr/libzephyr.a(gpio_reva.c.obj)
                0x00000000010012d0                MXC_GPIO_RevA_SetAF
 .text.MXC_GPIO_RevA_SetDriveStrength
                0x00000000010013e8       0xf8 zephyr/libzephyr.a(gpio_reva.c.obj)
                0x00000000010013e8                MXC_GPIO_RevA_SetDriveStrength
 .text.z_SysNmiOnReset
                0x00000000010014e0        0x8 zephyr/arch/arch/arm/core/libarch__arm__core.a(nmi_on_reset.S.obj)
                0x00000000010014e0                z_SysNmiOnReset
 .text.z_tls_data_size
                0x00000000010014e8       0x1c zephyr/arch/arch/arm/core/libarch__arm__core.a(tls.c.obj)
 .text.z_tls_copy
                0x0000000001001504       0x3c zephyr/arch/arch/arm/core/libarch__arm__core.a(tls.c.obj)
 .text._HandlerModeExit
                0x0000000001001540       0x2c zephyr/arch/arch/arm/core/cortex_m/libarch__arm__core__cortex_m.a(exc_exit.c.obj)
                0x0000000001001540                z_arm_int_exit
                0x0000000001001540                z_arm_exc_exit
 .text.mem_manage_fault
                0x000000000100156c       0xf0 zephyr/arch/arch/arm/core/cortex_m/libarch__arm__core__cortex_m.a(fault.c.obj)
 .text.bus_fault
                0x000000000100165c       0xd0 zephyr/arch/arch/arm/core/cortex_m/libarch__arm__core__cortex_m.a(fault.c.obj)
 .text.usage_fault
                0x000000000100172c       0xac zephyr/arch/arch/arm/core/cortex_m/libarch__arm__core__cortex_m.a(fault.c.obj)
 .text.secure_fault
                0x00000000010017d8       0xb8 zephyr/arch/arch/arm/core/cortex_m/libarch__arm__core__cortex_m.a(fault.c.obj)
 .text.z_arm_is_synchronous_svc
                0x0000000001001890       0x80 zephyr/arch/arch/arm/core/cortex_m/libarch__arm__core__cortex_m.a(fault.c.obj)
 .text.hard_fault
                0x0000000001001910       0xc0 zephyr/arch/arch/arm/core/cortex_m/libarch__arm__core__cortex_m.a(fault.c.obj)
 .text.fault_handle
                0x00000000010019d0       0xc0 zephyr/arch/arch/arm/core/cortex_m/libarch__arm__core__cortex_m.a(fault.c.obj)
 .text.secure_stack_dump
                0x0000000001001a90       0x4c zephyr/arch/arch/arm/core/cortex_m/libarch__arm__core__cortex_m.a(fault.c.obj)
 .text.z_arm_fault
                0x0000000001001adc       0xbc zephyr/arch/arch/arm/core/cortex_m/libarch__arm__core__cortex_m.a(fault.c.obj)
                0x0000000001001adc                z_arm_fault
 .text.z_arm_fault_init
                0x0000000001001b98       0x28 zephyr/arch/arch/arm/core/cortex_m/libarch__arm__core__cortex_m.a(fault.c.obj)
                0x0000000001001b98                z_arm_fault_init
 .text.__fault  0x0000000001001bc0       0x14 zephyr/arch/arch/arm/core/cortex_m/libarch__arm__core__cortex_m.a(fault_s.S.obj)
                0x0000000001001bc0                z_arm_bus_fault
                0x0000000001001bc0                z_arm_usage_fault
                0x0000000001001bc0                z_arm_mpu_fault
                0x0000000001001bc0                z_arm_exc_spurious
                0x0000000001001bc0                z_arm_debug_monitor
                0x0000000001001bc0                z_arm_hard_fault
                0x0000000001001bc0                z_arm_secure_fault
 .text._reset_section
                0x0000000001001bd4       0x44 zephyr/arch/arch/arm/core/cortex_m/libarch__arm__core__cortex_m.a(reset.S.obj)
                0x0000000001001bd4                __start
                0x0000000001001bd4                z_arm_reset
 .text.z_impl_k_thread_abort
                0x0000000001001c18       0x58 zephyr/arch/arch/arm/core/cortex_m/libarch__arm__core__cortex_m.a(thread_abort.c.obj)
                0x0000000001001c18                z_impl_k_thread_abort
 .text.z_arm_pendsv
                0x0000000001001c70       0x6c zephyr/arch/arch/arm/core/cortex_m/libarch__arm__core__cortex_m.a(swap_helper.S.obj)
                0x0000000001001c70                z_arm_pendsv
 .text.z_arm_svc
                0x0000000001001cdc       0x24 zephyr/arch/arch/arm/core/cortex_m/libarch__arm__core__cortex_m.a(swap_helper.S.obj)
                0x0000000001001cdc                z_arm_svc
 .text.__NVIC_EnableIRQ
                0x0000000001001d00       0x38 zephyr/arch/arch/arm/core/cortex_m/libarch__arm__core__cortex_m.a(irq_manage.c.obj)
 .text.__NVIC_SetPriority
                0x0000000001001d38       0x54 zephyr/arch/arch/arm/core/cortex_m/libarch__arm__core__cortex_m.a(irq_manage.c.obj)
 .text.relocate_vector_table
                0x0000000001001d8c       0x34 zephyr/arch/arch/arm/core/cortex_m/libarch__arm__core__cortex_m.a(prep_c.c.obj)
 .text.z_arm_floating_point_init
                0x0000000001001dc0       0x40 zephyr/arch/arch/arm/core/cortex_m/libarch__arm__core__cortex_m.a(prep_c.c.obj)
 .text.arch_new_thread
                0x0000000001001e00       0x64 zephyr/arch/arch/arm/core/cortex_m/libarch__arm__core__cortex_m.a(thread.c.obj)
                0x0000000001001e00                arch_new_thread
 .text.arch_switch_to_main_thread
                0x0000000001001e64       0x50 zephyr/arch/arch/arm/core/cortex_m/libarch__arm__core__cortex_m.a(thread.c.obj)
                0x0000000001001e64                arch_switch_to_main_thread
 .text.z_arm_cpu_idle_init
                0x0000000001001eb4       0x18 zephyr/arch/arch/arm/core/cortex_m/libarch__arm__core__cortex_m.a(cpu_idle.c.obj)
                0x0000000001001eb4                z_arm_cpu_idle_init
 .text.__NVIC_SetPriority
                0x0000000001001ecc       0x54 zephyr/arch/arch/arm/core/cortex_m/libarch__arm__core__cortex_m.a(irq_init.c.obj)
 .text._isr_wrapper
                0x0000000001001f20       0x3c zephyr/arch/arch/arm/core/cortex_m/libarch__arm__core__cortex_m.a(isr_wrapper.c.obj)
                0x0000000001001f20                _isr_wrapper
 .text.z_arm_configure_static_mpu_regions
                0x0000000001001f5c       0x4c zephyr/arch/arch/arm/core/mpu/libarch__arm__core__mpu.a(arm_core_mpu.c.obj)
                0x0000000001001f5c                z_arm_configure_static_mpu_regions
 .text.ARM_MPU_ClrRegion
                0x0000000001001fa8       0x1c zephyr/arch/arch/arm/core/mpu/libarch__arm__core__mpu.a(arm_mpu.c.obj)
 .text.mpu_set_mair0
                0x0000000001001fc4       0x1c zephyr/arch/arch/arm/core/mpu/libarch__arm__core__mpu.a(arm_mpu.c.obj)
 .text.mpu_set_rnr
                0x0000000001001fe0       0x1c zephyr/arch/arch/arm/core/mpu/libarch__arm__core__mpu.a(arm_mpu.c.obj)
 .text.mpu_set_rbar
                0x0000000001001ffc       0x1c zephyr/arch/arch/arm/core/mpu/libarch__arm__core__mpu.a(arm_mpu.c.obj)
 .text.mpu_get_rbar
                0x0000000001002018       0x14 zephyr/arch/arch/arm/core/mpu/libarch__arm__core__mpu.a(arm_mpu.c.obj)
 .text.mpu_set_rlar
                0x000000000100202c       0x1c zephyr/arch/arch/arm/core/mpu/libarch__arm__core__mpu.a(arm_mpu.c.obj)
 .text.mpu_get_rlar
                0x0000000001002048       0x14 zephyr/arch/arch/arm/core/mpu/libarch__arm__core__mpu.a(arm_mpu.c.obj)
 .text.mpu_get_num_regions
                0x000000000100205c       0x28 zephyr/arch/arch/arm/core/mpu/libarch__arm__core__mpu.a(arm_mpu.c.obj)
 .text.mpu_init
                0x0000000001002084       0x14 zephyr/arch/arch/arm/core/mpu/libarch__arm__core__mpu.a(arm_mpu.c.obj)
 .text.mpu_configure_static_mpu_regions
                0x0000000001002098       0x3c zephyr/arch/arch/arm/core/mpu/libarch__arm__core__mpu.a(arm_mpu.c.obj)
 .text.mpu_mark_areas_for_dynamic_regions
                0x00000000010020d4       0xec zephyr/arch/arch/arm/core/mpu/libarch__arm__core__mpu.a(arm_mpu.c.obj)
 .text.arm_core_mpu_enable
                0x00000000010021c0       0x2c zephyr/arch/arch/arm/core/mpu/libarch__arm__core__mpu.a(arm_mpu.c.obj)
                0x00000000010021c0                arm_core_mpu_enable
 .text.arm_core_mpu_disable
                0x00000000010021ec       0x20 zephyr/arch/arch/arm/core/mpu/libarch__arm__core__mpu.a(arm_mpu.c.obj)
                0x00000000010021ec                arm_core_mpu_disable
 .text.z_arm_mpu_init
                0x000000000100220c       0xa4 zephyr/arch/arch/arm/core/mpu/libarch__arm__core__mpu.a(arm_mpu.c.obj)
                0x000000000100220c                z_arm_mpu_init
 .text.z_impl_zephyr_fputc
                0x00000000010022b0       0x20 zephyr/lib/libc/picolibc/liblib__libc__picolibc.a(stdio.c.obj)
                0x00000000010022b0                z_impl_zephyr_fputc
 .text.__stdout_hook_install
                0x00000000010022d0       0x30 zephyr/lib/libc/picolibc/liblib__libc__picolibc.a(stdio.c.obj)
                0x00000000010022d0                __stdout_hook_install
 .text.malloc_prepare
                0x0000000001002300       0x44 zephyr/lib/libc/common/liblib__libc__common.a(malloc.c.obj)
 .text.api_get_rate
                0x0000000001002344       0xa8 zephyr/drivers/clock_control/libdrivers__clock_control.a(clock_control_max32.c.obj)
 .text.console_out
                0x00000000010023ec       0x58 zephyr/drivers/console/libdrivers__console.a(uart_console.c.obj)
 .text.uart_console_hook_install
                0x0000000001002444       0x18 zephyr/drivers/console/libdrivers__console.a(uart_console.c.obj)
 .text.uart_console_init
                0x000000000100245c       0x2c zephyr/drivers/console/libdrivers__console.a(uart_console.c.obj)
 .text.pinctrl_configure_pin
                0x0000000001002488      0x114 zephyr/drivers/pinctrl/libdrivers__pinctrl.a(pinctrl_max32.c.obj)
 .text.api_configure
                0x000000000100259c      0x130 zephyr/drivers/serial/libdrivers__serial.a(uart_max32.c.obj)
 .text.__NVIC_SetPriority
                0x00000000010026cc       0x54 zephyr/drivers/timer/libdrivers__timer.a(cortex_m_systick.c.obj)
 .text.elapsed  0x0000000001002720       0x78 zephyr/drivers/timer/libdrivers__timer.a(cortex_m_systick.c.obj)
 .text.sys_clock_isr
                0x0000000001002798       0x7c zephyr/drivers/timer/libdrivers__timer.a(cortex_m_systick.c.obj)
                0x0000000001002798                sys_clock_isr
 .text.sys_clock_set_timeout
                0x0000000001002814      0x1b8 zephyr/drivers/timer/libdrivers__timer.a(cortex_m_systick.c.obj)
                0x0000000001002814                sys_clock_set_timeout
 .text.sys_clock_elapsed
                0x00000000010029cc       0x98 zephyr/drivers/timer/libdrivers__timer.a(cortex_m_systick.c.obj)
                0x00000000010029cc                sys_clock_elapsed
 .text.sys_clock_cycle_get_32
                0x0000000001002a64       0x80 zephyr/drivers/timer/libdrivers__timer.a(cortex_m_systick.c.obj)
                0x0000000001002a64                sys_clock_cycle_get_32
 .text.sys_clock_driver_init
                0x0000000001002ae4       0x4c zephyr/drivers/timer/libdrivers__timer.a(cortex_m_systick.c.obj)
 .text.z_device_state_init
                0x0000000001002b30       0x3c zephyr/kernel/libkernel.a(device.c.obj)
                0x0000000001002b30                z_device_state_init
 .text.z_fatal_error
                0x0000000001002b6c       0xa4 zephyr/kernel/libkernel.a(fatal.c.obj)
                0x0000000001002b6c                z_fatal_error
 .text.__NVIC_SetPriority
                0x0000000001002c10       0x54 zephyr/kernel/libkernel.a(init.c.obj)
 .text.z_add_thread_timeout
                0x0000000001002c64       0x28 zephyr/kernel/libkernel.a(init.c.obj)
 .text.z_init_static_threads
                0x0000000001002c8c       0xd4 zephyr/kernel/libkernel.a(init.c.obj)
 .text.z_bss_zero
                0x0000000001002d60       0x20 zephyr/kernel/libkernel.a(init.c.obj)
                0x0000000001002d60                z_bss_zero
 .text.z_sys_init_run_level
                0x0000000001002d80       0x58 zephyr/kernel/libkernel.a(init.c.obj)
 .text.bg_thread_main
                0x0000000001002dd8       0x44 zephyr/kernel/libkernel.a(init.c.obj)
 .text.init_idle_thread
                0x0000000001002e1c       0x84 zephyr/kernel/libkernel.a(init.c.obj)
 .text.z_init_cpu
                0x0000000001002ea0       0xb4 zephyr/kernel/libkernel.a(init.c.obj)
                0x0000000001002ea0                z_init_cpu
 .text.prepare_multithreading
                0x0000000001002f54       0x68 zephyr/kernel/libkernel.a(init.c.obj)
 .text.switch_to_main_thread
                0x0000000001002fbc       0x1c zephyr/kernel/libkernel.a(init.c.obj)
 .text.z_cstart
                0x0000000001002fd8       0xf0 zephyr/kernel/libkernel.a(init.c.obj)
                0x0000000001002fd8                z_cstart
 .text.z_setup_new_thread
                0x00000000010030c8      0x13c zephyr/kernel/libkernel.a(thread.c.obj)
                0x00000000010030c8                z_setup_new_thread
 .text.z_thread_mark_switched_in
                0x0000000001003204       0x18 zephyr/kernel/libkernel.a(thread.c.obj)
                0x0000000001003204                z_thread_mark_switched_in
 .text.z_dummy_thread_init
                0x000000000100321c       0x40 zephyr/kernel/libkernel.a(thread.c.obj)
                0x000000000100321c                z_dummy_thread_init
 .text.z_add_thread_timeout
                0x000000000100325c       0x28 zephyr/kernel/libkernel.a(sched.c.obj)
 .text.z_sched_lock
                0x0000000001003284       0x1c zephyr/kernel/libkernel.a(sched.c.obj)
 .text.z_swap_irqlock
                0x00000000010032a0       0x64 zephyr/kernel/libkernel.a(sched.c.obj)
 .text.move_thread_to_end_of_prio_q
                0x0000000001003304      0x1dc zephyr/kernel/libkernel.a(sched.c.obj)
                0x0000000001003304                move_thread_to_end_of_prio_q
 .text.ready_thread
                0x00000000010034e0      0x1b0 zephyr/kernel/libkernel.a(sched.c.obj)
 .text.z_ready_thread
                0x0000000001003690       0x90 zephyr/kernel/libkernel.a(sched.c.obj)
                0x0000000001003690                z_ready_thread
 .text.thread_halt_spin
                0x0000000001003720      0x258 zephyr/kernel/libkernel.a(sched.c.obj)
 .text.unready_thread
                0x0000000001003978      0x120 zephyr/kernel/libkernel.a(sched.c.obj)
 .text.z_sched_wake_thread
                0x0000000001003a98       0xbc zephyr/kernel/libkernel.a(sched.c.obj)
                0x0000000001003a98                z_sched_wake_thread
 .text.need_swap
                0x0000000001003b54       0x2c zephyr/kernel/libkernel.a(sched.c.obj)
 .text.k_sched_lock
                0x0000000001003b80       0x80 zephyr/kernel/libkernel.a(sched.c.obj)
                0x0000000001003b80                k_sched_lock
 .text.k_sched_unlock
                0x0000000001003c00      0x14c zephyr/kernel/libkernel.a(sched.c.obj)
                0x0000000001003c00                k_sched_unlock
 .text.z_sched_init
                0x0000000001003d4c       0x14 zephyr/kernel/libkernel.a(sched.c.obj)
                0x0000000001003d4c                z_sched_init
 .text.z_impl_k_yield
                0x0000000001003d60      0x19c zephyr/kernel/libkernel.a(sched.c.obj)
                0x0000000001003d60                z_impl_k_yield
 .text.z_tick_sleep
                0x0000000001003efc      0x10c zephyr/kernel/libkernel.a(sched.c.obj)
 .text.z_impl_k_wakeup
                0x0000000001004008       0x94 zephyr/kernel/libkernel.a(sched.c.obj)
                0x0000000001004008                z_impl_k_wakeup
 .text.z_impl_k_sched_current_thread_query
                0x000000000100409c       0x14 zephyr/kernel/libkernel.a(sched.c.obj)
                0x000000000100409c                z_impl_k_sched_current_thread_query
 .text.z_thread_abort
                0x00000000010040b0      0x474 zephyr/kernel/libkernel.a(sched.c.obj)
                0x00000000010040b0                z_thread_abort
 .text.z_is_idle_thread_object
                0x0000000001004524       0x24 zephyr/kernel/libkernel.a(timeslicing.c.obj)
 .text.slice_time
                0x0000000001004548       0x20 zephyr/kernel/libkernel.a(timeslicing.c.obj)
 .text.thread_is_sliceable
                0x0000000001004568       0x84 zephyr/kernel/libkernel.a(timeslicing.c.obj)
                0x0000000001004568                thread_is_sliceable
 .text.slice_timeout
                0x00000000010045ec       0x38 zephyr/kernel/libkernel.a(timeslicing.c.obj)
 .text.z_reset_time_slice
                0x0000000001004624       0x80 zephyr/kernel/libkernel.a(timeslicing.c.obj)
                0x0000000001004624                z_reset_time_slice
 .text.z_time_slice
                0x00000000010046a4       0xe8 zephyr/kernel/libkernel.a(timeslicing.c.obj)
                0x00000000010046a4                z_time_slice
 .text.z_thread_monitor_exit
                0x000000000100478c       0xbc zephyr/kernel/libkernel.a(thread_monitor.c.obj)
                0x000000000100478c                z_thread_monitor_exit
 .text.z_data_copy
                0x0000000001004848       0x40 zephyr/kernel/libkernel.a(xip.c.obj)
                0x0000000001004848                z_data_copy
 .text.first    0x0000000001004888       0x1c zephyr/kernel/libkernel.a(timeout.c.obj)
 .text.next     0x00000000010048a4       0x24 zephyr/kernel/libkernel.a(timeout.c.obj)
 .text.elapsed  0x00000000010048c8       0x20 zephyr/kernel/libkernel.a(timeout.c.obj)
 .text.z_add_timeout
                0x00000000010048e8      0x1f0 zephyr/kernel/libkernel.a(timeout.c.obj)
                0x00000000010048e8                z_add_timeout
 .text.z_abort_timeout
                0x0000000001004ad8       0xc4 zephyr/kernel/libkernel.a(timeout.c.obj)
                0x0000000001004ad8                z_abort_timeout
 .text.sys_clock_announce
                0x0000000001004b9c      0x1e8 zephyr/kernel/libkernel.a(timeout.c.obj)
                0x0000000001004b9c                sys_clock_announce
 .text.sys_clock_tick_get
                0x0000000001004d84       0xb0 zephyr/kernel/libkernel.a(timeout.c.obj)
                0x0000000001004d84                sys_clock_tick_get
 .text.z_sched_usage_start
                0x0000000001004e34       0x20 zephyr/kernel/libkernel.a(usage.c.obj)
                0x0000000001004e34                z_sched_usage_start
 .text.z_sched_usage_stop
                0x0000000001004e54       0xb0 zephyr/kernel/libkernel.a(usage.c.obj)
                0x0000000001004e54                z_sched_usage_stop
 .text.boot_banner
                0x0000000001004f04       0x14 zephyr/kernel/libkernel.a(banner.c.obj)
                0x0000000001004f04                boot_banner
 .text.bareterm_backend_write
                0x0000000001004f18       0x24 bareterm/libbareterm.a(bareterm.c.obj)
                0x0000000001004f18                bareterm_backend_write
 .text.bareterm_init
                0x0000000001004f3c       0x14 bareterm/libbareterm.a(bareterm.c.obj)
                0x0000000001004f3c                bareterm_init
 .text.bareterm_clear_screen
                0x0000000001004f50       0x14 bareterm/libbareterm.a(bareterm.c.obj)
                0x0000000001004f50                bareterm_clear_screen
 .text.bareterm_move_cursor
                0x0000000001004f64       0x38 bareterm/libbareterm.a(bareterm.c.obj)
                0x0000000001004f64                bareterm_move_cursor
 .text.bareterm_set_color
                0x0000000001004f9c       0xb4 bareterm/libbareterm.a(bareterm.c.obj)
                0x0000000001004f9c                bareterm_set_color
 .text.bareterm_reset_color
                0x0000000001005050       0x14 bareterm/libbareterm.a(bareterm.c.obj)
                0x0000000001005050                bareterm_reset_color
 .text.bareterm_draw_box
                0x0000000001005064      0x110 bareterm/libbareterm.a(bareterm.c.obj)
                0x0000000001005064                bareterm_draw_box
 .text.bareterm_uart_input_init
                0x0000000001005174       0x38 bareterm/libbareterm.a(bareterm_uart_input.c.obj)
                0x0000000001005174                bareterm_uart_input_init
 .text.bareterm_input_feed
                0x00000000010051ac      0x194 bareterm/libbareterm.a(bareterm_input.c.obj)
                0x00000000010051ac                bareterm_input_feed
 .text.bareterm_poll_event
                0x0000000001005340       0x40 bareterm/libbareterm.a(bareterm_input.c.obj)
                0x0000000001005340                bareterm_poll_event
 .text.bareterm_widget_register
                0x0000000001005380       0x50 bareterm/libbareterm.a(bareterm_widget.c.obj)
                0x0000000001005380                bareterm_widget_register
 .text.bareterm_draw_all_widgets
                0x00000000010053d0       0x48 bareterm/libbareterm.a(bareterm_widget.c.obj)
                0x00000000010053d0                bareterm_draw_all_widgets
 .text.bareterm_dispatch_event
                0x0000000001005418       0xec bareterm/libbareterm.a(bareterm_widget.c.obj)
                0x0000000001005418                bareterm_dispatch_event
 .text.bareterm_button_init
                0x0000000001005504       0x60 bareterm/libbareterm.a(bareterm_widget.c.obj)
                0x0000000001005504                bareterm_button_init
 .text.bareterm_label_init
                0x0000000001005564       0x7c bareterm/libbareterm.a(bareterm_label.c.obj)
                0x0000000001005564                bareterm_label_init
 .text.bareterm_textbox_init
                0x00000000010055e0       0x78 bareterm/libbareterm.a(bareterm_textbox.c.obj)
                0x00000000010055e0                bareterm_textbox_init
 .text.progressbar_draw
                0x0000000001005658      0x118 bareterm/libbareterm.a(bareterm_progressbar.c.obj)
 .text.bareterm_progressbar_init
                0x0000000001005770       0x80 bareterm/libbareterm.a(bareterm_progressbar.c.obj)
                0x0000000001005770                bareterm_progressbar_init
 .text.checkbox_draw
                0x00000000010057f0       0x74 bareterm/libbareterm.a(bareterm_checkbox.c.obj)
 .text.bareterm_checkbox_init
                0x0000000001005864       0x88 bareterm/libbareterm.a(bareterm_checkbox.c.obj)
                0x0000000001005864                bareterm_checkbox_init
 .text.bareterm_modalpopup_show
                0x00000000010058ec       0x68 bareterm/libbareterm.a(bareterm_modalpopup.c.obj)
                0x00000000010058ec                bareterm_modalpopup_show
 .text.radiogroup_draw
                0x0000000001005954       0x98 bareterm/libbareterm.a(bareterm_radiogroup.c.obj)
 .text.bareterm_radiogroup_init
                0x00000000010059ec       0xd4 bareterm/libbareterm.a(bareterm_radiogroup.c.obj)
                0x00000000010059ec                bareterm_radiogroup_init
 .text.snprintf
                0x0000000001005ac0       0x58 c:\analog\cfs\1.1.0\tools\zephyr-sdk\arm-zephyr-eabi\bin\../lib/gcc/../../picolibc/arm-zephyr-eabi/lib/thumb/v8-m.main/nofp\libc.a(libc_tinystdio_snprintf.c.o)
                0x0000000001005ac0                snprintf
 .text.__l_vfprintf
                0x0000000001005b18      0x4b4 c:\analog\cfs\1.1.0\tools\zephyr-sdk\arm-zephyr-eabi\bin\../lib/gcc/../../picolibc/arm-zephyr-eabi/lib/thumb/v8-m.main/nofp\libc.a(libc_tinystdio_vflprintf.c.o)
                0x0000000001005b18                __l_vfprintf
 .text.vsnprintf
                0x0000000001005fcc       0x50 c:\analog\cfs\1.1.0\tools\zephyr-sdk\arm-zephyr-eabi\bin\../lib/gcc/../../picolibc/arm-zephyr-eabi/lib/thumb/v8-m.main/nofp\libc.a(libc_tinystdio_vsnprintf.c.o)
                0x0000000001005fcc                vsnprintf
 .text._OffsetAbsSyms
                0x000000000100601c        0xc zephyr/CMakeFiles/offsets.dir/./arch/arm/core/offsets/offsets.c.obj
                0x000000000100601c                _OffsetAbsSyms
 .text.device_is_ready
                0x0000000001006028       0x18 app/libapp.a(main.c.obj)
 .text.k_msleep
                0x0000000001006040       0x58 app/libapp.a(main.c.obj)
 .text.k_sleep  0x0000000001006098       0x1c app/libapp.a(main.c.obj)
 .text.gpio_is_ready_dt
                0x00000000010060b4       0x1c app/libapp.a(main.c.obj)
 .text.z_impl_gpio_pin_configure
                0x00000000010060d0       0x98 app/libapp.a(main.c.obj)
 .text.gpio_pin_configure_dt
                0x0000000001006168       0x2c app/libapp.a(main.c.obj)
 .text.gpio_pin_configure
                0x0000000001006194       0x24 app/libapp.a(main.c.obj)
 .text.big_heap_chunks
                0x00000000010061b8       0x14 zephyr/libzephyr.a(heap.c.obj)
 .text.big_heap_bytes
                0x00000000010061cc       0x1c zephyr/libzephyr.a(heap.c.obj)
 .text.big_heap
                0x00000000010061e8       0x1c zephyr/libzephyr.a(heap.c.obj)
 .text.chunk_buf
                0x0000000001006204       0x14 zephyr/libzephyr.a(heap.c.obj)
 .text.chunk_field
                0x0000000001006218       0x4a zephyr/libzephyr.a(heap.c.obj)
 .text.chunk_set
                0x0000000001006262       0x52 zephyr/libzephyr.a(heap.c.obj)
 .text.chunk_size
                0x00000000010062b4       0x20 zephyr/libzephyr.a(heap.c.obj)
 .text.set_chunk_used
                0x00000000010062d4       0x8a zephyr/libzephyr.a(heap.c.obj)
 .text.set_chunk_size
                0x000000000100635e       0x22 zephyr/libzephyr.a(heap.c.obj)
 .text.prev_free_chunk
                0x0000000001006380       0x1e zephyr/libzephyr.a(heap.c.obj)
 .text.set_prev_free_chunk
                0x000000000100639e       0x20 zephyr/libzephyr.a(heap.c.obj)
 .text.set_next_free_chunk
                0x00000000010063be       0x20 zephyr/libzephyr.a(heap.c.obj)
 .text.set_left_chunk_size
                0x00000000010063de       0x20 zephyr/libzephyr.a(heap.c.obj)
 .text.solo_free_header
                0x00000000010063fe       0x38 zephyr/libzephyr.a(heap.c.obj)
 .text.chunk_header_bytes
                0x0000000001006436       0x22 zephyr/libzephyr.a(heap.c.obj)
 .text.heap_footer_bytes
                0x0000000001006458       0x22 zephyr/libzephyr.a(heap.c.obj)
 .text.chunksz  0x000000000100647a       0x18 zephyr/libzephyr.a(heap.c.obj)
 .text.bytes_to_chunksz
                0x0000000001006492       0x26 zephyr/libzephyr.a(heap.c.obj)
 .text.min_chunk_size
                0x00000000010064b8       0x1a zephyr/libzephyr.a(heap.c.obj)
 .text.bucket_idx
                0x00000000010064d2       0x2c zephyr/libzephyr.a(heap.c.obj)
 .text.free_list_add_bidx
                0x00000000010064fe       0x8e zephyr/libzephyr.a(heap.c.obj)
 .text.free_list_add
                0x000000000100658c       0x44 zephyr/libzephyr.a(heap.c.obj)
 .text.sys_heap_init
                0x00000000010065d0       0xf8 zephyr/libzephyr.a(heap.c.obj)
                0x00000000010065d0                sys_heap_init
 .text.k_is_user_context
                0x00000000010066c8        0xe zephyr/libzephyr.a(printk.c.obj)
 .text.k_str_out
                0x00000000010066d6       0x1a zephyr/libzephyr.a(printk.c.obj)
 .text.arch_printk_char_out
                0x00000000010066f0       0x14 zephyr/libzephyr.a(printk.c.obj)
                0x00000000010066f0                arch_printk_char_out
 .text.buf_flush
                0x0000000001006704       0x28 zephyr/libzephyr.a(printk.c.obj)
 .text.buf_char_out
                0x000000000100672c       0x40 zephyr/libzephyr.a(printk.c.obj)
 .text.printk   0x000000000100676c       0x24 zephyr/libzephyr.a(printk.c.obj)
                0x000000000100676c                printk
 .text.k_sched_current_thread_query
                0x0000000001006790        0xe zephyr/libzephyr.a(thread_entry.c.obj)
 .text.k_thread_abort
                0x000000000100679e       0x16 zephyr/libzephyr.a(thread_entry.c.obj)
 .text._ConfigAbsSyms
                0x00000000010067b4        0xc zephyr/libzephyr.a(configs.c.obj)
                0x00000000010067b4                _ConfigAbsSyms
 .text.z_arm_on_enter_cpu_idle
                0x00000000010067c0        0xe zephyr/libzephyr.a(soc.c.obj)
                0x00000000010067c0                z_arm_on_enter_cpu_idle
 .text.soc_early_init_hook
                0x00000000010067ce        0xc zephyr/libzephyr.a(soc.c.obj)
                0x00000000010067ce                soc_early_init_hook
 .text.max32xx_system_init
                0x00000000010067da        0xc zephyr/libzephyr.a(max32xxx_system.c.obj)
                0x00000000010067da                max32xx_system_init
 .text.MXC_SYS_ClockDisable
                0x00000000010067e6       0x52 zephyr/libzephyr.a(sys_me30.c.obj)
                0x00000000010067e6                MXC_SYS_ClockDisable
 .text.MXC_SYS_ClockEnable
                0x0000000001006838       0x56 zephyr/libzephyr.a(sys_me30.c.obj)
                0x0000000001006838                MXC_SYS_ClockEnable
 .text.MXC_SYS_Clock_Timeout
                0x000000000100688e       0x40 zephyr/libzephyr.a(sys_me30.c.obj)
                0x000000000100688e                MXC_SYS_Clock_Timeout
 .text.MXC_SYS_SetClockDiv
                0x00000000010068ce       0x3e zephyr/libzephyr.a(sys_me30.c.obj)
                0x00000000010068ce                MXC_SYS_SetClockDiv
 .text.MXC_SYS_GetClockDiv
                0x000000000100690c       0x1a zephyr/libzephyr.a(sys_me30.c.obj)
                0x000000000100690c                MXC_SYS_GetClockDiv
 .text.MXC_SYS_Reset_Periph
                0x0000000001006926       0x64 zephyr/libzephyr.a(sys_me30.c.obj)
                0x0000000001006926                MXC_SYS_Reset_Periph
 .text.MXC_ICC_Ready
                0x000000000100698a       0x1c zephyr/libzephyr.a(icc_reva.c.obj)
 .text.MXC_ICC_RevA_Enable
                0x00000000010069a6       0x56 zephyr/libzephyr.a(icc_reva.c.obj)
                0x00000000010069a6                MXC_ICC_RevA_Enable
 .text.MXC_UART_Common_WriteCharacter
                0x00000000010069fc       0x2e zephyr/libzephyr.a(uart_common.c.obj)
                0x00000000010069fc                MXC_UART_Common_WriteCharacter
 .text.MXC_UART_SetDataSize
                0x0000000001006a2a       0x1c zephyr/libzephyr.a(uart_me30.c.obj)
                0x0000000001006a2a                MXC_UART_SetDataSize
 .text.MXC_UART_SetStopBits
                0x0000000001006a46       0x20 zephyr/libzephyr.a(uart_me30.c.obj)
                0x0000000001006a46                MXC_UART_SetStopBits
 .text.MXC_UART_SetParity
                0x0000000001006a66       0x20 zephyr/libzephyr.a(uart_me30.c.obj)
                0x0000000001006a66                MXC_UART_SetParity
 .text.MXC_UART_GetActive
                0x0000000001006a86       0x18 zephyr/libzephyr.a(uart_me30.c.obj)
                0x0000000001006a86                MXC_UART_GetActive
 .text.MXC_UART_ReadCharacterRaw
                0x0000000001006a9e       0x18 zephyr/libzephyr.a(uart_me30.c.obj)
                0x0000000001006a9e                MXC_UART_ReadCharacterRaw
 .text.MXC_UART_WriteCharacterRaw
                0x0000000001006ab6       0x20 zephyr/libzephyr.a(uart_me30.c.obj)
                0x0000000001006ab6                MXC_UART_WriteCharacterRaw
 .text.MXC_UART_WriteCharacter
                0x0000000001006ad6       0x20 zephyr/libzephyr.a(uart_me30.c.obj)
                0x0000000001006ad6                MXC_UART_WriteCharacter
 .text.MXC_UART_ReadRXFIFO
                0x0000000001006af6       0x20 zephyr/libzephyr.a(uart_me30.c.obj)
                0x0000000001006af6                MXC_UART_ReadRXFIFO
 .text.MXC_UART_WriteTXFIFO
                0x0000000001006b16       0x20 zephyr/libzephyr.a(uart_me30.c.obj)
                0x0000000001006b16                MXC_UART_WriteTXFIFO
 .text.MXC_UART_GetTXFIFOAvailable
                0x0000000001006b36       0x18 zephyr/libzephyr.a(uart_me30.c.obj)
                0x0000000001006b36                MXC_UART_GetTXFIFOAvailable
 .text.MXC_UART_SetRXThreshold
                0x0000000001006b4e       0x1c zephyr/libzephyr.a(uart_me30.c.obj)
                0x0000000001006b4e                MXC_UART_SetRXThreshold
 .text.MXC_UART_GetFlags
                0x0000000001006b6a       0x18 zephyr/libzephyr.a(uart_me30.c.obj)
                0x0000000001006b6a                MXC_UART_GetFlags
 .text.MXC_UART_ClearFlags
                0x0000000001006b82       0x1c zephyr/libzephyr.a(uart_me30.c.obj)
                0x0000000001006b82                MXC_UART_ClearFlags
 .text.MXC_UART_EnableInt
                0x0000000001006b9e       0x1c zephyr/libzephyr.a(uart_me30.c.obj)
                0x0000000001006b9e                MXC_UART_EnableInt
 .text.MXC_UART_DisableInt
                0x0000000001006bba       0x1c zephyr/libzephyr.a(uart_me30.c.obj)
                0x0000000001006bba                MXC_UART_DisableInt
 .text.MXC_UART_GetStatus
                0x0000000001006bd6       0x18 zephyr/libzephyr.a(uart_me30.c.obj)
                0x0000000001006bd6                MXC_UART_GetStatus
 .text.MXC_UART_RevB_SetFrequency
                0x0000000001006bee       0x58 zephyr/libzephyr.a(uart_revb.c.obj)
                0x0000000001006bee                MXC_UART_RevB_SetFrequency
 .text.MXC_UART_RevB_SetDataSize
                0x0000000001006c46       0x44 zephyr/libzephyr.a(uart_revb.c.obj)
                0x0000000001006c46                MXC_UART_RevB_SetDataSize
 .text.MXC_UART_RevB_SetStopBits
                0x0000000001006c8a       0x46 zephyr/libzephyr.a(uart_revb.c.obj)
                0x0000000001006c8a                MXC_UART_RevB_SetStopBits
 .text.MXC_UART_RevB_GetActive
                0x0000000001006cd0       0x26 zephyr/libzephyr.a(uart_revb.c.obj)
                0x0000000001006cd0                MXC_UART_RevB_GetActive
 .text.MXC_UART_RevB_ReadCharacterRaw
                0x0000000001006cf6       0x28 zephyr/libzephyr.a(uart_revb.c.obj)
                0x0000000001006cf6                MXC_UART_RevB_ReadCharacterRaw
 .text.MXC_UART_RevB_WriteCharacterRaw
                0x0000000001006d1e       0x30 zephyr/libzephyr.a(uart_revb.c.obj)
                0x0000000001006d1e                MXC_UART_RevB_WriteCharacterRaw
 .text.MXC_UART_RevB_ReadRXFIFO
                0x0000000001006d4e       0x4a zephyr/libzephyr.a(uart_revb.c.obj)
                0x0000000001006d4e                MXC_UART_RevB_ReadRXFIFO
 .text.MXC_UART_RevB_WriteTXFIFO
                0x0000000001006d98       0x4a zephyr/libzephyr.a(uart_revb.c.obj)
                0x0000000001006d98                MXC_UART_RevB_WriteTXFIFO
 .text.MXC_UART_RevB_GetTXFIFOAvailable
                0x0000000001006de2       0x24 zephyr/libzephyr.a(uart_revb.c.obj)
                0x0000000001006de2                MXC_UART_RevB_GetTXFIFOAvailable
 .text.MXC_UART_RevB_SetRXThreshold
                0x0000000001006e06       0x3c zephyr/libzephyr.a(uart_revb.c.obj)
                0x0000000001006e06                MXC_UART_RevB_SetRXThreshold
 .text.MXC_UART_RevB_GetFlags
                0x0000000001006e42       0x16 zephyr/libzephyr.a(uart_revb.c.obj)
                0x0000000001006e42                MXC_UART_RevB_GetFlags
 .text.MXC_UART_RevB_ClearFlags
                0x0000000001006e58       0x1c zephyr/libzephyr.a(uart_revb.c.obj)
                0x0000000001006e58                MXC_UART_RevB_ClearFlags
 .text.MXC_UART_RevB_EnableInt
                0x0000000001006e74       0x22 zephyr/libzephyr.a(uart_revb.c.obj)
                0x0000000001006e74                MXC_UART_RevB_EnableInt
 .text.MXC_UART_RevB_DisableInt
                0x0000000001006e96       0x24 zephyr/libzephyr.a(uart_revb.c.obj)
                0x0000000001006e96                MXC_UART_RevB_DisableInt
 .text.MXC_UART_RevB_GetStatus
                0x0000000001006eba       0x16 zephyr/libzephyr.a(uart_revb.c.obj)
                0x0000000001006eba                MXC_UART_RevB_GetStatus
 .text.MXC_GPIO_Init
                0x0000000001006ed0       0x28 zephyr/libzephyr.a(gpio_me30.c.obj)
                0x0000000001006ed0                MXC_GPIO_Init
 .text.MXC_GPIO_Config
                0x0000000001006ef8       0xe4 zephyr/libzephyr.a(gpio_me30.c.obj)
                0x0000000001006ef8                MXC_GPIO_Config
 .text.MXC_GPIO_InGet
                0x0000000001006fdc       0x1c zephyr/libzephyr.a(gpio_me30.c.obj)
                0x0000000001006fdc                MXC_GPIO_InGet
 .text.MXC_GPIO_OutSet
                0x0000000001006ff8       0x1a zephyr/libzephyr.a(gpio_me30.c.obj)
                0x0000000001006ff8                MXC_GPIO_OutSet
 .text.MXC_GPIO_OutClr
                0x0000000001007012       0x1a zephyr/libzephyr.a(gpio_me30.c.obj)
                0x0000000001007012                MXC_GPIO_OutClr
 .text.MXC_GPIO_OutPut
                0x000000000100702c       0x1e zephyr/libzephyr.a(gpio_me30.c.obj)
                0x000000000100702c                MXC_GPIO_OutPut
 .text.MXC_GPIO_OutToggle
                0x000000000100704a       0x1a zephyr/libzephyr.a(gpio_me30.c.obj)
                0x000000000100704a                MXC_GPIO_OutToggle
 .text.MXC_GPIO_IntConfig
                0x0000000001007064       0x20 zephyr/libzephyr.a(gpio_me30.c.obj)
                0x0000000001007064                MXC_GPIO_IntConfig
 .text.MXC_GPIO_EnableInt
                0x0000000001007084       0x1a zephyr/libzephyr.a(gpio_me30.c.obj)
                0x0000000001007084                MXC_GPIO_EnableInt
 .text.MXC_GPIO_DisableInt
                0x000000000100709e       0x1a zephyr/libzephyr.a(gpio_me30.c.obj)
                0x000000000100709e                MXC_GPIO_DisableInt
 .text.MXC_GPIO_ClearFlags
                0x00000000010070b8       0x1a zephyr/libzephyr.a(gpio_me30.c.obj)
                0x00000000010070b8                MXC_GPIO_ClearFlags
 .text.MXC_GPIO_GetFlags
                0x00000000010070d2       0x18 zephyr/libzephyr.a(gpio_me30.c.obj)
                0x00000000010070d2                MXC_GPIO_GetFlags
 .text.MXC_GPIO_SetDriveStrength
                0x00000000010070ea       0x24 zephyr/libzephyr.a(gpio_me30.c.obj)
                0x00000000010070ea                MXC_GPIO_SetDriveStrength
 .text.MXC_GPIO_GetConfigLock
                0x000000000100710e        0xe zephyr/libzephyr.a(gpio_me30.c.obj)
                0x000000000100710e                MXC_GPIO_GetConfigLock
 .text.MXC_GPIO_RevA_InGet
                0x000000000100711c       0x1c zephyr/libzephyr.a(gpio_reva.c.obj)
                0x000000000100711c                MXC_GPIO_RevA_InGet
 .text.MXC_GPIO_RevA_OutSet
                0x0000000001007138       0x1a zephyr/libzephyr.a(gpio_reva.c.obj)
                0x0000000001007138                MXC_GPIO_RevA_OutSet
 .text.MXC_GPIO_RevA_OutClr
                0x0000000001007152       0x1a zephyr/libzephyr.a(gpio_reva.c.obj)
                0x0000000001007152                MXC_GPIO_RevA_OutClr
 .text.MXC_GPIO_RevA_OutPut
                0x000000000100716c       0x2c zephyr/libzephyr.a(gpio_reva.c.obj)
                0x000000000100716c                MXC_GPIO_RevA_OutPut
 .text.MXC_GPIO_RevA_OutToggle
                0x0000000001007198       0x20 zephyr/libzephyr.a(gpio_reva.c.obj)
                0x0000000001007198                MXC_GPIO_RevA_OutToggle
 .text.MXC_GPIO_RevA_EnableInt
                0x00000000010071b8       0x1a zephyr/libzephyr.a(gpio_reva.c.obj)
                0x00000000010071b8                MXC_GPIO_RevA_EnableInt
 .text.MXC_GPIO_RevA_DisableInt
                0x00000000010071d2       0x1a zephyr/libzephyr.a(gpio_reva.c.obj)
                0x00000000010071d2                MXC_GPIO_RevA_DisableInt
 .text.MXC_GPIO_RevA_ClearFlags
                0x00000000010071ec       0x1a zephyr/libzephyr.a(gpio_reva.c.obj)
                0x00000000010071ec                MXC_GPIO_RevA_ClearFlags
 .text.MXC_GPIO_RevA_GetFlags
                0x0000000001007206       0x16 zephyr/libzephyr.a(gpio_reva.c.obj)
                0x0000000001007206                MXC_GPIO_RevA_GetFlags
 .text.esf_dump
                0x000000000100721c       0x1a zephyr/arch/arch/arm/core/libarch__arm__core.a(fatal.c.obj)
 .text.z_arm_fatal_error
                0x0000000001007236       0x3a zephyr/arch/arch/arm/core/libarch__arm__core.a(fatal.c.obj)
                0x0000000001007236                z_arm_fatal_error
 .text.z_do_kernel_oops
                0x0000000001007270       0x2c zephyr/arch/arch/arm/core/libarch__arm__core.a(fatal.c.obj)
                0x0000000001007270                z_do_kernel_oops
 .text.z_arm_nmi
                0x000000000100729c       0x10 zephyr/arch/arch/arm/core/libarch__arm__core.a(nmi.c.obj)
                0x000000000100729c                z_arm_nmi
 .text.arch_tls_stack_setup
                0x00000000010072ac       0x3c zephyr/arch/arch/arm/core/libarch__arm__core.a(tls.c.obj)
                0x00000000010072ac                arch_tls_stack_setup
 .text.fault_show
                0x00000000010072e8       0x14 zephyr/arch/arch/arm/core/cortex_m/libarch__arm__core__cortex_m.a(fault.c.obj)
 .text.memory_fault_recoverable
                0x00000000010072fc       0x18 zephyr/arch/arch/arm/core/cortex_m/libarch__arm__core__cortex_m.a(fault.c.obj)
 .text.debug_monitor
                0x0000000001007314       0x1c zephyr/arch/arch/arm/core/cortex_m/libarch__arm__core__cortex_m.a(fault.c.obj)
 .text.reserved_exception
                0x0000000001007330       0x16 zephyr/arch/arch/arm/core/cortex_m/libarch__arm__core__cortex_m.a(fault.c.obj)
 .text.get_esf  0x0000000001007346       0xbe zephyr/arch/arch/arm/core/cortex_m/libarch__arm__core__cortex_m.a(fault.c.obj)
 .text.arch_irq_enable
                0x0000000001007404       0x1a zephyr/arch/arch/arm/core/cortex_m/libarch__arm__core__cortex_m.a(irq_manage.c.obj)
                0x0000000001007404                arch_irq_enable
 .text.z_arm_irq_priority_set
                0x000000000100741e       0x26 zephyr/arch/arch/arm/core/cortex_m/libarch__arm__core__cortex_m.a(irq_manage.c.obj)
                0x000000000100741e                z_arm_irq_priority_set
 .text.z_irq_spurious
                0x0000000001007444       0x18 zephyr/arch/arch/arm/core/cortex_m/libarch__arm__core__cortex_m.a(irq_manage.c.obj)
                0x0000000001007444                z_irq_spurious
 .text.z_prep_c
                0x000000000100745c       0x1c zephyr/arch/arch/arm/core/cortex_m/libarch__arm__core__cortex_m.a(prep_c.c.obj)
                0x000000000100745c                z_prep_c
 .text.z_arm_prepare_switch_to_main
                0x0000000001007478        0xc zephyr/arch/arch/arm/core/cortex_m/libarch__arm__core__cortex_m.a(thread.c.obj)
 .text.arch_irq_unlock_outlined
                0x0000000001007484       0x32 zephyr/arch/arch/arm/core/cortex_m/libarch__arm__core__cortex_m.a(thread.c.obj)
                0x0000000001007484                arch_irq_unlock_outlined
 .text.arch_cpu_idle
                0x00000000010074b6       0x40 zephyr/arch/arch/arm/core/cortex_m/libarch__arm__core__cortex_m.a(cpu_idle.c.obj)
                0x00000000010074b6                arch_cpu_idle
 .text.z_arm_interrupt_init
                0x00000000010074f6       0x2e zephyr/arch/arch/arm/core/cortex_m/libarch__arm__core__cortex_m.a(irq_init.c.obj)
                0x00000000010074f6                z_arm_interrupt_init
 .text.arm_cmse_mpu_region_get
                0x0000000001007524       0x36 zephyr/arch/arch/arm/core/cortex_m/cmse/libarch__arm__core__cortex_m__cmse.a(arm_core_cmse.c.obj)
                0x0000000001007524                arm_cmse_mpu_region_get
 .text.ARM_MPU_ClrRegionEx
                0x000000000100755a       0x20 zephyr/arch/arch/arm/core/mpu/libarch__arm__core__mpu.a(arm_mpu.c.obj)
 .text.mpu_clear_region
                0x000000000100757a       0x16 zephyr/arch/arch/arm/core/mpu/libarch__arm__core__mpu.a(arm_mpu.c.obj)
 .text.mpu_set_region
                0x0000000001007590       0x26 zephyr/arch/arch/arm/core/mpu/libarch__arm__core__mpu.a(arm_mpu.c.obj)
 .text.region_init
                0x00000000010075b6       0x50 zephyr/arch/arch/arm/core/mpu/libarch__arm__core__mpu.a(arm_mpu.c.obj)
 .text.mpu_partition_is_valid
                0x0000000001007606       0x40 zephyr/arch/arch/arm/core/mpu/libarch__arm__core__mpu.a(arm_mpu.c.obj)
 .text.get_region_index
                0x0000000001007646       0x3e zephyr/arch/arch/arm/core/mpu/libarch__arm__core__mpu.a(arm_mpu.c.obj)
 .text.mpu_region_get_base
                0x0000000001007684       0x20 zephyr/arch/arch/arm/core/mpu/libarch__arm__core__mpu.a(arm_mpu.c.obj)
 .text.mpu_region_set_base
                0x00000000010076a4       0x30 zephyr/arch/arch/arm/core/mpu/libarch__arm__core__mpu.a(arm_mpu.c.obj)
 .text.mpu_region_get_last_addr
                0x00000000010076d4       0x20 zephyr/arch/arch/arm/core/mpu/libarch__arm__core__mpu.a(arm_mpu.c.obj)
 .text.mpu_region_set_limit
                0x00000000010076f4       0x30 zephyr/arch/arch/arm/core/mpu/libarch__arm__core__mpu.a(arm_mpu.c.obj)
 .text.mpu_region_get_access_attr
                0x0000000001007724       0x46 zephyr/arch/arch/arm/core/mpu/libarch__arm__core__mpu.a(arm_mpu.c.obj)
 .text.mpu_region_get_conf
                0x000000000100776a       0x40 zephyr/arch/arch/arm/core/mpu/libarch__arm__core__mpu.a(arm_mpu.c.obj)
 .text.get_region_attr_from_mpu_partition_info
                0x00000000010077aa       0x54 zephyr/arch/arch/arm/core/mpu/libarch__arm__core__mpu.a(arm_mpu.c.obj)
 .text.mpu_configure_regions_and_partition
                0x00000000010077fe      0x2ec zephyr/arch/arch/arm/core/mpu/libarch__arm__core__mpu.a(arm_mpu.c.obj)
 .text.get_num_regions
                0x0000000001007aea        0xe zephyr/arch/arch/arm/core/mpu/libarch__arm__core__mpu.a(arm_mpu.c.obj)
 .text.region_allocate_and_init
                0x0000000001007af8       0x38 zephyr/arch/arch/arm/core/mpu/libarch__arm__core__mpu.a(arm_mpu.c.obj)
 .text.mpu_configure_regions_from_dt
                0x0000000001007b30      0x18c zephyr/arch/arch/arm/core/mpu/libarch__arm__core__mpu.a(arm_mpu.c.obj)
 .text.mpu_configure_region
                0x0000000001007cbc       0x48 zephyr/arch/arch/arm/core/mpu/libarch__arm__core__mpu.a(arm_mpu.c.obj)
 .text.arm_core_mpu_configure_static_mpu_regions
                0x0000000001007d04       0x24 zephyr/arch/arch/arm/core/mpu/libarch__arm__core__mpu.a(arm_mpu.c.obj)
                0x0000000001007d04                arm_core_mpu_configure_static_mpu_regions
 .text.arm_core_mpu_mark_areas_for_dynamic_regions
                0x0000000001007d28       0x1e zephyr/arch/arch/arm/core/mpu/libarch__arm__core__mpu.a(arm_mpu.c.obj)
                0x0000000001007d28                arm_core_mpu_mark_areas_for_dynamic_regions
 .text.zephyr_fputc
                0x0000000001007d46       0x1c zephyr/lib/libc/picolibc/liblib__libc__picolibc.a(stdio.c.obj)
 .text.picolibc_put
                0x0000000001007d62       0x20 zephyr/lib/libc/picolibc/liblib__libc__picolibc.a(stdio.c.obj)
 .text.Wrap_MXC_SYS_SetClockDiv
                0x0000000001007d82       0x1a zephyr/drivers/clock_control/libdrivers__clock_control.a(clock_control_max32.c.obj)
 .text.api_on   0x0000000001007d9c       0x66 zephyr/drivers/clock_control/libdrivers__clock_control.a(clock_control_max32.c.obj)
 .text.api_off  0x0000000001007e02       0x66 zephyr/drivers/clock_control/libdrivers__clock_control.a(clock_control_max32.c.obj)
 .text.setup_fixed_clocks
                0x0000000001007e68        0xe zephyr/drivers/clock_control/libdrivers__clock_control.a(clock_control_max32.c.obj)
 .text.max32_clkctrl_init
                0x0000000001007e76       0x22 zephyr/drivers/clock_control/libdrivers__clock_control.a(clock_control_max32.c.obj)
 .text.device_is_ready
                0x0000000001007e98       0x18 zephyr/drivers/console/libdrivers__console.a(uart_console.c.obj)
 .text.z_impl_uart_poll_out
                0x0000000001007eb0       0x26 zephyr/drivers/console/libdrivers__console.a(uart_console.c.obj)
 .text.uart_poll_out
                0x0000000001007ed6       0x1e zephyr/drivers/console/libdrivers__console.a(uart_console.c.obj)
 .text.pm_device_runtime_get
                0x0000000001007ef4       0x14 zephyr/drivers/console/libdrivers__console.a(uart_console.c.obj)
 .text.pm_device_runtime_put_async
                0x0000000001007f08       0x18 zephyr/drivers/console/libdrivers__console.a(uart_console.c.obj)
 .text.z_snode_next_peek
                0x0000000001007f20       0x16 zephyr/drivers/gpio/libdrivers__gpio.a(gpio_max32.c.obj)
 .text.z_snode_next_set
                0x0000000001007f36       0x1a zephyr/drivers/gpio/libdrivers__gpio.a(gpio_max32.c.obj)
 .text.z_slist_head_set
                0x0000000001007f50       0x1a zephyr/drivers/gpio/libdrivers__gpio.a(gpio_max32.c.obj)
 .text.z_slist_tail_set
                0x0000000001007f6a       0x1a zephyr/drivers/gpio/libdrivers__gpio.a(gpio_max32.c.obj)
 .text.sys_slist_peek_head
                0x0000000001007f84       0x16 zephyr/drivers/gpio/libdrivers__gpio.a(gpio_max32.c.obj)
 .text.sys_slist_peek_tail
                0x0000000001007f9a       0x16 zephyr/drivers/gpio/libdrivers__gpio.a(gpio_max32.c.obj)
 .text.sys_slist_is_empty
                0x0000000001007fb0       0x22 zephyr/drivers/gpio/libdrivers__gpio.a(gpio_max32.c.obj)
 .text.sys_slist_peek_next_no_check
                0x0000000001007fd2       0x18 zephyr/drivers/gpio/libdrivers__gpio.a(gpio_max32.c.obj)
 .text.sys_slist_peek_next
                0x0000000001007fea       0x22 zephyr/drivers/gpio/libdrivers__gpio.a(gpio_max32.c.obj)
 .text.sys_slist_prepend
                0x000000000100800c       0x44 zephyr/drivers/gpio/libdrivers__gpio.a(gpio_max32.c.obj)
 .text.sys_slist_remove
                0x0000000001008050       0x76 zephyr/drivers/gpio/libdrivers__gpio.a(gpio_max32.c.obj)
 .text.sys_slist_find_and_remove
                0x00000000010080c6       0x4a zephyr/drivers/gpio/libdrivers__gpio.a(gpio_max32.c.obj)
 .text.clock_control_on
                0x0000000001008110       0x24 zephyr/drivers/gpio/libdrivers__gpio.a(gpio_max32.c.obj)
 .text.gpio_manage_callback
                0x0000000001008134       0x74 zephyr/drivers/gpio/libdrivers__gpio.a(gpio_max32.c.obj)
 .text.gpio_fire_callbacks
                0x00000000010081a8       0xaa zephyr/drivers/gpio/libdrivers__gpio.a(gpio_max32.c.obj)
 .text.api_port_get_raw
                0x0000000001008252       0x2e zephyr/drivers/gpio/libdrivers__gpio.a(gpio_max32.c.obj)
 .text.api_port_set_masked_raw
                0x0000000001008280       0x2a zephyr/drivers/gpio/libdrivers__gpio.a(gpio_max32.c.obj)
 .text.api_port_set_bits_raw
                0x00000000010082aa       0x26 zephyr/drivers/gpio/libdrivers__gpio.a(gpio_max32.c.obj)
 .text.api_port_clear_bits_raw
                0x00000000010082d0       0x26 zephyr/drivers/gpio/libdrivers__gpio.a(gpio_max32.c.obj)
 .text.api_port_toggle_bits
                0x00000000010082f6       0x26 zephyr/drivers/gpio/libdrivers__gpio.a(gpio_max32.c.obj)
 .text.api_pin_configure
                0x000000000100831c      0x156 zephyr/drivers/gpio/libdrivers__gpio.a(gpio_max32.c.obj)
 .text.api_pin_interrupt_configure
                0x0000000001008472      0x122 zephyr/drivers/gpio/libdrivers__gpio.a(gpio_max32.c.obj)
 .text.api_manage_callback
                0x0000000001008594       0x2c zephyr/drivers/gpio/libdrivers__gpio.a(gpio_max32.c.obj)
 .text.gpio_max32_isr
                0x00000000010085c0       0x46 zephyr/drivers/gpio/libdrivers__gpio.a(gpio_max32.c.obj)
 .text.gpio_max32_init
                0x0000000001008606       0x42 zephyr/drivers/gpio/libdrivers__gpio.a(gpio_max32.c.obj)
 .text.gpio_max32_irq_init_0
                0x0000000001008648       0x16 zephyr/drivers/gpio/libdrivers__gpio.a(gpio_max32.c.obj)
 .text.pinctrl_lookup_state
                0x000000000100865e       0x56 zephyr/drivers/pinctrl/libdrivers__pinctrl.a(common.c.obj)
                0x000000000100865e                pinctrl_lookup_state
 .text.pinctrl_configure_pins
                0x00000000010086b4       0x48 zephyr/drivers/pinctrl/libdrivers__pinctrl.a(pinctrl_max32.c.obj)
                0x00000000010086b4                pinctrl_configure_pins
 .text.device_is_ready
                0x00000000010086fc       0x18 zephyr/drivers/serial/libdrivers__serial.a(uart_max32.c.obj)
 .text.pinctrl_apply_state_direct
                0x0000000001008714       0x28 zephyr/drivers/serial/libdrivers__serial.a(uart_max32.c.obj)
 .text.pinctrl_apply_state
                0x000000000100873c       0x3a zephyr/drivers/serial/libdrivers__serial.a(uart_max32.c.obj)
 .text.clock_control_on
                0x0000000001008776       0x24 zephyr/drivers/serial/libdrivers__serial.a(uart_max32.c.obj)
 .text.Wrap_MXC_UART_Init
                0x000000000100879a       0x1c zephyr/drivers/serial/libdrivers__serial.a(uart_max32.c.obj)
 .text.wrap_get_clock_source_instance
                0x00000000010087b6       0x32 zephyr/drivers/serial/libdrivers__serial.a(uart_max32.c.obj)
 .text.Wrap_MXC_UART_SetFrequency
                0x00000000010087e8       0x2c zephyr/drivers/serial/libdrivers__serial.a(uart_max32.c.obj)
 .text.Wrap_MXC_UART_SetClockSource
                0x0000000001008814       0x28 zephyr/drivers/serial/libdrivers__serial.a(uart_max32.c.obj)
 .text.Wrap_MXC_UART_GetRegINTEN
                0x000000000100883c       0x16 zephyr/drivers/serial/libdrivers__serial.a(uart_max32.c.obj)
 .text.api_poll_out
                0x0000000001008852       0x28 zephyr/drivers/serial/libdrivers__serial.a(uart_max32.c.obj)
 .text.api_poll_in
                0x000000000100887a       0x3a zephyr/drivers/serial/libdrivers__serial.a(uart_max32.c.obj)
 .text.api_err_check
                0x00000000010088b4       0x5e zephyr/drivers/serial/libdrivers__serial.a(uart_max32.c.obj)
 .text.api_config_get
                0x0000000001008912       0x2a zephyr/drivers/serial/libdrivers__serial.a(uart_max32.c.obj)
 .text.uart_max32_hw_init
                0x000000000100893c       0x66 zephyr/drivers/serial/libdrivers__serial.a(uart_max32.c.obj)
 .text.uart_max32_init
                0x00000000010089a2       0xa8 zephyr/drivers/serial/libdrivers__serial.a(uart_max32.c.obj)
 .text.api_fifo_fill
                0x0000000001008a4a       0x30 zephyr/drivers/serial/libdrivers__serial.a(uart_max32.c.obj)
 .text.api_fifo_read
                0x0000000001008a7a       0x42 zephyr/drivers/serial/libdrivers__serial.a(uart_max32.c.obj)
 .text.api_irq_tx_enable
                0x0000000001008abc       0x60 zephyr/drivers/serial/libdrivers__serial.a(uart_max32.c.obj)
 .text.api_irq_tx_disable
                0x0000000001008b1c       0x22 zephyr/drivers/serial/libdrivers__serial.a(uart_max32.c.obj)
 .text.api_irq_tx_ready
                0x0000000001008b3e       0x44 zephyr/drivers/serial/libdrivers__serial.a(uart_max32.c.obj)
 .text.api_irq_tx_complete
                0x0000000001008b82       0x2e zephyr/drivers/serial/libdrivers__serial.a(uart_max32.c.obj)
 .text.api_irq_rx_ready
                0x0000000001008bb0       0x44 zephyr/drivers/serial/libdrivers__serial.a(uart_max32.c.obj)
 .text.api_irq_err_enable
                0x0000000001008bf4       0x22 zephyr/drivers/serial/libdrivers__serial.a(uart_max32.c.obj)
 .text.api_irq_err_disable
                0x0000000001008c16       0x22 zephyr/drivers/serial/libdrivers__serial.a(uart_max32.c.obj)
 .text.api_irq_is_pending
                0x0000000001008c38       0x20 zephyr/drivers/serial/libdrivers__serial.a(uart_max32.c.obj)
 .text.api_irq_update
                0x0000000001008c58       0x4e zephyr/drivers/serial/libdrivers__serial.a(uart_max32.c.obj)
 .text.api_irq_callback_set
                0x0000000001008ca6       0x28 zephyr/drivers/serial/libdrivers__serial.a(uart_max32.c.obj)
 .text.api_irq_rx_enable
                0x0000000001008cce       0x22 zephyr/drivers/serial/libdrivers__serial.a(uart_max32.c.obj)
 .text.api_irq_rx_disable
                0x0000000001008cf0       0x22 zephyr/drivers/serial/libdrivers__serial.a(uart_max32.c.obj)
 .text.uart_max32_isr
                0x0000000001008d12       0x4a zephyr/drivers/serial/libdrivers__serial.a(uart_max32.c.obj)
 .text.uart_max32_irq_init_0
                0x0000000001008d5c       0x1e zephyr/drivers/serial/libdrivers__serial.a(uart_max32.c.obj)
 .text.k_object_init
                0x0000000001008d7a       0x12 zephyr/kernel/libkernel.a(device.c.obj)
 .text.z_impl_device_is_ready
                0x0000000001008d8c       0x42 zephyr/kernel/libkernel.a(device.c.obj)
                0x0000000001008d8c                z_impl_device_is_ready
 .text.k_thread_abort
                0x0000000001008dce       0x16 zephyr/kernel/libkernel.a(fatal.c.obj)
 .text.coredump
                0x0000000001008de4       0x16 zephyr/kernel/libkernel.a(fatal.c.obj)
 .text.arch_system_halt
                0x0000000001008dfa       0x28 zephyr/kernel/libkernel.a(fatal.c.obj)
                0x0000000001008dfa                arch_system_halt
 .text.k_sys_fatal_error_handler
                0x0000000001008e22       0x12 zephyr/kernel/libkernel.a(fatal.c.obj)
                0x0000000001008e22                k_sys_fatal_error_handler
 .text.K_KERNEL_STACK_BUFFER
                0x0000000001008e34       0x14 zephyr/kernel/libkernel.a(init.c.obj)
 .text.k_thread_start
                0x0000000001008e48       0x16 zephyr/kernel/libkernel.a(init.c.obj)
 .text.k_wakeup
                0x0000000001008e5e       0x16 zephyr/kernel/libkernel.a(init.c.obj)
 .text.thread_schedule_new
                0x0000000001008e74       0x3a zephyr/kernel/libkernel.a(init.c.obj)
 .text.z_mark_thread_as_not_sleeping
                0x0000000001008eae       0x20 zephyr/kernel/libkernel.a(init.c.obj)
 .text.z_thread_essential_clear
                0x0000000001008ece       0x20 zephyr/kernel/libkernel.a(init.c.obj)
 .text.gcov_static_init
                0x0000000001008eee        0xc zephyr/kernel/libkernel.a(init.c.obj)
 .text.pm_device_runtime_auto_enable
                0x0000000001008efa       0x14 zephyr/kernel/libkernel.a(init.c.obj)
 .text.z_early_memset
                0x0000000001008f0e       0x1e zephyr/kernel/libkernel.a(init.c.obj)
                0x0000000001008f0e                z_early_memset
 .text.z_early_memcpy
                0x0000000001008f2c       0x1e zephyr/kernel/libkernel.a(init.c.obj)
                0x0000000001008f2c                z_early_memcpy
 .text.do_device_init
                0x0000000001008f4a       0x6c zephyr/kernel/libkernel.a(init.c.obj)
 .text.z_init_static
                0x0000000001008fb6        0xc zephyr/kernel/libkernel.a(init_static.c.obj)
                0x0000000001008fb6                z_init_static
 .text.k_cpu_idle
                0x0000000001008fc2        0xc zephyr/kernel/libkernel.a(idle.c.obj)
 .text.idle     0x0000000001008fce       0x30 zephyr/kernel/libkernel.a(idle.c.obj)
                0x0000000001008fce                idle
 .text.arch_spin_relax
                0x0000000001008ffe       0x10 zephyr/kernel/libkernel.a(idle.c.obj)
                0x0000000001008ffe                arch_spin_relax
 .text.sys_dlist_init
                0x000000000100900e       0x1e zephyr/kernel/libkernel.a(thread.c.obj)
 .text.sys_dnode_init
                0x000000000100902c       0x1e zephyr/kernel/libkernel.a(thread.c.obj)
 .text.K_KERNEL_STACK_BUFFER
                0x000000000100904a       0x14 zephyr/kernel/libkernel.a(thread.c.obj)
 .text.z_init_timeout
                0x000000000100905e       0x18 zephyr/kernel/libkernel.a(thread.c.obj)
 .text.z_init_thread_timeout
                0x0000000001009076       0x1a zephyr/kernel/libkernel.a(thread.c.obj)
 .text.z_waitq_init
                0x0000000001009090       0x18 zephyr/kernel/libkernel.a(thread.c.obj)
 .text.setup_thread_stack
                0x00000000010090a8       0x86 zephyr/kernel/libkernel.a(thread.c.obj)
 .text.z_init_thread_base
                0x000000000100912e       0x40 zephyr/kernel/libkernel.a(thread.c.obj)
                0x000000000100912e                z_init_thread_base
 .text.z_thread_mark_switched_out
                0x000000000100916e        0xc zephyr/kernel/libkernel.a(thread.c.obj)
                0x000000000100916e                z_thread_mark_switched_out
 .text.sys_dlist_init
                0x000000000100917a       0x1e zephyr/kernel/libkernel.a(sched.c.obj)
 .text.sys_dnode_init
                0x0000000001009198       0x1e zephyr/kernel/libkernel.a(sched.c.obj)
 .text.sys_dnode_is_linked
                0x00000000010091b6       0x20 zephyr/kernel/libkernel.a(sched.c.obj)
 .text.sys_dlist_is_empty
                0x00000000010091d6       0x22 zephyr/kernel/libkernel.a(sched.c.obj)
 .text.sys_dlist_peek_head
                0x00000000010091f8       0x24 zephyr/kernel/libkernel.a(sched.c.obj)
 .text.sys_dlist_peek_next_no_check
                0x000000000100921c       0x26 zephyr/kernel/libkernel.a(sched.c.obj)
 .text.sys_dlist_peek_next
                0x0000000001009242       0x26 zephyr/kernel/libkernel.a(sched.c.obj)
 .text.sys_dlist_append
                0x0000000001009268       0x32 zephyr/kernel/libkernel.a(sched.c.obj)
 .text.sys_dlist_insert
                0x000000000100929a       0x32 zephyr/kernel/libkernel.a(sched.c.obj)
 .text.sys_dlist_dequeue
                0x00000000010092cc       0x2a zephyr/kernel/libkernel.a(sched.c.obj)
 .text.sys_dlist_remove
                0x00000000010092f6       0x2e zephyr/kernel/libkernel.a(sched.c.obj)
 .text.k_yield  0x0000000001009324        0xc zephyr/kernel/libkernel.a(sched.c.obj)
 .text.z_is_inactive_timeout
                0x0000000001009330       0x30 zephyr/kernel/libkernel.a(sched.c.obj)
 .text.z_abort_thread_timeout
                0x0000000001009360       0x1a zephyr/kernel/libkernel.a(sched.c.obj)
 .text.thread_is_preemptible
                0x000000000100937a       0x20 zephyr/kernel/libkernel.a(sched.c.obj)
 .text.thread_is_metairq
                0x000000000100939a       0x14 zephyr/kernel/libkernel.a(sched.c.obj)
 .text.z_is_thread_prevented_from_running
                0x00000000010093ae       0x28 zephyr/kernel/libkernel.a(sched.c.obj)
 .text.z_is_thread_timeout_active
                0x00000000010093d6       0x32 zephyr/kernel/libkernel.a(sched.c.obj)
 .text.z_is_thread_ready
                0x0000000001009408       0x2e zephyr/kernel/libkernel.a(sched.c.obj)
 .text.z_is_thread_state_set
                0x0000000001009436       0x28 zephyr/kernel/libkernel.a(sched.c.obj)
 .text.z_is_thread_queued
                0x000000000100945e       0x1a zephyr/kernel/libkernel.a(sched.c.obj)
 .text.z_mark_thread_as_queued
                0x0000000001009478       0x20 zephyr/kernel/libkernel.a(sched.c.obj)
 .text.z_mark_thread_as_not_queued
                0x0000000001009498       0x20 zephyr/kernel/libkernel.a(sched.c.obj)
 .text.z_mark_thread_as_pending
                0x00000000010094b8       0x20 zephyr/kernel/libkernel.a(sched.c.obj)
 .text.z_mark_thread_as_not_pending
                0x00000000010094d8       0x20 zephyr/kernel/libkernel.a(sched.c.obj)
 .text.z_is_thread_sleeping
                0x00000000010094f8       0x24 zephyr/kernel/libkernel.a(sched.c.obj)
 .text.z_mark_thread_as_sleeping
                0x000000000100951c       0x20 zephyr/kernel/libkernel.a(sched.c.obj)
 .text.z_mark_thread_as_not_sleeping
                0x000000000100953c       0x20 zephyr/kernel/libkernel.a(sched.c.obj)
 .text.z_is_thread_essential
                0x000000000100955c       0x24 zephyr/kernel/libkernel.a(sched.c.obj)
 .text.z_reschedule_unlocked
                0x0000000001009580       0x32 zephyr/kernel/libkernel.a(sched.c.obj)
 .text.unpend_thread_no_timeout
                0x00000000010095b2       0x34 zephyr/kernel/libkernel.a(sched.c.obj)
 .text.z_waitq_head
                0x00000000010095e6       0x1a zephyr/kernel/libkernel.a(sched.c.obj)
 .text.should_queue_thread
                0x0000000001009600       0x14 zephyr/kernel/libkernel.a(sched.c.obj)
 .text.is_aborting
                0x0000000001009614       0x24 zephyr/kernel/libkernel.a(sched.c.obj)
 .text.is_halting
                0x0000000001009638       0x24 zephyr/kernel/libkernel.a(sched.c.obj)
 .text.clear_halting
                0x000000000100965c       0x12 zephyr/kernel/libkernel.a(sched.c.obj)
 .text.update_metairq_preempt
                0x000000000100966e       0x12 zephyr/kernel/libkernel.a(sched.c.obj)
 .text.thread_active_elsewhere
                0x0000000001009680       0x14 zephyr/kernel/libkernel.a(sched.c.obj)
 .text.add_to_waitq_locked
                0x0000000001009694       0xc8 zephyr/kernel/libkernel.a(sched.c.obj)
 .text.z_thread_timeout
                0x000000000100975c       0x1e zephyr/kernel/libkernel.a(sched.c.obj)
                0x000000000100975c                z_thread_timeout
 .text.resched  0x000000000100977a       0x4e zephyr/kernel/libkernel.a(sched.c.obj)
 .text.z_reschedule
                0x00000000010097c8       0x64 zephyr/kernel/libkernel.a(sched.c.obj)
                0x00000000010097c8                z_reschedule
 .text.z_reschedule_irqlock
                0x000000000100982c       0x46 zephyr/kernel/libkernel.a(sched.c.obj)
                0x000000000100982c                z_reschedule_irqlock
 .text.init_ready_q
                0x0000000001009872       0x1e zephyr/kernel/libkernel.a(sched.c.obj)
                0x0000000001009872                init_ready_q
 .text.z_impl_k_sleep
                0x0000000001009890       0x72 zephyr/kernel/libkernel.a(sched.c.obj)
                0x0000000001009890                z_impl_k_sleep
 .text.unpend_all
                0x0000000001009902       0x4e zephyr/kernel/libkernel.a(sched.c.obj)
 .text.thread_is_preemptible
                0x0000000001009950       0x20 zephyr/kernel/libkernel.a(timeslicing.c.obj)
 .text.z_is_thread_prevented_from_running
                0x0000000001009970       0x28 zephyr/kernel/libkernel.a(timeslicing.c.obj)
 .text.z_is_prio1_higher_than_prio2
                0x0000000001009998       0x22 zephyr/kernel/libkernel.a(timeslicing.c.obj)
 .text.z_is_prio_higher
                0x00000000010099ba       0x1c zephyr/kernel/libkernel.a(timeslicing.c.obj)
 .text.sys_dnode_init
                0x00000000010099d6       0x1e zephyr/kernel/libkernel.a(timeout.c.obj)
 .text.sys_dnode_is_linked
                0x00000000010099f4       0x20 zephyr/kernel/libkernel.a(timeout.c.obj)
 .text.sys_dlist_is_empty
                0x0000000001009a14       0x22 zephyr/kernel/libkernel.a(timeout.c.obj)
 .text.sys_dlist_peek_head
                0x0000000001009a36       0x24 zephyr/kernel/libkernel.a(timeout.c.obj)
 .text.sys_dlist_peek_next_no_check
                0x0000000001009a5a       0x26 zephyr/kernel/libkernel.a(timeout.c.obj)
 .text.sys_dlist_peek_next
                0x0000000001009a80       0x26 zephyr/kernel/libkernel.a(timeout.c.obj)
 .text.sys_dlist_append
                0x0000000001009aa6       0x32 zephyr/kernel/libkernel.a(timeout.c.obj)
 .text.sys_dlist_insert
                0x0000000001009ad8       0x32 zephyr/kernel/libkernel.a(timeout.c.obj)
 .text.sys_dlist_remove
                0x0000000001009b0a       0x2e zephyr/kernel/libkernel.a(timeout.c.obj)
 .text.remove_timeout
                0x0000000001009b38       0x40 zephyr/kernel/libkernel.a(timeout.c.obj)
 .text.next_timeout
                0x0000000001009b78       0x7c zephyr/kernel/libkernel.a(timeout.c.obj)
 .text.sys_clock_tick_get_32
                0x0000000001009bf4       0x12 zephyr/kernel/libkernel.a(timeout.c.obj)
                0x0000000001009bf4                sys_clock_tick_get_32
 .text.arch_k_cycle_get_32
                0x0000000001009c06        0xe zephyr/kernel/libkernel.a(usage.c.obj)
 .text.k_cycle_get_32
                0x0000000001009c14        0xe zephyr/kernel/libkernel.a(usage.c.obj)
 .text.usage_now
                0x0000000001009c22       0x20 zephyr/kernel/libkernel.a(usage.c.obj)
 .text.sched_cpu_update_usage
                0x0000000001009c42       0x56 zephyr/kernel/libkernel.a(usage.c.obj)
 .text.sched_thread_update_usage
                0x0000000001009c98       0x34 zephyr/kernel/libkernel.a(usage.c.obj)
 .text.bareterm_puts
                0x0000000001009ccc       0x26 bareterm/libbareterm.a(bareterm.c.obj)
                0x0000000001009ccc                bareterm_puts
 .text.bareterm_printf
                0x0000000001009cf2       0x52 bareterm/libbareterm.a(bareterm.c.obj)
                0x0000000001009cf2                bareterm_printf
 .text.uart_fifo_read
                0x0000000001009d44       0x36 bareterm/libbareterm.a(bareterm_uart_input.c.obj)
 .text.z_impl_uart_irq_rx_enable
                0x0000000001009d7a       0x26 bareterm/libbareterm.a(bareterm_uart_input.c.obj)
 .text.uart_irq_rx_ready
                0x0000000001009da0       0x2e bareterm/libbareterm.a(bareterm_uart_input.c.obj)
 .text.z_impl_uart_irq_is_pending
                0x0000000001009dce       0x2e bareterm/libbareterm.a(bareterm_uart_input.c.obj)
 .text.z_impl_uart_irq_update
                0x0000000001009dfc       0x2e bareterm/libbareterm.a(bareterm_uart_input.c.obj)
 .text.uart_irq_callback_user_data_set
                0x0000000001009e2a       0x3c bareterm/libbareterm.a(bareterm_uart_input.c.obj)
 .text.uart_irq_rx_enable
                0x0000000001009e66       0x16 bareterm/libbareterm.a(bareterm_uart_input.c.obj)
 .text.uart_irq_is_pending
                0x0000000001009e7c       0x18 bareterm/libbareterm.a(bareterm_uart_input.c.obj)
 .text.uart_irq_update
                0x0000000001009e94       0x18 bareterm/libbareterm.a(bareterm_uart_input.c.obj)
 .text.uart_cb  0x0000000001009eac       0x56 bareterm/libbareterm.a(bareterm_uart_input.c.obj)
 .text.button_draw
                0x0000000001009f02       0x8e bareterm/libbareterm.a(bareterm_widget.c.obj)
 .text.button_event
                0x0000000001009f90       0x96 bareterm/libbareterm.a(bareterm_widget.c.obj)
 .text.label_draw
                0x000000000100a026       0x46 bareterm/libbareterm.a(bareterm_label.c.obj)
 .text.label_event
                0x000000000100a06c       0x14 bareterm/libbareterm.a(bareterm_label.c.obj)
 .text.bareterm_label_set_text
                0x000000000100a080       0x20 bareterm/libbareterm.a(bareterm_label.c.obj)
                0x000000000100a080                bareterm_label_set_text
 .text.bareterm_label_set_color
                0x000000000100a0a0       0x42 bareterm/libbareterm.a(bareterm_label.c.obj)
                0x000000000100a0a0                bareterm_label_set_color
 .text.textbox_draw
                0x000000000100a0e2      0x10c bareterm/libbareterm.a(bareterm_textbox.c.obj)
                0x000000000100a0e2                textbox_draw
 .text.textbox_event
                0x000000000100a1ee       0x14 bareterm/libbareterm.a(bareterm_textbox.c.obj)
                0x000000000100a1ee                textbox_event
 .text.progressbar_event
                0x000000000100a202       0x14 bareterm/libbareterm.a(bareterm_progressbar.c.obj)
 .text.bareterm_progressbar_set_value
                0x000000000100a216       0x3c bareterm/libbareterm.a(bareterm_progressbar.c.obj)
                0x000000000100a216                bareterm_progressbar_set_value
 .text.checkbox_event
                0x000000000100a252       0xb2 bareterm/libbareterm.a(bareterm_checkbox.c.obj)
 .text.radiogroup_event
                0x000000000100a304      0x130 bareterm/libbareterm.a(bareterm_radiogroup.c.obj)
 .text.memcpy   0x000000000100a434       0x1a c:\analog\cfs\1.1.0\tools\zephyr-sdk\arm-zephyr-eabi\bin\../lib/gcc/../../picolibc/arm-zephyr-eabi/lib/thumb/v8-m.main/nofp\libc.a(memcpy.c.o)
                0x000000000100a434                __aeabi_memcpy
                0x000000000100a434                __aeabi_memcpy4
                0x000000000100a434                __aeabi_memcpy8
                0x000000000100a434                memcpy
 .text.memset   0x000000000100a44e       0x10 c:\analog\cfs\1.1.0\tools\zephyr-sdk\arm-zephyr-eabi\bin\../lib/gcc/../../picolibc/arm-zephyr-eabi/lib/thumb/v8-m.main/nofp\libc.a(memset.c.o)
                0x000000000100a44e                memset
 .text.strncpy  0x000000000100a45e       0x20 c:\analog\cfs\1.1.0\tools\zephyr-sdk\arm-zephyr-eabi\bin\../lib/gcc/../../picolibc/arm-zephyr-eabi/lib/thumb/v8-m.main/nofp\libc.a(libc_string_strncpy.c.o)
                0x000000000100a45e                strncpy
 .text.strnlen  0x000000000100a47e       0x18 c:\analog\cfs\1.1.0\tools\zephyr-sdk\arm-zephyr-eabi\bin\../lib/gcc/../../picolibc/arm-zephyr-eabi/lib/thumb/v8-m.main/nofp\libc.a(libc_string_strnlen.c.o)
                0x000000000100a47e                strnlen
 .text.fwrite   0x000000000100a496       0x3e c:\analog\cfs\1.1.0\tools\zephyr-sdk\arm-zephyr-eabi\bin\../lib/gcc/../../picolibc/arm-zephyr-eabi/lib/thumb/v8-m.main/nofp\libc.a(libc_tinystdio_fwrite.c.o)
                0x000000000100a496                fwrite
 .text.__ultoa_invert
                0x000000000100a4d4       0xac c:\analog\cfs\1.1.0\tools\zephyr-sdk\arm-zephyr-eabi\bin\../lib/gcc/../../picolibc/arm-zephyr-eabi/lib/thumb/v8-m.main/nofp\libc.a(libc_tinystdio_vflprintf.c.o)
 .text.__file_str_put
                0x000000000100a580       0x10 c:\analog\cfs\1.1.0\tools\zephyr-sdk\arm-zephyr-eabi\bin\../lib/gcc/../../picolibc/arm-zephyr-eabi/lib/thumb/v8-m.main/nofp\libc.a(libc_tinystdio_filestrput.c.o)
                0x000000000100a580                __file_str_put
 *(SORT_BY_ALIGNMENT(.TEXT.*))
 .TEXT.__aeabi_read_tp
                0x000000000100a590        0xc zephyr/arch/arch/arm/core/cortex_m/libarch__arm__core__cortex_m.a(__aeabi_read_tp.S.obj)
                0x000000000100a590                __aeabi_read_tp
 *(SORT_BY_ALIGNMENT(.gnu.linkonce.t.*))
 *(SORT_BY_ALIGNMENT(.glue_7t))
 .glue_7t       0x000000000100a59c        0x0 linker stubs
 *(SORT_BY_ALIGNMENT(.glue_7))
 .glue_7        0x000000000100a59c        0x0 linker stubs
 *(SORT_BY_ALIGNMENT(.vfp11_veneer))
 .vfp11_veneer  0x000000000100a59c        0x0 linker stubs
 *(SORT_BY_ALIGNMENT(.v4_bx))
 .v4_bx         0x000000000100a59c        0x0 linker stubs
                0x000000000100a59c                . = ALIGN (0x4)
                0x000000000100a59c                __text_region_end = .

.ARM.exidx      0x000000000100a59c        0x8
                0x000000000100a59c                __exidx_start = .
 *(SORT_BY_ALIGNMENT(.ARM.exidx*) SORT_BY_ALIGNMENT(gnu.linkonce.armexidx.*))
 .ARM.exidx     0x000000000100a59c        0x8 c:\analog\cfs\1.1.0\tools\zephyr-sdk\arm-zephyr-eabi\bin\../lib/gcc/../../picolibc/arm-zephyr-eabi/lib/thumb/v8-m.main/nofp\libc.a(strlen.S.o)
 .ARM.exidx     0x000000000100a5a4        0x0 c:/analog/cfs/1.1.0/tools/zephyr-sdk/arm-zephyr-eabi/bin/../lib/gcc/arm-zephyr-eabi/12.2.0/thumb/v8-m.main/nofp\libgcc.a(_udivmoddi4.o)
                                          0x8 (size before relaxing)
                0x000000000100a5a4                __exidx_end = .
                0x000000000100a5a4                __rodata_region_start = .

initlevel       0x000000000100a5a4       0x30
                0x000000000100a5a4                __init_start = .
                0x000000000100a5a4                __init_EARLY_start = .
 *(SORT_BY_NAME(SORT_BY_ALIGNMENT(.z_init_EARLY?_*)))
 *(SORT_BY_NAME(SORT_BY_ALIGNMENT(.z_init_EARLY??_*)))
                0x000000000100a5a4                __init_PRE_KERNEL_1_start = .
 *(SORT_BY_NAME(SORT_BY_ALIGNMENT(.z_init_PRE_KERNEL_1?_*)))
 *(SORT_BY_NAME(SORT_BY_ALIGNMENT(.z_init_PRE_KERNEL_1??_*)))
 .z_init_PRE_KERNEL_130_00013_
                0x000000000100a5a4        0x8 zephyr/drivers/clock_control/libdrivers__clock_control.a(clock_control_max32.c.obj)
 .z_init_PRE_KERNEL_140_00015_
                0x000000000100a5ac        0x8 zephyr/drivers/gpio/libdrivers__gpio.a(gpio_max32.c.obj)
 .z_init_PRE_KERNEL_150_00039_
                0x000000000100a5b4        0x8 zephyr/drivers/serial/libdrivers__serial.a(uart_max32.c.obj)
 .z_init_PRE_KERNEL_160_0_
                0x000000000100a5bc        0x8 zephyr/drivers/console/libdrivers__console.a(uart_console.c.obj)
                0x000000000100a5c4                __init_PRE_KERNEL_2_start = .
 *(SORT_BY_NAME(SORT_BY_ALIGNMENT(.z_init_PRE_KERNEL_2?_*)))
 .z_init_PRE_KERNEL_20_0_
                0x000000000100a5c4        0x8 zephyr/drivers/timer/libdrivers__timer.a(cortex_m_systick.c.obj)
 *(SORT_BY_NAME(SORT_BY_ALIGNMENT(.z_init_PRE_KERNEL_2??_*)))
                0x000000000100a5cc                __init_POST_KERNEL_start = .
 *(SORT_BY_NAME(SORT_BY_ALIGNMENT(.z_init_POST_KERNEL?_*)))
 *(SORT_BY_NAME(SORT_BY_ALIGNMENT(.z_init_POST_KERNEL??_*)))
 .z_init_POST_KERNEL35_0_
                0x000000000100a5cc        0x8 zephyr/lib/libc/common/liblib__libc__common.a(malloc.c.obj)
                0x000000000100a5d4                __init_APPLICATION_start = .
 *(SORT_BY_NAME(SORT_BY_ALIGNMENT(.z_init_APPLICATION?_*)))
 *(SORT_BY_NAME(SORT_BY_ALIGNMENT(.z_init_APPLICATION??_*)))
                0x000000000100a5d4                __init_SMP_start = .
 *(SORT_BY_NAME(SORT_BY_ALIGNMENT(.z_init_SMP?_*)))
 *(SORT_BY_NAME(SORT_BY_ALIGNMENT(.z_init_SMP??_*)))
                0x000000000100a5d4                __init_end = .
                0x000000000100a5d4                __deferred_init_list_start = .
 *(SORT_BY_ALIGNMENT(.z_deferred_init*))
                0x000000000100a5d4                __deferred_init_list_end = .

device_area     0x000000000100a5d4       0x3c
                0x000000000100a5d4                _device_list_start = .
 *(SORT_BY_NAME(SORT_BY_ALIGNMENT(._device.static.*_?_*)))
 *(SORT_BY_NAME(SORT_BY_ALIGNMENT(._device.static.*_??_*)))
 ._device.static.1_30_
                0x000000000100a5d4       0x14 zephyr/drivers/clock_control/libdrivers__clock_control.a(clock_control_max32.c.obj)
                0x000000000100a5d4                __device_dts_ord_13
 ._device.static.1_40_
                0x000000000100a5e8       0x14 zephyr/drivers/gpio/libdrivers__gpio.a(gpio_max32.c.obj)
                0x000000000100a5e8                __device_dts_ord_15
 ._device.static.1_50_
                0x000000000100a5fc       0x14 zephyr/drivers/serial/libdrivers__serial.a(uart_max32.c.obj)
                0x000000000100a5fc                __device_dts_ord_39
 *(SORT_BY_NAME(SORT_BY_ALIGNMENT(._device.static.*_???_*)))
 *(SORT_BY_NAME(SORT_BY_ALIGNMENT(._device.static.*_????_*)))
 *(SORT_BY_NAME(SORT_BY_ALIGNMENT(._device.static.*_?????_*)))
                0x000000000100a610                _device_list_end = .

sw_isr_table    0x000000000100a610      0x1b0
                0x000000000100a610                . = ALIGN (0x4)
 *(SORT_BY_ALIGNMENT(.gnu.linkonce.sw_isr_table*))
 .gnu.linkonce.sw_isr_table
                0x000000000100a610      0x1b0 zephyr/CMakeFiles/zephyr_final.dir/isr_tables.c.obj
                0x000000000100a610                _sw_isr_table

initlevel_error
                0x000000000100a5a4        0x0
 *(SORT_BY_NAME(SORT_BY_ALIGNMENT(.z_init_[_A-Z0-9]*)))
                0x0000000000000001                ASSERT ((SIZEOF (initlevel_error) == 0x0), Undefined initialization levels used.)

app_shmem_regions
                0x000000000100a7c0        0x0
                0x000000000100a7c0                __app_shmem_regions_start = .
 *(SORT_BY_NAME(SORT_BY_ALIGNMENT(.app_regions.*)))
                0x000000000100a7c0                __app_shmem_regions_end = .

k_p4wq_initparam_area
                0x000000000100a7c0        0x0
                0x000000000100a7c0                _k_p4wq_initparam_list_start = .
 *(SORT_BY_NAME(SORT_BY_ALIGNMENT(._k_p4wq_initparam.static.*)))
                0x000000000100a7c0                _k_p4wq_initparam_list_end = .

_static_thread_data_area
                0x000000000100a7c0        0x0
                0x000000000100a7c0                __static_thread_data_list_start = .
 *(SORT_BY_NAME(SORT_BY_ALIGNMENT(.__static_thread_data.static.*)))
                0x000000000100a7c0                __static_thread_data_list_end = .

device_deps     0x000000000100a7c0        0x0
                0x000000000100a7c0                __device_deps_start = .
 *(SORT_BY_NAME(SORT_BY_ALIGNMENT(.__device_deps_pass2*)))
                0x000000000100a7c0                __device_deps_end = .

gpio_driver_api_area
                0x000000000100a7c0       0x24
                0x000000000100a7c0                _gpio_driver_api_list_start = .
 *(SORT_BY_NAME(SORT_BY_ALIGNMENT(._gpio_driver_api.static.*)))
 ._gpio_driver_api.static.gpio_max32_driver_
                0x000000000100a7c0       0x24 zephyr/drivers/gpio/libdrivers__gpio.a(gpio_max32.c.obj)
                0x000000000100a7e4                _gpio_driver_api_list_end = .

shared_irq_driver_api_area
                0x000000000100a7e4        0x0
                0x000000000100a7e4                _shared_irq_driver_api_list_start = .
 *(SORT_BY_NAME(SORT_BY_ALIGNMENT(._shared_irq_driver_api.static.*)))
                0x000000000100a7e4                _shared_irq_driver_api_list_end = .

crypto_driver_api_area
                0x000000000100a7e4        0x0
                0x000000000100a7e4                _crypto_driver_api_list_start = .
 *(SORT_BY_NAME(SORT_BY_ALIGNMENT(._crypto_driver_api.static.*)))
                0x000000000100a7e4                _crypto_driver_api_list_end = .

adc_driver_api_area
                0x000000000100a7e4        0x0
                0x000000000100a7e4                _adc_driver_api_list_start = .
 *(SORT_BY_NAME(SORT_BY_ALIGNMENT(._adc_driver_api.static.*)))
                0x000000000100a7e4                _adc_driver_api_list_end = .

auxdisplay_driver_api_area
                0x000000000100a7e4        0x0
                0x000000000100a7e4                _auxdisplay_driver_api_list_start = .
 *(SORT_BY_NAME(SORT_BY_ALIGNMENT(._auxdisplay_driver_api.static.*)))
                0x000000000100a7e4                _auxdisplay_driver_api_list_end = .

bbram_driver_api_area
                0x000000000100a7e4        0x0
                0x000000000100a7e4                _bbram_driver_api_list_start = .
 *(SORT_BY_NAME(SORT_BY_ALIGNMENT(._bbram_driver_api.static.*)))
                0x000000000100a7e4                _bbram_driver_api_list_end = .

bt_hci_driver_api_area
                0x000000000100a7e4        0x0
                0x000000000100a7e4                _bt_hci_driver_api_list_start = .
 *(SORT_BY_NAME(SORT_BY_ALIGNMENT(._bt_hci_driver_api.static.*)))
                0x000000000100a7e4                _bt_hci_driver_api_list_end = .

can_driver_api_area
                0x000000000100a7e4        0x0
                0x000000000100a7e4                _can_driver_api_list_start = .
 *(SORT_BY_NAME(SORT_BY_ALIGNMENT(._can_driver_api.static.*)))
                0x000000000100a7e4                _can_driver_api_list_end = .

cellular_driver_api_area
                0x000000000100a7e4        0x0
                0x000000000100a7e4                _cellular_driver_api_list_start = .
 *(SORT_BY_NAME(SORT_BY_ALIGNMENT(._cellular_driver_api.static.*)))
                0x000000000100a7e4                _cellular_driver_api_list_end = .

charger_driver_api_area
                0x000000000100a7e4        0x0
                0x000000000100a7e4                _charger_driver_api_list_start = .
 *(SORT_BY_NAME(SORT_BY_ALIGNMENT(._charger_driver_api.static.*)))
                0x000000000100a7e4                _charger_driver_api_list_end = .

clock_control_driver_api_area
                0x000000000100a7e4       0x1c
                0x000000000100a7e4                _clock_control_driver_api_list_start = .
 *(SORT_BY_NAME(SORT_BY_ALIGNMENT(._clock_control_driver_api.static.*)))
 ._clock_control_driver_api.static.max32_clkctrl_api_
                0x000000000100a7e4       0x1c zephyr/drivers/clock_control/libdrivers__clock_control.a(clock_control_max32.c.obj)
                0x000000000100a800                _clock_control_driver_api_list_end = .

comparator_driver_api_area
                0x000000000100a800        0x0
                0x000000000100a800                _comparator_driver_api_list_start = .
 *(SORT_BY_NAME(SORT_BY_ALIGNMENT(._comparator_driver_api.static.*)))
                0x000000000100a800                _comparator_driver_api_list_end = .

coredump_driver_api_area
                0x000000000100a800        0x0
                0x000000000100a800                _coredump_driver_api_list_start = .
 *(SORT_BY_NAME(SORT_BY_ALIGNMENT(._coredump_driver_api.static.*)))
                0x000000000100a800                _coredump_driver_api_list_end = .

counter_driver_api_area
                0x000000000100a800        0x0
                0x000000000100a800                _counter_driver_api_list_start = .
 *(SORT_BY_NAME(SORT_BY_ALIGNMENT(._counter_driver_api.static.*)))
                0x000000000100a800                _counter_driver_api_list_end = .

dac_driver_api_area
                0x000000000100a800        0x0
                0x000000000100a800                _dac_driver_api_list_start = .
 *(SORT_BY_NAME(SORT_BY_ALIGNMENT(._dac_driver_api.static.*)))