Archive member included to satisfy reference by file (symbol)

app/libapp.a(main.c.obj)      (--whole-archive)
app/libapp.a(tui.c.obj)       (--whole-archive)
app/libapp.a(tui_backend_stdio.c.obj)
                              (--whole-archive)
app/libapp.a(tui_uart_input.c.obj)
                              (--whole-archive)
app/libapp.a(tui_input.c.obj)
                              (--whole-archive)
zephyr/libzephyr.a(heap.c.obj)
                              (--whole-archive)
zephyr/libzephyr.a(cbprintf_packaged.c.obj)
                              (--whole-archive)
zephyr/libzephyr.a(printk.c.obj)
                              (--whole-archive)
zephyr/libzephyr.a(sem.c.obj)
                              (--whole-archive)
zephyr/libzephyr.a(thread_entry.c.obj)
                              (--whole-archive)
zephyr/libzephyr.a(cbprintf_complete.c.obj)
                              (--whole-archive)
zephyr/libzephyr.a(assert.c.obj)
                              (--whole-archive)
zephyr/libzephyr.a(dec.c.obj)
                              (--whole-archive)
zephyr/libzephyr.a(hex.c.obj)
                              (--whole-archive)
zephyr/libzephyr.a(rb.c.obj)  (--whole-archive)
zephyr/libzephyr.a(timeutil.c.obj)
                              (--whole-archive)
zephyr/libzephyr.a(bitarray.c.obj)
                              (--whole-archive)
zephyr/libzephyr.a(ring_buffer.c.obj)
                              (--whole-archive)
zephyr/libzephyr.a(configs.c.obj)
                              (--whole-archive)
zephyr/libzephyr.a(soc.c.obj)
                              (--whole-archive)
zephyr/libzephyr.a(mpu_regions.c.obj)
                              (--whole-archive)
zephyr/libzephyr.a(pm_max32657_s2ram.c.obj)
                              (--whole-archive)
zephyr/libzephyr.a(thread_info.c.obj)
                              (--whole-archive)
zephyr/libzephyr.a(thread_analyzer.c.obj)
                              (--whole-archive)
zephyr/libzephyr.a(mem_attr.c.obj)
                              (--whole-archive)
zephyr/libzephyr.a(tracing_none.c.obj)
                              (--whole-archive)
zephyr/libzephyr.a(max32xxx_system.c.obj)
                              (--whole-archive)
zephyr/libzephyr.a(system_max32657.c.obj)
                              (--whole-archive)
zephyr/libzephyr.a(mxc_assert.c.obj)
                              (--whole-archive)
zephyr/libzephyr.a(mxc_delay.c.obj)
                              (--whole-archive)
zephyr/libzephyr.a(mxc_lock.c.obj)
                              (--whole-archive)
zephyr/libzephyr.a(pins_me30.c.obj)
                              (--whole-archive)
zephyr/libzephyr.a(sys_me30.c.obj)
                              (--whole-archive)
zephyr/libzephyr.a(icc_me30.c.obj)
                              (--whole-archive)
zephyr/libzephyr.a(icc_reva.c.obj)
                              (--whole-archive)
zephyr/libzephyr.a(lp_me30.c.obj)
                              (--whole-archive)
zephyr/libzephyr.a(wut_me30.c.obj)
                              (--whole-archive)
zephyr/libzephyr.a(wut_reva.c.obj)
                              (--whole-archive)
zephyr/libzephyr.a(dma_me30.c.obj)
                              (--whole-archive)
zephyr/libzephyr.a(dma_reva.c.obj)
                              (--whole-archive)
zephyr/libzephyr.a(uart_common.c.obj)
                              (--whole-archive)
zephyr/libzephyr.a(uart_me30.c.obj)
                              (--whole-archive)
zephyr/libzephyr.a(uart_revb.c.obj)
                              (--whole-archive)
zephyr/libzephyr.a(gpio_common.c.obj)
                              (--whole-archive)
zephyr/libzephyr.a(gpio_me30.c.obj)
                              (--whole-archive)
zephyr/libzephyr.a(gpio_reva.c.obj)
                              (--whole-archive)
zephyr/arch/common/libarch__common.a(sw_isr_common.c.obj)
                              (--whole-archive)
zephyr/arch/arch/arm/core/libarch__arm__core.a(fatal.c.obj)
                              (--whole-archive)
zephyr/arch/arch/arm/core/libarch__arm__core.a(nmi.c.obj)
                              (--whole-archive)
zephyr/arch/arch/arm/core/libarch__arm__core.a(nmi_on_reset.S.obj)
                              (--whole-archive)
zephyr/arch/arch/arm/core/libarch__arm__core.a(tls.c.obj)
                              (--whole-archive)
zephyr/arch/arch/arm/core/cortex_m/libarch__arm__core__cortex_m.a(exc_exit.c.obj)
                              (--whole-archive)
zephyr/arch/arch/arm/core/cortex_m/libarch__arm__core__cortex_m.a(fault.c.obj)
                              (--whole-archive)
zephyr/arch/arch/arm/core/cortex_m/libarch__arm__core__cortex_m.a(fault_s.S.obj)
                              (--whole-archive)
zephyr/arch/arch/arm/core/cortex_m/libarch__arm__core__cortex_m.a(fpu.c.obj)
                              (--whole-archive)
zephyr/arch/arch/arm/core/cortex_m/libarch__arm__core__cortex_m.a(reset.S.obj)
[...]
Memory Configuration

Name             Origin             Length             Attributes
FLASH            0x0000000001000000 0x00000000000ac800 xr
RAM              0x0000000030000000 0x0000000000040000 xw
NULL_PTR_DETECT  0x0000000000000000 0x0000000000000400 rw
IDT_LIST         0x00000000ffff7fff 0x0000000000008000 xw
*default*        0x0000000000000000 0xffffffffffffffff

Linker script and memory map

                0x0000000001004eec                vfprintf = __l_vfprintf
                0x0000000000000000                vfscanf = __l_vfscanf
LOAD zephyr/CMakeFiles/zephyr_pre0.dir/misc/empty_file.c.obj
LOAD zephyr/CMakeFiles/offsets.dir/./arch/arm/core/offsets/offsets.c.obj
LOAD app/libapp.a
LOAD zephyr/libzephyr.a
LOAD zephyr/arch/common/libarch__common.a
LOAD zephyr/arch/arch/arm/core/libarch__arm__core.a
LOAD zephyr/arch/arch/arm/core/cortex_m/libarch__arm__core__cortex_m.a
LOAD zephyr/arch/arch/arm/core/cortex_m/cmse/libarch__arm__core__cortex_m__cmse.a
LOAD zephyr/arch/arch/arm/core/mpu/libarch__arm__core__mpu.a
LOAD zephyr/lib/libc/picolibc/liblib__libc__picolibc.a
LOAD zephyr/lib/libc/common/liblib__libc__common.a
LOAD zephyr/drivers/clock_control/libdrivers__clock_control.a
LOAD zephyr/drivers/console/libdrivers__console.a
LOAD zephyr/drivers/gpio/libdrivers__gpio.a
LOAD zephyr/drivers/pinctrl/libdrivers__pinctrl.a
LOAD zephyr/drivers/serial/libdrivers__serial.a
LOAD zephyr/drivers/timer/libdrivers__timer.a
LOAD zephyr/kernel/libkernel.a
LOAD zephyr/arch/common/libisr_tables.a
LOAD c:\analog\cfs\1.1.0\tools\zephyr-sdk\arm-zephyr-eabi\bin\../lib/gcc/../../picolibc/arm-zephyr-eabi/lib/thumb/v8-m.main/nofp\libc.a
LOAD c:/analog/cfs/1.1.0/tools/zephyr-sdk/arm-zephyr-eabi/bin/../lib/gcc/arm-zephyr-eabi/12.2.0/thumb/v8-m.main/nofp\libgcc.a
                0x0000000000000020                _region_min_align = 0x20

.rel.plt        0x0000000001000000        0x0
 *(SORT_BY_ALIGNMENT(.rel.plt))
                [!provide]                        PROVIDE (__rel_iplt_start = .)
 *(SORT_BY_ALIGNMENT(.rel.iplt))
 .rel.iplt      0x0000000001000000        0x0 app/libapp.a(main.c.obj)
                [!provide]                        PROVIDE (__rel_iplt_end = .)

.rela.plt       0x0000000000000000        0x0
 *(SORT_BY_ALIGNMENT(.rela.plt))
                [!provide]                        PROVIDE (__rela_iplt_start = .)
 *(SORT_BY_ALIGNMENT(.rela.iplt))
                [!provide]                        PROVIDE (__rela_iplt_end = .)

.rel.dyn
 *(SORT_BY_ALIGNMENT(.rel.*))

.rela.dyn
 *(SORT_BY_ALIGNMENT(.rela.*))

/DISCARD/
 *(SORT_BY_ALIGNMENT(.plt))

/DISCARD/
 *(SORT_BY_ALIGNMENT(.iplt))
                0x0000000001000000                __rom_region_start = 0x1000000

rom_start       0x0000000001000000      0x118
                0x0000000001000000                __rom_start_address = .
 FILL mask 0x00
                0x0000000001000000                . = (. + (0x0 - (. - __rom_start_address)))
                0x0000000001000000                . = ALIGN (0x4)
                0x0000000001000000                . = ALIGN (0x80)
                0x0000000001000000                . = ALIGN (0x200)
                0x0000000001000000                _vector_start = .
 *(SORT_BY_ALIGNMENT(.exc_vector_table))
 *(SORT_BY_ALIGNMENT(.exc_vector_table.*))
 .exc_vector_table._vector_table_section
                0x0000000001000000       0x40 zephyr/arch/arch/arm/core/cortex_m/libarch__arm__core__cortex_m.a(vector_table.S.obj)
                0x0000000001000000                _vector_table
 *(SORT_BY_ALIGNMENT(.vectors))
                0x0000000001000118                _vector_end = .
                0x0000000001000040                . = ALIGN (0x4)
 *(SORT_BY_ALIGNMENT(.gnu.linkonce.irq_vector_table*))
 .gnu.linkonce.irq_vector_table
                0x0000000001000040       0xd8 zephyr/arch/common/libisr_tables.a(isr_tables.c.obj)
                0x0000000001000040                _irq_vector_table
                0x0000000001000118                _vector_end = .

text            0x0000000001000118     0x9300
                0x0000000001000118                __text_region_start = .
 *(SORT_BY_ALIGNMENT(.text))
 .text          0x0000000001000118       0x30 c:/analog/cfs/1.1.0/tools/zephyr-sdk/arm-zephyr-eabi/bin/../lib/gcc/arm-zephyr-eabi/12.2.0/thumb/v8-m.main/nofp\libgcc.a(_aeabi_uldivmod.o)
                0x0000000001000118                __aeabi_uldivmod
 .text          0x0000000001000148        0x4 c:/analog/cfs/1.1.0/tools/zephyr-sdk/arm-zephyr-eabi/bin/../lib/gcc/arm-zephyr-eabi/12.2.0/thumb/v8-m.main/nofp\libgcc.a(_dvmd_tls.o)
                0x0000000001000148                __aeabi_idiv0
                0x0000000001000148                __aeabi_ldiv0
 .text          0x000000000100014c      0x29c c:/analog/cfs/1.1.0/tools/zephyr-sdk/arm-zephyr-eabi/bin/../lib/gcc/arm-zephyr-eabi/12.2.0/thumb/v8-m.main/nofp\libgcc.a(_udivmoddi4.o)
                0x000000000100014c                __udivmoddi4
 *(SORT_BY_ALIGNMENT(.text.*))
 .text.main     0x00000000010003e8       0xf0 app/libapp.a(main.c.obj)
                0x00000000010003e8                main
 .text.tui_init
                0x00000000010004d8       0x14 app/libapp.a(tui.c.obj)
                0x00000000010004d8                tui_init
 .text.tui_backend_write
                0x00000000010004ec       0x24 app/libapp.a(tui_backend_stdio.c.obj)
                0x00000000010004ec                tui_backend_write
 .text.tui_uart_input_init
                0x0000000001000510       0x38 app/libapp.a(tui_uart_input.c.obj)
                0x0000000001000510                tui_uart_input_init
 .text.tui_input_feed
                0x0000000001000548      0x1ac app/libapp.a(tui_input.c.obj)
                0x0000000001000548                tui_input_feed
 .text.tui_poll_event
                0x00000000010006f4       0x40 app/libapp.a(tui_input.c.obj)
                0x00000000010006f4                tui_poll_event
 .text.__printk_hook_install
                0x0000000001000734       0x1c zephyr/libzephyr.a(printk.c.obj)
                0x0000000001000734                __printk_hook_install
 .text.char_out
                0x0000000001000750       0x20 zephyr/libzephyr.a(printk.c.obj)
 .text.vprintk  0x0000000001000770       0x80 zephyr/libzephyr.a(printk.c.obj)
                0x0000000001000770                vprintk
 .text.z_impl_k_str_out
                0x00000000010007f0       0x3c zephyr/libzephyr.a(printk.c.obj)
                0x00000000010007f0                z_impl_k_str_out
 .text.k_current_get
                0x000000000100082c       0x18 zephyr/libzephyr.a(thread_entry.c.obj)
 .text.z_thread_entry
                0x0000000001000844       0x38 zephyr/libzephyr.a(thread_entry.c.obj)
                0x0000000001000844                z_thread_entry
 .text.mem_attr_get_regions
                0x000000000100087c       0x20 zephyr/libzephyr.a(mem_attr.c.obj)
                0x000000000100087c                mem_attr_get_regions
 .text.SystemCoreClockUpdate
                0x000000000100089c       0xc8 zephyr/libzephyr.a(system_max32657.c.obj)
                0x000000000100089c                SystemCoreClockUpdate
 .text.MXC_DelayInit
                0x0000000001000964       0xfc zephyr/libzephyr.a(mxc_delay.c.obj)
 .text.MXC_DelayAsync
                0x0000000001000a60       0x58 zephyr/libzephyr.a(mxc_delay.c.obj)
                0x0000000001000a60                MXC_DelayAsync
 .text.MXC_DelayCheck
                0x0000000001000ab8       0x70 zephyr/libzephyr.a(mxc_delay.c.obj)
                0x0000000001000ab8                MXC_DelayCheck
 .text.MXC_DelayAbort
                0x0000000001000b28       0x40 zephyr/libzephyr.a(mxc_delay.c.obj)
                0x0000000001000b28                MXC_DelayAbort
 .text.MXC_SYS_ClockSourceEnable
                0x0000000001000b68       0xe0 zephyr/libzephyr.a(sys_me30.c.obj)
                0x0000000001000b68                MXC_SYS_ClockSourceEnable
 .text.MXC_SYS_Clock_Select
                0x0000000001000c48      0x1e0 zephyr/libzephyr.a(sys_me30.c.obj)
                0x0000000001000c48                MXC_SYS_Clock_Select
 .text.MXC_ICC_Enable
                0x0000000001000e28       0x14 zephyr/libzephyr.a(icc_me30.c.obj)
                0x0000000001000e28                MXC_ICC_Enable
 .text.MXC_UART_Shutdown
                0x0000000001000e3c       0x50 zephyr/libzephyr.a(uart_me30.c.obj)
                0x0000000001000e3c                MXC_UART_Shutdown
 .text.MXC_UART_SetFrequency
                0x0000000001000e8c       0x94 zephyr/libzephyr.a(uart_me30.c.obj)
                0x0000000001000e8c                MXC_UART_SetFrequency
 .text.MXC_UART_SetClockSource
                0x0000000001000f20       0x60 zephyr/libzephyr.a(uart_me30.c.obj)
                0x0000000001000f20                MXC_UART_SetClockSource
 .text.MXC_UART_RevB_SetParity
                0x0000000001000f80       0xe4 zephyr/libzephyr.a(uart_revb.c.obj)
                0x0000000001000f80                MXC_UART_RevB_SetParity
 .text.MXC_UART_RevB_SetClockSource
                0x0000000001001064       0xa8 zephyr/libzephyr.a(uart_revb.c.obj)
                0x0000000001001064                MXC_UART_RevB_SetClockSource
 .text.MXC_GPIO_Common_Init
                0x000000000100110c       0x60 zephyr/libzephyr.a(gpio_common.c.obj)
                0x000000000100110c                MXC_GPIO_Common_Init
 .text.MXC_GPIO_Common_GetConfigLock
                0x000000000100116c       0x14 zephyr/libzephyr.a(gpio_common.c.obj)
                0x000000000100116c                MXC_GPIO_Common_GetConfigLock
 .text.MXC_GPIO_RevA_IntConfig
                0x0000000001001180      0x124 zephyr/libzephyr.a(gpio_reva.c.obj)
                0x0000000001001180                MXC_GPIO_RevA_IntConfig
 .text.MXC_GPIO_RevA_SetAF
                0x00000000010012a4      0x118 zephyr/libzephyr.a(gpio_reva.c.obj)
                0x00000000010012a4                MXC_GPIO_RevA_SetAF
 .text.MXC_GPIO_RevA_SetDriveStrength
                0x00000000010013bc       0xf8 zephyr/libzephyr.a(gpio_reva.c.obj)
                0x00000000010013bc                MXC_GPIO_RevA_SetDriveStrength
 .text.z_SysNmiOnReset
                0x00000000010014b4        0x8 zephyr/arch/arch/arm/core/libarch__arm__core.a(nmi_on_reset.S.obj)
                0x00000000010014b4                z_SysNmiOnReset
 .text.z_tls_data_size
                0x00000000010014bc       0x1c zephyr/arch/arch/arm/core/libarch__arm__core.a(tls.c.obj)
 .text.z_tls_copy
                0x00000000010014d8       0x3c zephyr/arch/arch/arm/core/libarch__arm__core.a(tls.c.obj)
 .text._HandlerModeExit
                0x0000000001001514       0x2c zephyr/arch/arch/arm/core/cortex_m/libarch__arm__core__cortex_m.a(exc_exit.c.obj)
                0x0000000001001514                z_arm_int_exit
                0x0000000001001514                z_arm_exc_exit
 .text.mem_manage_fault
                0x0000000001001540       0xf0 zephyr/arch/arch/arm/core/cortex_m/libarch__arm__core__cortex_m.a(fault.c.obj)
 .text.bus_fault
                0x0000000001001630       0xd0 zephyr/arch/arch/arm/core/cortex_m/libarch__arm__core__cortex_m.a(fault.c.obj)
 .text.usage_fault
                0x0000000001001700       0xac zephyr/arch/arch/arm/core/cortex_m/libarch__arm__core__cortex_m.a(fault.c.obj)
 .text.secure_fault
                0x00000000010017ac       0xb8 zephyr/arch/arch/arm/core/cortex_m/libarch__arm__core__cortex_m.a(fault.c.obj)
 .text.z_arm_is_synchronous_svc
                0x0000000001001864       0x80 zephyr/arch/arch/arm/core/cortex_m/libarch__arm__core__cortex_m.a(fault.c.obj)
 .text.hard_fault
                0x00000000010018e4       0xc0 zephyr/arch/arch/arm/core/cortex_m/libarch__arm__core__cortex_m.a(fault.c.obj)
 .text.fault_handle
                0x00000000010019a4       0xc0 zephyr/arch/arch/arm/core/cortex_m/libarch__arm__core__cortex_m.a(fault.c.obj)
 .text.secure_stack_dump
                0x0000000001001a64       0x4c zephyr/arch/arch/arm/core/cortex_m/libarch__arm__core__cortex_m.a(fault.c.obj)
 .text.z_arm_fault
                0x0000000001001ab0       0xbc zephyr/arch/arch/arm/core/cortex_m/libarch__arm__core__cortex_m.a(fault.c.obj)
                0x0000000001001ab0                z_arm_fault
 .text.z_arm_fault_init
                0x0000000001001b6c       0x28 zephyr/arch/arch/arm/core/cortex_m/libarch__arm__core__cortex_m.a(fault.c.obj)
                0x0000000001001b6c                z_arm_fault_init
 .text.__fault  0x0000000001001b94       0x14 zephyr/arch/arch/arm/core/cortex_m/libarch__arm__core__cortex_m.a(fault_s.S.obj)
                0x0000000001001b94                z_arm_bus_fault
                0x0000000001001b94                z_arm_usage_fault
                0x0000000001001b94                z_arm_mpu_fault
                0x0000000001001b94                z_arm_exc_spurious
                0x0000000001001b94                z_arm_debug_monitor
                0x0000000001001b94                z_arm_hard_fault
                0x0000000001001b94                z_arm_secure_fault
 .text._reset_section
                0x0000000001001ba8       0x44 zephyr/arch/arch/arm/core/cortex_m/libarch__arm__core__cortex_m.a(reset.S.obj)
                0x0000000001001ba8                __start
                0x0000000001001ba8                z_arm_reset
 .text.z_impl_k_thread_abort
                0x0000000001001bec       0x58 zephyr/arch/arch/arm/core/cortex_m/libarch__arm__core__cortex_m.a(thread_abort.c.obj)
                0x0000000001001bec                z_impl_k_thread_abort
 .text.z_arm_pendsv
                0x0000000001001c44       0x6c zephyr/arch/arch/arm/core/cortex_m/libarch__arm__core__cortex_m.a(swap_helper.S.obj)
                0x0000000001001c44                z_arm_pendsv
 .text.z_arm_svc
                0x0000000001001cb0       0x24 zephyr/arch/arch/arm/core/cortex_m/libarch__arm__core__cortex_m.a(swap_helper.S.obj)
                0x0000000001001cb0                z_arm_svc
 .text.__NVIC_EnableIRQ
                0x0000000001001cd4       0x38 zephyr/arch/arch/arm/core/cortex_m/libarch__arm__core__cortex_m.a(irq_manage.c.obj)
 .text.__NVIC_SetPriority
                0x0000000001001d0c       0x54 zephyr/arch/arch/arm/core/cortex_m/libarch__arm__core__cortex_m.a(irq_manage.c.obj)
 .text.relocate_vector_table
                0x0000000001001d60       0x34 zephyr/arch/arch/arm/core/cortex_m/libarch__arm__core__cortex_m.a(prep_c.c.obj)
 .text.z_arm_floating_point_init
                0x0000000001001d94       0x40 zephyr/arch/arch/arm/core/cortex_m/libarch__arm__core__cortex_m.a(prep_c.c.obj)
 .text.arch_new_thread
                0x0000000001001dd4       0x64 zephyr/arch/arch/arm/core/cortex_m/libarch__arm__core__cortex_m.a(thread.c.obj)
                0x0000000001001dd4                arch_new_thread
 .text.arch_switch_to_main_thread
                0x0000000001001e38       0x50 zephyr/arch/arch/arm/core/cortex_m/libarch__arm__core__cortex_m.a(thread.c.obj)
                0x0000000001001e38                arch_switch_to_main_thread
 .text.z_arm_cpu_idle_init
                0x0000000001001e88       0x18 zephyr/arch/arch/arm/core/cortex_m/libarch__arm__core__cortex_m.a(cpu_idle.c.obj)
                0x0000000001001e88                z_arm_cpu_idle_init
 .text.__NVIC_SetPriority
                0x0000000001001ea0       0x54 zephyr/arch/arch/arm/core/cortex_m/libarch__arm__core__cortex_m.a(irq_init.c.obj)
 .text._isr_wrapper
                0x0000000001001ef4       0x3c zephyr/arch/arch/arm/core/cortex_m/libarch__arm__core__cortex_m.a(isr_wrapper.c.obj)
                0x0000000001001ef4                _isr_wrapper
 .text.z_arm_configure_static_mpu_regions
                0x0000000001001f30       0x4c zephyr/arch/arch/arm/core/mpu/libarch__arm__core__mpu.a(arm_core_mpu.c.obj)
                0x0000000001001f30                z_arm_configure_static_mpu_regions
 .text.ARM_MPU_ClrRegion
                0x0000000001001f7c       0x1c zephyr/arch/arch/arm/core/mpu/libarch__arm__core__mpu.a(arm_mpu.c.obj)
 .text.mpu_set_mair0
                0x0000000001001f98       0x1c zephyr/arch/arch/arm/core/mpu/libarch__arm__core__mpu.a(arm_mpu.c.obj)
 .text.mpu_set_rnr
                0x0000000001001fb4       0x1c zephyr/arch/arch/arm/core/mpu/libarch__arm__core__mpu.a(arm_mpu.c.obj)
 .text.mpu_set_rbar
                0x0000000001001fd0       0x1c zephyr/arch/arch/arm/core/mpu/libarch__arm__core__mpu.a(arm_mpu.c.obj)
 .text.mpu_get_rbar
                0x0000000001001fec       0x14 zephyr/arch/arch/arm/core/mpu/libarch__arm__core__mpu.a(arm_mpu.c.obj)
 .text.mpu_set_rlar
                0x0000000001002000       0x1c zephyr/arch/arch/arm/core/mpu/libarch__arm__core__mpu.a(arm_mpu.c.obj)
 .text.mpu_get_rlar
                0x000000000100201c       0x14 zephyr/arch/arch/arm/core/mpu/libarch__arm__core__mpu.a(arm_mpu.c.obj)
 .text.mpu_get_num_regions
                0x0000000001002030       0x28 zephyr/arch/arch/arm/core/mpu/libarch__arm__core__mpu.a(arm_mpu.c.obj)
 .text.mpu_init
                0x0000000001002058       0x14 zephyr/arch/arch/arm/core/mpu/libarch__arm__core__mpu.a(arm_mpu.c.obj)
 .text.mpu_configure_static_mpu_regions
                0x000000000100206c       0x3c zephyr/arch/arch/arm/core/mpu/libarch__arm__core__mpu.a(arm_mpu.c.obj)
 .text.mpu_mark_areas_for_dynamic_regions
                0x00000000010020a8       0xec zephyr/arch/arch/arm/core/mpu/libarch__arm__core__mpu.a(arm_mpu.c.obj)
 .text.arm_core_mpu_enable
                0x0000000001002194       0x2c zephyr/arch/arch/arm/core/mpu/libarch__arm__core__mpu.a(arm_mpu.c.obj)
                0x0000000001002194                arm_core_mpu_enable
 .text.arm_core_mpu_disable
                0x00000000010021c0       0x20 zephyr/arch/arch/arm/core/mpu/libarch__arm__core__mpu.a(arm_mpu.c.obj)
                0x00000000010021c0                arm_core_mpu_disable
 .text.z_arm_mpu_init
                0x00000000010021e0       0xa4 zephyr/arch/arch/arm/core/mpu/libarch__arm__core__mpu.a(arm_mpu.c.obj)
                0x00000000010021e0                z_arm_mpu_init
 .text.z_impl_zephyr_fputc
                0x0000000001002284       0x20 zephyr/lib/libc/picolibc/liblib__libc__picolibc.a(stdio.c.obj)
                0x0000000001002284                z_impl_zephyr_fputc
 .text.__stdout_hook_install
                0x00000000010022a4       0x30 zephyr/lib/libc/picolibc/liblib__libc__picolibc.a(stdio.c.obj)
                0x00000000010022a4                __stdout_hook_install
 .text.malloc_prepare
                0x00000000010022d4       0x44 zephyr/lib/libc/common/liblib__libc__common.a(malloc.c.obj)
 .text.api_get_rate
                0x0000000001002318       0xa8 zephyr/drivers/clock_control/libdrivers__clock_control.a(clock_control_max32.c.obj)
 .text.console_out
                0x00000000010023c0       0x58 zephyr/drivers/console/libdrivers__console.a(uart_console.c.obj)
 .text.uart_console_hook_install
                0x0000000001002418       0x18 zephyr/drivers/console/libdrivers__console.a(uart_console.c.obj)
 .text.uart_console_init
                0x0000000001002430       0x2c zephyr/drivers/console/libdrivers__console.a(uart_console.c.obj)
 .text.pinctrl_configure_pin
                0x000000000100245c      0x114 zephyr/drivers/pinctrl/libdrivers__pinctrl.a(pinctrl_max32.c.obj)
 .text.api_configure
                0x0000000001002570      0x130 zephyr/drivers/serial/libdrivers__serial.a(uart_max32.c.obj)
 .text.__NVIC_SetPriority
                0x00000000010026a0       0x54 zephyr/drivers/timer/libdrivers__timer.a(cortex_m_systick.c.obj)
 .text.elapsed  0x00000000010026f4       0x78 zephyr/drivers/timer/libdrivers__timer.a(cortex_m_systick.c.obj)
 .text.sys_clock_isr
                0x000000000100276c       0x7c zephyr/drivers/timer/libdrivers__timer.a(cortex_m_systick.c.obj)
                0x000000000100276c                sys_clock_isr
 .text.sys_clock_set_timeout
                0x00000000010027e8      0x1b8 zephyr/drivers/timer/libdrivers__timer.a(cortex_m_systick.c.obj)
                0x00000000010027e8                sys_clock_set_timeout
 .text.sys_clock_elapsed
                0x00000000010029a0       0x98 zephyr/drivers/timer/libdrivers__timer.a(cortex_m_systick.c.obj)
                0x00000000010029a0                sys_clock_elapsed
 .text.sys_clock_cycle_get_32
                0x0000000001002a38       0x80 zephyr/drivers/timer/libdrivers__timer.a(cortex_m_systick.c.obj)
                0x0000000001002a38                sys_clock_cycle_get_32
 .text.sys_clock_driver_init
                0x0000000001002ab8       0x4c zephyr/drivers/timer/libdrivers__timer.a(cortex_m_systick.c.obj)
 .text.z_device_state_init
                0x0000000001002b04       0x3c zephyr/kernel/libkernel.a(device.c.obj)
                0x0000000001002b04                z_device_state_init
 .text.z_fatal_error
                0x0000000001002b40       0xa4 zephyr/kernel/libkernel.a(fatal.c.obj)
                0x0000000001002b40                z_fatal_error
 .text.__NVIC_SetPriority
                0x0000000001002be4       0x54 zephyr/kernel/libkernel.a(init.c.obj)
 .text.z_add_thread_timeout
                0x0000000001002c38       0x28 zephyr/kernel/libkernel.a(init.c.obj)
 .text.z_init_static_threads
                0x0000000001002c60       0xd4 zephyr/kernel/libkernel.a(init.c.obj)
 .text.z_bss_zero
                0x0000000001002d34       0x20 zephyr/kernel/libkernel.a(init.c.obj)
                0x0000000001002d34                z_bss_zero
 .text.z_sys_init_run_level
                0x0000000001002d54       0x58 zephyr/kernel/libkernel.a(init.c.obj)
 .text.bg_thread_main
                0x0000000001002dac       0x44 zephyr/kernel/libkernel.a(init.c.obj)
 .text.init_idle_thread
                0x0000000001002df0       0x84 zephyr/kernel/libkernel.a(init.c.obj)
 .text.z_init_cpu
                0x0000000001002e74       0xb4 zephyr/kernel/libkernel.a(init.c.obj)
                0x0000000001002e74                z_init_cpu
 .text.prepare_multithreading
                0x0000000001002f28       0x68 zephyr/kernel/libkernel.a(init.c.obj)
 .text.switch_to_main_thread
                0x0000000001002f90       0x1c zephyr/kernel/libkernel.a(init.c.obj)
 .text.z_cstart
                0x0000000001002fac       0xf0 zephyr/kernel/libkernel.a(init.c.obj)
                0x0000000001002fac                z_cstart
 .text.z_setup_new_thread
                0x000000000100309c      0x13c zephyr/kernel/libkernel.a(thread.c.obj)
                0x000000000100309c                z_setup_new_thread
 .text.z_thread_mark_switched_in
                0x00000000010031d8       0x18 zephyr/kernel/libkernel.a(thread.c.obj)
                0x00000000010031d8                z_thread_mark_switched_in
 .text.z_dummy_thread_init
                0x00000000010031f0       0x40 zephyr/kernel/libkernel.a(thread.c.obj)
                0x00000000010031f0                z_dummy_thread_init
 .text.z_add_thread_timeout
                0x0000000001003230       0x28 zephyr/kernel/libkernel.a(sched.c.obj)
 .text.z_sched_lock
                0x0000000001003258       0x1c zephyr/kernel/libkernel.a(sched.c.obj)
 .text.z_swap_irqlock
                0x0000000001003274       0x64 zephyr/kernel/libkernel.a(sched.c.obj)
 .text.move_thread_to_end_of_prio_q
                0x00000000010032d8      0x1dc zephyr/kernel/libkernel.a(sched.c.obj)
                0x00000000010032d8                move_thread_to_end_of_prio_q
 .text.ready_thread
                0x00000000010034b4      0x1b0 zephyr/kernel/libkernel.a(sched.c.obj)
 .text.z_ready_thread
                0x0000000001003664       0x90 zephyr/kernel/libkernel.a(sched.c.obj)
                0x0000000001003664                z_ready_thread
 .text.thread_halt_spin
                0x00000000010036f4      0x258 zephyr/kernel/libkernel.a(sched.c.obj)
 .text.unready_thread
                0x000000000100394c      0x120 zephyr/kernel/libkernel.a(sched.c.obj)
 .text.z_sched_wake_thread
                0x0000000001003a6c       0xbc zephyr/kernel/libkernel.a(sched.c.obj)
                0x0000000001003a6c                z_sched_wake_thread
 .text.need_swap
                0x0000000001003b28       0x2c zephyr/kernel/libkernel.a(sched.c.obj)
 .text.k_sched_lock
                0x0000000001003b54       0x80 zephyr/kernel/libkernel.a(sched.c.obj)
                0x0000000001003b54                k_sched_lock
 .text.k_sched_unlock
                0x0000000001003bd4      0x14c zephyr/kernel/libkernel.a(sched.c.obj)
                0x0000000001003bd4                k_sched_unlock
 .text.z_sched_init
                0x0000000001003d20       0x14 zephyr/kernel/libkernel.a(sched.c.obj)
                0x0000000001003d20                z_sched_init
 .text.z_impl_k_yield
                0x0000000001003d34      0x19c zephyr/kernel/libkernel.a(sched.c.obj)
                0x0000000001003d34                z_impl_k_yield
 .text.z_tick_sleep
                0x0000000001003ed0      0x10c zephyr/kernel/libkernel.a(sched.c.obj)
 .text.z_impl_k_wakeup
                0x0000000001003fdc       0x94 zephyr/kernel/libkernel.a(sched.c.obj)
                0x0000000001003fdc                z_impl_k_wakeup
 .text.z_impl_k_sched_current_thread_query
                0x0000000001004070       0x14 zephyr/kernel/libkernel.a(sched.c.obj)
                0x0000000001004070                z_impl_k_sched_current_thread_query
 .text.z_thread_abort
                0x0000000001004084      0x474 zephyr/kernel/libkernel.a(sched.c.obj)
                0x0000000001004084                z_thread_abort
 .text.z_is_idle_thread_object
                0x00000000010044f8       0x24 zephyr/kernel/libkernel.a(timeslicing.c.obj)
 .text.slice_time
                0x000000000100451c       0x20 zephyr/kernel/libkernel.a(timeslicing.c.obj)
 .text.thread_is_sliceable
                0x000000000100453c       0x84 zephyr/kernel/libkernel.a(timeslicing.c.obj)
                0x000000000100453c                thread_is_sliceable
 .text.slice_timeout
                0x00000000010045c0       0x38 zephyr/kernel/libkernel.a(timeslicing.c.obj)
 .text.z_reset_time_slice
                0x00000000010045f8       0x80 zephyr/kernel/libkernel.a(timeslicing.c.obj)
                0x00000000010045f8                z_reset_time_slice
 .text.z_time_slice
                0x0000000001004678       0xe8 zephyr/kernel/libkernel.a(timeslicing.c.obj)
                0x0000000001004678                z_time_slice
 .text.z_thread_monitor_exit
                0x0000000001004760       0xbc zephyr/kernel/libkernel.a(thread_monitor.c.obj)
                0x0000000001004760                z_thread_monitor_exit
 .text.z_data_copy
                0x000000000100481c       0x40 zephyr/kernel/libkernel.a(xip.c.obj)
                0x000000000100481c                z_data_copy
 .text.first    0x000000000100485c       0x1c zephyr/kernel/libkernel.a(timeout.c.obj)
 .text.next     0x0000000001004878       0x24 zephyr/kernel/libkernel.a(timeout.c.obj)
 .text.elapsed  0x000000000100489c       0x20 zephyr/kernel/libkernel.a(timeout.c.obj)
 .text.z_add_timeout
                0x00000000010048bc      0x1f0 zephyr/kernel/libkernel.a(timeout.c.obj)
                0x00000000010048bc                z_add_timeout
 .text.z_abort_timeout
                0x0000000001004aac       0xc4 zephyr/kernel/libkernel.a(timeout.c.obj)
                0x0000000001004aac                z_abort_timeout
 .text.sys_clock_announce
                0x0000000001004b70      0x1e8 zephyr/kernel/libkernel.a(timeout.c.obj)
                0x0000000001004b70                sys_clock_announce
 .text.sys_clock_tick_get
                0x0000000001004d58       0xb0 zephyr/kernel/libkernel.a(timeout.c.obj)
                0x0000000001004d58                sys_clock_tick_get
 .text.z_sched_usage_start
                0x0000000001004e08       0x20 zephyr/kernel/libkernel.a(usage.c.obj)
                0x0000000001004e08                z_sched_usage_start
 .text.z_sched_usage_stop
                0x0000000001004e28       0xb0 zephyr/kernel/libkernel.a(usage.c.obj)
                0x0000000001004e28                z_sched_usage_stop
 .text.boot_banner
                0x0000000001004ed8       0x14 zephyr/kernel/libkernel.a(banner.c.obj)
                0x0000000001004ed8                boot_banner
 .text.__l_vfprintf
                0x0000000001004eec      0x4b4 c:\analog\cfs\1.1.0\tools\zephyr-sdk\arm-zephyr-eabi\bin\../lib/gcc/../../picolibc/arm-zephyr-eabi/lib/thumb/v8-m.main/nofp\libc.a(libc_tinystdio_vflprintf.c.o)
                0x0000000001004eec                __l_vfprintf
 .text.vsnprintf
                0x00000000010053a0       0x50 c:\analog\cfs\1.1.0\tools\zephyr-sdk\arm-zephyr-eabi\bin\../lib/gcc/../../picolibc/arm-zephyr-eabi/lib/thumb/v8-m.main/nofp\libc.a(libc_tinystdio_vsnprintf.c.o)
                0x00000000010053a0                vsnprintf
 .text._OffsetAbsSyms
                0x00000000010053f0        0xc zephyr/CMakeFiles/offsets.dir/./arch/arm/core/offsets/offsets.c.obj
                0x00000000010053f0                _OffsetAbsSyms
 .text.device_is_ready
                0x00000000010053fc       0x18 app/libapp.a(main.c.obj)
 .text.k_msleep
                0x0000000001005414       0x58 app/libapp.a(main.c.obj)
 .text.k_sleep  0x000000000100546c       0x1c app/libapp.a(main.c.obj)
 .text.gpio_is_ready_dt
                0x0000000001005488       0x1c app/libapp.a(main.c.obj)
 .text.z_impl_gpio_pin_configure
                0x00000000010054a4       0x98 app/libapp.a(main.c.obj)
 .text.gpio_pin_configure_dt
                0x000000000100553c       0x2c app/libapp.a(main.c.obj)
 .text.gpio_pin_configure
                0x0000000001005568       0x24 app/libapp.a(main.c.obj)
 .text.tui_printf
                0x000000000100558c       0x52 app/libapp.a(tui.c.obj)
                0x000000000100558c                tui_printf
 .text.uart_fifo_read
                0x00000000010055de       0x36 app/libapp.a(tui_uart_input.c.obj)
 .text.z_impl_uart_irq_rx_enable
                0x0000000001005614       0x26 app/libapp.a(tui_uart_input.c.obj)
 .text.uart_irq_rx_ready
                0x000000000100563a       0x2e app/libapp.a(tui_uart_input.c.obj)
 .text.z_impl_uart_irq_is_pending
                0x0000000001005668       0x2e app/libapp.a(tui_uart_input.c.obj)
 .text.z_impl_uart_irq_update
                0x0000000001005696       0x2e app/libapp.a(tui_uart_input.c.obj)
 .text.uart_irq_callback_user_data_set
                0x00000000010056c4       0x3c app/libapp.a(tui_uart_input.c.obj)
 .text.uart_irq_rx_enable
                0x0000000001005700       0x16 app/libapp.a(tui_uart_input.c.obj)
 .text.uart_irq_is_pending
                0x0000000001005716       0x18 app/libapp.a(tui_uart_input.c.obj)
 .text.uart_irq_update
                0x000000000100572e       0x18 app/libapp.a(tui_uart_input.c.obj)
 .text.uart_cb  0x0000000001005746       0x56 app/libapp.a(tui_uart_input.c.obj)
 .text.big_heap_chunks
                0x000000000100579c       0x14 zephyr/libzephyr.a(heap.c.obj)
 .text.big_heap_bytes
                0x00000000010057b0       0x1c zephyr/libzephyr.a(heap.c.obj)
 .text.big_heap
                0x00000000010057cc       0x1c zephyr/libzephyr.a(heap.c.obj)
 .text.chunk_buf
                0x00000000010057e8       0x14 zephyr/libzephyr.a(heap.c.obj)
 .text.chunk_field
                0x00000000010057fc       0x4a zephyr/libzephyr.a(heap.c.obj)
 .text.chunk_set
                0x0000000001005846       0x52 zephyr/libzephyr.a(heap.c.obj)
 .text.chunk_size
                0x0000000001005898       0x20 zephyr/libzephyr.a(heap.c.obj)
 .text.set_chunk_used
                0x00000000010058b8       0x8a zephyr/libzephyr.a(heap.c.obj)
 .text.set_chunk_size
                0x0000000001005942       0x22 zephyr/libzephyr.a(heap.c.obj)
 .text.prev_free_chunk
                0x0000000001005964       0x1e zephyr/libzephyr.a(heap.c.obj)
 .text.set_prev_free_chunk
                0x0000000001005982       0x20 zephyr/libzephyr.a(heap.c.obj)
 .text.set_next_free_chunk
                0x00000000010059a2       0x20 zephyr/libzephyr.a(heap.c.obj)
 .text.set_left_chunk_size
                0x00000000010059c2       0x20 zephyr/libzephyr.a(heap.c.obj)
 .text.solo_free_header
                0x00000000010059e2       0x38 zephyr/libzephyr.a(heap.c.obj)
 .text.chunk_header_bytes
                0x0000000001005a1a       0x22 zephyr/libzephyr.a(heap.c.obj)
 .text.heap_footer_bytes
                0x0000000001005a3c       0x22 zephyr/libzephyr.a(heap.c.obj)
 .text.chunksz  0x0000000001005a5e       0x18 zephyr/libzephyr.a(heap.c.obj)
 .text.bytes_to_chunksz
                0x0000000001005a76       0x26 zephyr/libzephyr.a(heap.c.obj)
 .text.min_chunk_size
                0x0000000001005a9c       0x1a zephyr/libzephyr.a(heap.c.obj)
 .text.bucket_idx
                0x0000000001005ab6       0x2c zephyr/libzephyr.a(heap.c.obj)
 .text.free_list_add_bidx
                0x0000000001005ae2       0x8e zephyr/libzephyr.a(heap.c.obj)
 .text.free_list_add
                0x0000000001005b70       0x44 zephyr/libzephyr.a(heap.c.obj)
 .text.sys_heap_init
                0x0000000001005bb4       0xf8 zephyr/libzephyr.a(heap.c.obj)
                0x0000000001005bb4                sys_heap_init
 .text.k_is_user_context
                0x0000000001005cac        0xe zephyr/libzephyr.a(printk.c.obj)
 .text.k_str_out
                0x0000000001005cba       0x1a zephyr/libzephyr.a(printk.c.obj)
 .text.arch_printk_char_out
                0x0000000001005cd4       0x14 zephyr/libzephyr.a(printk.c.obj)
                0x0000000001005cd4                arch_printk_char_out
 .text.buf_flush
                0x0000000001005ce8       0x28 zephyr/libzephyr.a(printk.c.obj)
 .text.buf_char_out
                0x0000000001005d10       0x40 zephyr/libzephyr.a(printk.c.obj)
 .text.printk   0x0000000001005d50       0x24 zephyr/libzephyr.a(printk.c.obj)
                0x0000000001005d50                printk
 .text.k_sched_current_thread_query
                0x0000000001005d74        0xe zephyr/libzephyr.a(thread_entry.c.obj)
 .text.k_thread_abort
                0x0000000001005d82       0x16 zephyr/libzephyr.a(thread_entry.c.obj)
 .text._ConfigAbsSyms
                0x0000000001005d98        0xc zephyr/libzephyr.a(configs.c.obj)
                0x0000000001005d98                _ConfigAbsSyms
 .text.z_arm_on_enter_cpu_idle
                0x0000000001005da4        0xe zephyr/libzephyr.a(soc.c.obj)
                0x0000000001005da4                z_arm_on_enter_cpu_idle
 .text.soc_early_init_hook
                0x0000000001005db2        0xc zephyr/libzephyr.a(soc.c.obj)
                0x0000000001005db2                soc_early_init_hook
 .text.max32xx_system_init
                0x0000000001005dbe        0xc zephyr/libzephyr.a(max32xxx_system.c.obj)
                0x0000000001005dbe                max32xx_system_init
 .text.MXC_SYS_ClockDisable
                0x0000000001005dca       0x52 zephyr/libzephyr.a(sys_me30.c.obj)
                0x0000000001005dca                MXC_SYS_ClockDisable
 .text.MXC_SYS_ClockEnable
                0x0000000001005e1c       0x56 zephyr/libzephyr.a(sys_me30.c.obj)
                0x0000000001005e1c                MXC_SYS_ClockEnable
 .text.MXC_SYS_Clock_Timeout
                0x0000000001005e72       0x40 zephyr/libzephyr.a(sys_me30.c.obj)
                0x0000000001005e72                MXC_SYS_Clock_Timeout
 .text.MXC_SYS_SetClockDiv
                0x0000000001005eb2       0x3e zephyr/libzephyr.a(sys_me30.c.obj)
                0x0000000001005eb2                MXC_SYS_SetClockDiv
 .text.MXC_SYS_GetClockDiv
                0x0000000001005ef0       0x1a zephyr/libzephyr.a(sys_me30.c.obj)
                0x0000000001005ef0                MXC_SYS_GetClockDiv
 .text.MXC_SYS_Reset_Periph
                0x0000000001005f0a       0x64 zephyr/libzephyr.a(sys_me30.c.obj)
                0x0000000001005f0a                MXC_SYS_Reset_Periph
 .text.MXC_ICC_Ready
                0x0000000001005f6e       0x1c zephyr/libzephyr.a(icc_reva.c.obj)
 .text.MXC_ICC_RevA_Enable
                0x0000000001005f8a       0x56 zephyr/libzephyr.a(icc_reva.c.obj)
                0x0000000001005f8a                MXC_ICC_RevA_Enable
 .text.MXC_UART_Common_WriteCharacter
                0x0000000001005fe0       0x2e zephyr/libzephyr.a(uart_common.c.obj)
                0x0000000001005fe0                MXC_UART_Common_WriteCharacter
 .text.MXC_UART_SetDataSize
                0x000000000100600e       0x1c zephyr/libzephyr.a(uart_me30.c.obj)
                0x000000000100600e                MXC_UART_SetDataSize
 .text.MXC_UART_SetStopBits
                0x000000000100602a       0x20 zephyr/libzephyr.a(uart_me30.c.obj)
                0x000000000100602a                MXC_UART_SetStopBits
 .text.MXC_UART_SetParity
                0x000000000100604a       0x20 zephyr/libzephyr.a(uart_me30.c.obj)
                0x000000000100604a                MXC_UART_SetParity
 .text.MXC_UART_GetActive
                0x000000000100606a       0x18 zephyr/libzephyr.a(uart_me30.c.obj)
                0x000000000100606a                MXC_UART_GetActive
 .text.MXC_UART_ReadCharacterRaw
                0x0000000001006082       0x18 zephyr/libzephyr.a(uart_me30.c.obj)
                0x0000000001006082                MXC_UART_ReadCharacterRaw
 .text.MXC_UART_WriteCharacterRaw
                0x000000000100609a       0x20 zephyr/libzephyr.a(uart_me30.c.obj)
                0x000000000100609a                MXC_UART_WriteCharacterRaw
 .text.MXC_UART_WriteCharacter
                0x00000000010060ba       0x20 zephyr/libzephyr.a(uart_me30.c.obj)
                0x00000000010060ba                MXC_UART_WriteCharacter
 .text.MXC_UART_ReadRXFIFO
                0x00000000010060da       0x20 zephyr/libzephyr.a(uart_me30.c.obj)
                0x00000000010060da                MXC_UART_ReadRXFIFO
 .text.MXC_UART_WriteTXFIFO
                0x00000000010060fa       0x20 zephyr/libzephyr.a(uart_me30.c.obj)
                0x00000000010060fa                MXC_UART_WriteTXFIFO
 .text.MXC_UART_GetTXFIFOAvailable
                0x000000000100611a       0x18 zephyr/libzephyr.a(uart_me30.c.obj)
                0x000000000100611a                MXC_UART_GetTXFIFOAvailable
 .text.MXC_UART_SetRXThreshold
                0x0000000001006132       0x1c zephyr/libzephyr.a(uart_me30.c.obj)
                0x0000000001006132                MXC_UART_SetRXThreshold
 .text.MXC_UART_GetFlags
                0x000000000100614e       0x18 zephyr/libzephyr.a(uart_me30.c.obj)
                0x000000000100614e                MXC_UART_GetFlags
 .text.MXC_UART_ClearFlags
                0x0000000001006166       0x1c zephyr/libzephyr.a(uart_me30.c.obj)
                0x0000000001006166                MXC_UART_ClearFlags
 .text.MXC_UART_EnableInt
                0x0000000001006182       0x1c zephyr/libzephyr.a(uart_me30.c.obj)
                0x0000000001006182                MXC_UART_EnableInt
 .text.MXC_UART_DisableInt
                0x000000000100619e       0x1c zephyr/libzephyr.a(uart_me30.c.obj)
                0x000000000100619e                MXC_UART_DisableInt
 .text.MXC_UART_GetStatus
                0x00000000010061ba       0x18 zephyr/libzephyr.a(uart_me30.c.obj)
                0x00000000010061ba                MXC_UART_GetStatus
 .text.MXC_UART_RevB_SetFrequency
                0x00000000010061d2       0x58 zephyr/libzephyr.a(uart_revb.c.obj)
                0x00000000010061d2                MXC_UART_RevB_SetFrequency
 .text.MXC_UART_RevB_SetDataSize
                0x000000000100622a       0x44 zephyr/libzephyr.a(uart_revb.c.obj)
                0x000000000100622a                MXC_UART_RevB_SetDataSize
 .text.MXC_UART_RevB_SetStopBits
                0x000000000100626e       0x46 zephyr/libzephyr.a(uart_revb.c.obj)
                0x000000000100626e                MXC_UART_RevB_SetStopBits
 .text.MXC_UART_RevB_GetActive
                0x00000000010062b4       0x26 zephyr/libzephyr.a(uart_revb.c.obj)
                0x00000000010062b4                MXC_UART_RevB_GetActive
 .text.MXC_UART_RevB_ReadCharacterRaw
                0x00000000010062da       0x28 zephyr/libzephyr.a(uart_revb.c.obj)
                0x00000000010062da                MXC_UART_RevB_ReadCharacterRaw
 .text.MXC_UART_RevB_WriteCharacterRaw
                0x0000000001006302       0x30 zephyr/libzephyr.a(uart_revb.c.obj)
                0x0000000001006302                MXC_UART_RevB_WriteCharacterRaw
 .text.MXC_UART_RevB_ReadRXFIFO
                0x0000000001006332       0x4a zephyr/libzephyr.a(uart_revb.c.obj)
                0x0000000001006332                MXC_UART_RevB_ReadRXFIFO
 .text.MXC_UART_RevB_WriteTXFIFO
                0x000000000100637c       0x4a zephyr/libzephyr.a(uart_revb.c.obj)
                0x000000000100637c                MXC_UART_RevB_WriteTXFIFO
 .text.MXC_UART_RevB_GetTXFIFOAvailable
                0x00000000010063c6       0x24 zephyr/libzephyr.a(uart_revb.c.obj)
                0x00000000010063c6                MXC_UART_RevB_GetTXFIFOAvailable
 .text.MXC_UART_RevB_SetRXThreshold
                0x00000000010063ea       0x3c zephyr/libzephyr.a(uart_revb.c.obj)
                0x00000000010063ea                MXC_UART_RevB_SetRXThreshold
 .text.MXC_UART_RevB_GetFlags
                0x0000000001006426       0x16 zephyr/libzephyr.a(uart_revb.c.obj)
                0x0000000001006426                MXC_UART_RevB_GetFlags
 .text.MXC_UART_RevB_ClearFlags
                0x000000000100643c       0x1c zephyr/libzephyr.a(uart_revb.c.obj)
                0x000000000100643c                MXC_UART_RevB_ClearFlags
 .text.MXC_UART_RevB_EnableInt
                0x0000000001006458       0x22 zephyr/libzephyr.a(uart_revb.c.obj)
                0x0000000001006458                MXC_UART_RevB_EnableInt
 .text.MXC_UART_RevB_DisableInt
                0x000000000100647a       0x24 zephyr/libzephyr.a(uart_revb.c.obj)
                0x000000000100647a                MXC_UART_RevB_DisableInt
 .text.MXC_UART_RevB_GetStatus
                0x000000000100649e       0x16 zephyr/libzephyr.a(uart_revb.c.obj)
                0x000000000100649e                MXC_UART_RevB_GetStatus
 .text.MXC_GPIO_Init
                0x00000000010064b4       0x28 zephyr/libzephyr.a(gpio_me30.c.obj)
                0x00000000010064b4                MXC_GPIO_Init
 .text.MXC_GPIO_Config
                0x00000000010064dc       0xe4 zephyr/libzephyr.a(gpio_me30.c.obj)
                0x00000000010064dc                MXC_GPIO_Config
 .text.MXC_GPIO_InGet
                0x00000000010065c0       0x1c zephyr/libzephyr.a(gpio_me30.c.obj)
                0x00000000010065c0                MXC_GPIO_InGet
 .text.MXC_GPIO_OutSet
                0x00000000010065dc       0x1a zephyr/libzephyr.a(gpio_me30.c.obj)
                0x00000000010065dc                MXC_GPIO_OutSet
 .text.MXC_GPIO_OutClr
                0x00000000010065f6       0x1a zephyr/libzephyr.a(gpio_me30.c.obj)
                0x00000000010065f6                MXC_GPIO_OutClr
 .text.MXC_GPIO_OutPut
                0x0000000001006610       0x1e zephyr/libzephyr.a(gpio_me30.c.obj)
                0x0000000001006610                MXC_GPIO_OutPut
 .text.MXC_GPIO_OutToggle
                0x000000000100662e       0x1a zephyr/libzephyr.a(gpio_me30.c.obj)
                0x000000000100662e                MXC_GPIO_OutToggle
 .text.MXC_GPIO_IntConfig
                0x0000000001006648       0x20 zephyr/libzephyr.a(gpio_me30.c.obj)
                0x0000000001006648                MXC_GPIO_IntConfig
 .text.MXC_GPIO_EnableInt
                0x0000000001006668       0x1a zephyr/libzephyr.a(gpio_me30.c.obj)
                0x0000000001006668                MXC_GPIO_EnableInt
 .text.MXC_GPIO_DisableInt
                0x0000000001006682       0x1a zephyr/libzephyr.a(gpio_me30.c.obj)
                0x0000000001006682                MXC_GPIO_DisableInt
 .text.MXC_GPIO_ClearFlags
                0x000000000100669c       0x1a zephyr/libzephyr.a(gpio_me30.c.obj)
                0x000000000100669c                MXC_GPIO_ClearFlags
 .text.MXC_GPIO_GetFlags
                0x00000000010066b6       0x18 zephyr/libzephyr.a(gpio_me30.c.obj)
                0x00000000010066b6                MXC_GPIO_GetFlags
 .text.MXC_GPIO_SetDriveStrength
                0x00000000010066ce       0x24 zephyr/libzephyr.a(gpio_me30.c.obj)
                0x00000000010066ce                MXC_GPIO_SetDriveStrength
 .text.MXC_GPIO_GetConfigLock
                0x00000000010066f2        0xe zephyr/libzephyr.a(gpio_me30.c.obj)
                0x00000000010066f2                MXC_GPIO_GetConfigLock
 .text.MXC_GPIO_RevA_InGet
                0x0000000001006700       0x1c zephyr/libzephyr.a(gpio_reva.c.obj)
                0x0000000001006700                MXC_GPIO_RevA_InGet
 .text.MXC_GPIO_RevA_OutSet
                0x000000000100671c       0x1a zephyr/libzephyr.a(gpio_reva.c.obj)
                0x000000000100671c                MXC_GPIO_RevA_OutSet
 .text.MXC_GPIO_RevA_OutClr
                0x0000000001006736       0x1a zephyr/libzephyr.a(gpio_reva.c.obj)
                0x0000000001006736                MXC_GPIO_RevA_OutClr
 .text.MXC_GPIO_RevA_OutPut
                0x0000000001006750       0x2c zephyr/libzephyr.a(gpio_reva.c.obj)
                0x0000000001006750                MXC_GPIO_RevA_OutPut
 .text.MXC_GPIO_RevA_OutToggle
                0x000000000100677c       0x20 zephyr/libzephyr.a(gpio_reva.c.obj)
                0x000000000100677c                MXC_GPIO_RevA_OutToggle
 .text.MXC_GPIO_RevA_EnableInt
                0x000000000100679c       0x1a zephyr/libzephyr.a(gpio_reva.c.obj)
                0x000000000100679c                MXC_GPIO_RevA_EnableInt
 .text.MXC_GPIO_RevA_DisableInt
                0x00000000010067b6       0x1a zephyr/libzephyr.a(gpio_reva.c.obj)
                0x00000000010067b6                MXC_GPIO_RevA_DisableInt
 .text.MXC_GPIO_RevA_ClearFlags
                0x00000000010067d0       0x1a zephyr/libzephyr.a(gpio_reva.c.obj)
                0x00000000010067d0                MXC_GPIO_RevA_ClearFlags
 .text.MXC_GPIO_RevA_GetFlags
                0x00000000010067ea       0x16 zephyr/libzephyr.a(gpio_reva.c.obj)
                0x00000000010067ea                MXC_GPIO_RevA_GetFlags
 .text.esf_dump
                0x0000000001006800       0x1a zephyr/arch/arch/arm/core/libarch__arm__core.a(fatal.c.obj)
 .text.z_arm_fatal_error
                0x000000000100681a       0x3a zephyr/arch/arch/arm/core/libarch__arm__core.a(fatal.c.obj)
                0x000000000100681a                z_arm_fatal_error
 .text.z_do_kernel_oops
                0x0000000001006854       0x2c zephyr/arch/arch/arm/core/libarch__arm__core.a(fatal.c.obj)
                0x0000000001006854                z_do_kernel_oops
 .text.z_arm_nmi
                0x0000000001006880       0x10 zephyr/arch/arch/arm/core/libarch__arm__core.a(nmi.c.obj)
                0x0000000001006880                z_arm_nmi
 .text.arch_tls_stack_setup
                0x0000000001006890       0x3c zephyr/arch/arch/arm/core/libarch__arm__core.a(tls.c.obj)
                0x0000000001006890                arch_tls_stack_setup
 .text.fault_show
                0x00000000010068cc       0x14 zephyr/arch/arch/arm/core/cortex_m/libarch__arm__core__cortex_m.a(fault.c.obj)
 .text.memory_fault_recoverable
                0x00000000010068e0       0x18 zephyr/arch/arch/arm/core/cortex_m/libarch__arm__core__cortex_m.a(fault.c.obj)
 .text.debug_monitor
                0x00000000010068f8       0x1c zephyr/arch/arch/arm/core/cortex_m/libarch__arm__core__cortex_m.a(fault.c.obj)
 .text.reserved_exception
                0x0000000001006914       0x16 zephyr/arch/arch/arm/core/cortex_m/libarch__arm__core__cortex_m.a(fault.c.obj)
 .text.get_esf  0x000000000100692a       0xbe zephyr/arch/arch/arm/core/cortex_m/libarch__arm__core__cortex_m.a(fault.c.obj)
 .text.arch_irq_enable
                0x00000000010069e8       0x1a zephyr/arch/arch/arm/core/cortex_m/libarch__arm__core__cortex_m.a(irq_manage.c.obj)
                0x00000000010069e8                arch_irq_enable
 .text.z_arm_irq_priority_set
                0x0000000001006a02       0x26 zephyr/arch/arch/arm/core/cortex_m/libarch__arm__core__cortex_m.a(irq_manage.c.obj)
                0x0000000001006a02                z_arm_irq_priority_set
 .text.z_irq_spurious
                0x0000000001006a28       0x18 zephyr/arch/arch/arm/core/cortex_m/libarch__arm__core__cortex_m.a(irq_manage.c.obj)
                0x0000000001006a28                z_irq_spurious
 .text.z_prep_c
                0x0000000001006a40       0x1c zephyr/arch/arch/arm/core/cortex_m/libarch__arm__core__cortex_m.a(prep_c.c.obj)
                0x0000000001006a40                z_prep_c
 .text.z_arm_prepare_switch_to_main
                0x0000000001006a5c        0xc zephyr/arch/arch/arm/core/cortex_m/libarch__arm__core__cortex_m.a(thread.c.obj)
 .text.arch_irq_unlock_outlined
                0x0000000001006a68       0x32 zephyr/arch/arch/arm/core/cortex_m/libarch__arm__core__cortex_m.a(thread.c.obj)
                0x0000000001006a68                arch_irq_unlock_outlined
 .text.arch_cpu_idle
                0x0000000001006a9a       0x40 zephyr/arch/arch/arm/core/cortex_m/libarch__arm__core__cortex_m.a(cpu_idle.c.obj)
                0x0000000001006a9a                arch_cpu_idle
 .text.z_arm_interrupt_init
                0x0000000001006ada       0x2e zephyr/arch/arch/arm/core/cortex_m/libarch__arm__core__cortex_m.a(irq_init.c.obj)
                0x0000000001006ada                z_arm_interrupt_init
 .text.arm_cmse_mpu_region_get
                0x0000000001006b08       0x36 zephyr/arch/arch/arm/core/cortex_m/cmse/libarch__arm__core__cortex_m__cmse.a(arm_core_cmse.c.obj)
                0x0000000001006b08                arm_cmse_mpu_region_get
 .text.ARM_MPU_ClrRegionEx
                0x0000000001006b3e       0x20 zephyr/arch/arch/arm/core/mpu/libarch__arm__core__mpu.a(arm_mpu.c.obj)
 .text.mpu_clear_region
                0x0000000001006b5e       0x16 zephyr/arch/arch/arm/core/mpu/libarch__arm__core__mpu.a(arm_mpu.c.obj)
 .text.mpu_set_region
                0x0000000001006b74       0x26 zephyr/arch/arch/arm/core/mpu/libarch__arm__core__mpu.a(arm_mpu.c.obj)
 .text.region_init
                0x0000000001006b9a       0x50 zephyr/arch/arch/arm/core/mpu/libarch__arm__core__mpu.a(arm_mpu.c.obj)
 .text.mpu_partition_is_valid
                0x0000000001006bea       0x40 zephyr/arch/arch/arm/core/mpu/libarch__arm__core__mpu.a(arm_mpu.c.obj)
 .text.get_region_index
                0x0000000001006c2a       0x3e zephyr/arch/arch/arm/core/mpu/libarch__arm__core__mpu.a(arm_mpu.c.obj)
 .text.mpu_region_get_base
                0x0000000001006c68       0x20 zephyr/arch/arch/arm/core/mpu/libarch__arm__core__mpu.a(arm_mpu.c.obj)
 .text.mpu_region_set_base
                0x0000000001006c88       0x30 zephyr/arch/arch/arm/core/mpu/libarch__arm__core__mpu.a(arm_mpu.c.obj)
 .text.mpu_region_get_last_addr
                0x0000000001006cb8       0x20 zephyr/arch/arch/arm/core/mpu/libarch__arm__core__mpu.a(arm_mpu.c.obj)
 .text.mpu_region_set_limit
                0x0000000001006cd8       0x30 zephyr/arch/arch/arm/core/mpu/libarch__arm__core__mpu.a(arm_mpu.c.obj)
 .text.mpu_region_get_access_attr
                0x0000000001006d08       0x46 zephyr/arch/arch/arm/core/mpu/libarch__arm__core__mpu.a(arm_mpu.c.obj)
 .text.mpu_region_get_conf
                0x0000000001006d4e       0x40 zephyr/arch/arch/arm/core/mpu/libarch__arm__core__mpu.a(arm_mpu.c.obj)
 .text.get_region_attr_from_mpu_partition_info
                0x0000000001006d8e       0x54 zephyr/arch/arch/arm/core/mpu/libarch__arm__core__mpu.a(arm_mpu.c.obj)
 .text.mpu_configure_regions_and_partition
                0x0000000001006de2      0x2ec zephyr/arch/arch/arm/core/mpu/libarch__arm__core__mpu.a(arm_mpu.c.obj)
 .text.get_num_regions
                0x00000000010070ce        0xe zephyr/arch/arch/arm/core/mpu/libarch__arm__core__mpu.a(arm_mpu.c.obj)
 .text.region_allocate_and_init
                0x00000000010070dc       0x38 zephyr/arch/arch/arm/core/mpu/libarch__arm__core__mpu.a(arm_mpu.c.obj)
 .text.mpu_configure_regions_from_dt
                0x0000000001007114      0x18c zephyr/arch/arch/arm/core/mpu/libarch__arm__core__mpu.a(arm_mpu.c.obj)
 .text.mpu_configure_region
                0x00000000010072a0       0x48 zephyr/arch/arch/arm/core/mpu/libarch__arm__core__mpu.a(arm_mpu.c.obj)
 .text.arm_core_mpu_configure_static_mpu_regions
                0x00000000010072e8       0x24 zephyr/arch/arch/arm/core/mpu/libarch__arm__core__mpu.a(arm_mpu.c.obj)
                0x00000000010072e8                arm_core_mpu_configure_static_mpu_regions
 .text.arm_core_mpu_mark_areas_for_dynamic_regions
                0x000000000100730c       0x1e zephyr/arch/arch/arm/core/mpu/libarch__arm__core__mpu.a(arm_mpu.c.obj)
                0x000000000100730c                arm_core_mpu_mark_areas_for_dynamic_regions
 .text.zephyr_fputc
                0x000000000100732a       0x1c zephyr/lib/libc/picolibc/liblib__libc__picolibc.a(stdio.c.obj)
 .text.picolibc_put
                0x0000000001007346       0x20 zephyr/lib/libc/picolibc/liblib__libc__picolibc.a(stdio.c.obj)
 .text.Wrap_MXC_SYS_SetClockDiv
                0x0000000001007366       0x1a zephyr/drivers/clock_control/libdrivers__clock_control.a(clock_control_max32.c.obj)
 .text.api_on   0x0000000001007380       0x66 zephyr/drivers/clock_control/libdrivers__clock_control.a(clock_control_max32.c.obj)
 .text.api_off  0x00000000010073e6       0x66 zephyr/drivers/clock_control/libdrivers__clock_control.a(clock_control_max32.c.obj)
 .text.setup_fixed_clocks
                0x000000000100744c        0xe zephyr/drivers/clock_control/libdrivers__clock_control.a(clock_control_max32.c.obj)
 .text.max32_clkctrl_init
                0x000000000100745a       0x22 zephyr/drivers/clock_control/libdrivers__clock_control.a(clock_control_max32.c.obj)
 .text.device_is_ready
                0x000000000100747c       0x18 zephyr/drivers/console/libdrivers__console.a(uart_console.c.obj)
 .text.z_impl_uart_poll_out
                0x0000000001007494       0x26 zephyr/drivers/console/libdrivers__console.a(uart_console.c.obj)
 .text.uart_poll_out
                0x00000000010074ba       0x1e zephyr/drivers/console/libdrivers__console.a(uart_console.c.obj)
 .text.pm_device_runtime_get
                0x00000000010074d8       0x14 zephyr/drivers/console/libdrivers__console.a(uart_console.c.obj)
 .text.pm_device_runtime_put_async
                0x00000000010074ec       0x18 zephyr/drivers/console/libdrivers__console.a(uart_console.c.obj)
 .text.z_snode_next_peek
                0x0000000001007504       0x16 zephyr/drivers/gpio/libdrivers__gpio.a(gpio_max32.c.obj)
 .text.z_snode_next_set
                0x000000000100751a       0x1a zephyr/drivers/gpio/libdrivers__gpio.a(gpio_max32.c.obj)
 .text.z_slist_head_set
                0x0000000001007534       0x1a zephyr/drivers/gpio/libdrivers__gpio.a(gpio_max32.c.obj)
 .text.z_slist_tail_set
                0x000000000100754e       0x1a zephyr/drivers/gpio/libdrivers__gpio.a(gpio_max32.c.obj)
 .text.sys_slist_peek_head
                0x0000000001007568       0x16 zephyr/drivers/gpio/libdrivers__gpio.a(gpio_max32.c.obj)
 .text.sys_slist_peek_tail
                0x000000000100757e       0x16 zephyr/drivers/gpio/libdrivers__gpio.a(gpio_max32.c.obj)
 .text.sys_slist_is_empty
                0x0000000001007594       0x22 zephyr/drivers/gpio/libdrivers__gpio.a(gpio_max32.c.obj)
 .text.sys_slist_peek_next_no_check
                0x00000000010075b6       0x18 zephyr/drivers/gpio/libdrivers__gpio.a(gpio_max32.c.obj)
 .text.sys_slist_peek_next
                0x00000000010075ce       0x22 zephyr/drivers/gpio/libdrivers__gpio.a(gpio_max32.c.obj)
 .text.sys_slist_prepend
                0x00000000010075f0       0x44 zephyr/drivers/gpio/libdrivers__gpio.a(gpio_max32.c.obj)
 .text.sys_slist_remove
                0x0000000001007634       0x76 zephyr/drivers/gpio/libdrivers__gpio.a(gpio_max32.c.obj)
 .text.sys_slist_find_and_remove
                0x00000000010076aa       0x4a zephyr/drivers/gpio/libdrivers__gpio.a(gpio_max32.c.obj)
 .text.clock_control_on
                0x00000000010076f4       0x24 zephyr/drivers/gpio/libdrivers__gpio.a(gpio_max32.c.obj)
 .text.gpio_manage_callback
                0x0000000001007718       0x74 zephyr/drivers/gpio/libdrivers__gpio.a(gpio_max32.c.obj)
 .text.gpio_fire_callbacks
                0x000000000100778c       0xaa zephyr/drivers/gpio/libdrivers__gpio.a(gpio_max32.c.obj)
 .text.api_port_get_raw
                0x0000000001007836       0x2e zephyr/drivers/gpio/libdrivers__gpio.a(gpio_max32.c.obj)
 .text.api_port_set_masked_raw
                0x0000000001007864       0x2a zephyr/drivers/gpio/libdrivers__gpio.a(gpio_max32.c.obj)
 .text.api_port_set_bits_raw
                0x000000000100788e       0x26 zephyr/drivers/gpio/libdrivers__gpio.a(gpio_max32.c.obj)
 .text.api_port_clear_bits_raw
                0x00000000010078b4       0x26 zephyr/drivers/gpio/libdrivers__gpio.a(gpio_max32.c.obj)
 .text.api_port_toggle_bits
                0x00000000010078da       0x26 zephyr/drivers/gpio/libdrivers__gpio.a(gpio_max32.c.obj)
 .text.api_pin_configure
                0x0000000001007900      0x156 zephyr/drivers/gpio/libdrivers__gpio.a(gpio_max32.c.obj)
 .text.api_pin_interrupt_configure
                0x0000000001007a56      0x122 zephyr/drivers/gpio/libdrivers__gpio.a(gpio_max32.c.obj)
 .text.api_manage_callback
                0x0000000001007b78       0x2c zephyr/drivers/gpio/libdrivers__gpio.a(gpio_max32.c.obj)
 .text.gpio_max32_isr
                0x0000000001007ba4       0x46 zephyr/drivers/gpio/libdrivers__gpio.a(gpio_max32.c.obj)
 .text.gpio_max32_init
                0x0000000001007bea       0x42 zephyr/drivers/gpio/libdrivers__gpio.a(gpio_max32.c.obj)
 .text.gpio_max32_irq_init_0
                0x0000000001007c2c       0x16 zephyr/drivers/gpio/libdrivers__gpio.a(gpio_max32.c.obj)
 .text.pinctrl_lookup_state
                0x0000000001007c42       0x56 zephyr/drivers/pinctrl/libdrivers__pinctrl.a(common.c.obj)
                0x0000000001007c42                pinctrl_lookup_state
 .text.pinctrl_configure_pins
                0x0000000001007c98       0x48 zephyr/drivers/pinctrl/libdrivers__pinctrl.a(pinctrl_max32.c.obj)
                0x0000000001007c98                pinctrl_configure_pins
 .text.device_is_ready
                0x0000000001007ce0       0x18 zephyr/drivers/serial/libdrivers__serial.a(uart_max32.c.obj)
 .text.pinctrl_apply_state_direct
                0x0000000001007cf8       0x28 zephyr/drivers/serial/libdrivers__serial.a(uart_max32.c.obj)
 .text.pinctrl_apply_state
                0x0000000001007d20       0x3a zephyr/drivers/serial/libdrivers__serial.a(uart_max32.c.obj)
 .text.clock_control_on
                0x0000000001007d5a       0x24 zephyr/drivers/serial/libdrivers__serial.a(uart_max32.c.obj)
 .text.Wrap_MXC_UART_Init
                0x0000000001007d7e       0x1c zephyr/drivers/serial/libdrivers__serial.a(uart_max32.c.obj)
 .text.wrap_get_clock_source_instance
                0x0000000001007d9a       0x32 zephyr/drivers/serial/libdrivers__serial.a(uart_max32.c.obj)
 .text.Wrap_MXC_UART_SetFrequency
                0x0000000001007dcc       0x2c zephyr/drivers/serial/libdrivers__serial.a(uart_max32.c.obj)
 .text.Wrap_MXC_UART_SetClockSource
                0x0000000001007df8       0x28 zephyr/drivers/serial/libdrivers__serial.a(uart_max32.c.obj)
 .text.Wrap_MXC_UART_GetRegINTEN
                0x0000000001007e20       0x16 zephyr/drivers/serial/libdrivers__serial.a(uart_max32.c.obj)
 .text.api_poll_out
                0x0000000001007e36       0x28 zephyr/drivers/serial/libdrivers__serial.a(uart_max32.c.obj)
 .text.api_poll_in
                0x0000000001007e5e       0x3a zephyr/drivers/serial/libdrivers__serial.a(uart_max32.c.obj)
 .text.api_err_check
                0x0000000001007e98       0x5e zephyr/drivers/serial/libdrivers__serial.a(uart_max32.c.obj)
 .text.api_config_get
                0x0000000001007ef6       0x2a zephyr/drivers/serial/libdrivers__serial.a(uart_max32.c.obj)
 .text.uart_max32_hw_init
                0x0000000001007f20       0x66 zephyr/drivers/serial/libdrivers__serial.a(uart_max32.c.obj)
 .text.uart_max32_init
                0x0000000001007f86       0xa8 zephyr/drivers/serial/libdrivers__serial.a(uart_max32.c.obj)
 .text.api_fifo_fill
                0x000000000100802e       0x30 zephyr/drivers/serial/libdrivers__serial.a(uart_max32.c.obj)
 .text.api_fifo_read
                0x000000000100805e       0x42 zephyr/drivers/serial/libdrivers__serial.a(uart_max32.c.obj)
 .text.api_irq_tx_enable
                0x00000000010080a0       0x60 zephyr/drivers/serial/libdrivers__serial.a(uart_max32.c.obj)
 .text.api_irq_tx_disable
                0x0000000001008100       0x22 zephyr/drivers/serial/libdrivers__serial.a(uart_max32.c.obj)
 .text.api_irq_tx_ready
                0x0000000001008122       0x44 zephyr/drivers/serial/libdrivers__serial.a(uart_max32.c.obj)
 .text.api_irq_tx_complete
                0x0000000001008166       0x2e zephyr/drivers/serial/libdrivers__serial.a(uart_max32.c.obj)
 .text.api_irq_rx_ready
                0x0000000001008194       0x44 zephyr/drivers/serial/libdrivers__serial.a(uart_max32.c.obj)
 .text.api_irq_err_enable
                0x00000000010081d8       0x22 zephyr/drivers/serial/libdrivers__serial.a(uart_max32.c.obj)
 .text.api_irq_err_disable
                0x00000000010081fa       0x22 zephyr/drivers/serial/libdrivers__serial.a(uart_max32.c.obj)
 .text.api_irq_is_pending
                0x000000000100821c       0x20 zephyr/drivers/serial/libdrivers__serial.a(uart_max32.c.obj)
 .text.api_irq_update
                0x000000000100823c       0x4e zephyr/drivers/serial/libdrivers__serial.a(uart_max32.c.obj)
 .text.api_irq_callback_set
                0x000000000100828a       0x28 zephyr/drivers/serial/libdrivers__serial.a(uart_max32.c.obj)
 .text.api_irq_rx_enable
                0x00000000010082b2       0x22 zephyr/drivers/serial/libdrivers__serial.a(uart_max32.c.obj)
 .text.api_irq_rx_disable
                0x00000000010082d4       0x22 zephyr/drivers/serial/libdrivers__serial.a(uart_max32.c.obj)
 .text.uart_max32_isr
                0x00000000010082f6       0x4a zephyr/drivers/serial/libdrivers__serial.a(uart_max32.c.obj)
 .text.uart_max32_irq_init_0
                0x0000000001008340       0x1e zephyr/drivers/serial/libdrivers__serial.a(uart_max32.c.obj)
 .text.k_object_init
                0x000000000100835e       0x12 zephyr/kernel/libkernel.a(device.c.obj)
 .text.z_impl_device_is_ready
                0x0000000001008370       0x42 zephyr/kernel/libkernel.a(device.c.obj)
                0x0000000001008370                z_impl_device_is_ready
 .text.k_thread_abort
                0x00000000010083b2       0x16 zephyr/kernel/libkernel.a(fatal.c.obj)
 .text.coredump
                0x00000000010083c8       0x16 zephyr/kernel/libkernel.a(fatal.c.obj)
 .text.arch_system_halt
                0x00000000010083de       0x28 zephyr/kernel/libkernel.a(fatal.c.obj)
                0x00000000010083de                arch_system_halt
 .text.k_sys_fatal_error_handler
                0x0000000001008406       0x12 zephyr/kernel/libkernel.a(fatal.c.obj)
                0x0000000001008406                k_sys_fatal_error_handler
 .text.K_KERNEL_STACK_BUFFER
                0x0000000001008418       0x14 zephyr/kernel/libkernel.a(init.c.obj)
 .text.k_thread_start
                0x000000000100842c       0x16 zephyr/kernel/libkernel.a(init.c.obj)
 .text.k_wakeup
                0x0000000001008442       0x16 zephyr/kernel/libkernel.a(init.c.obj)
 .text.thread_schedule_new
                0x0000000001008458       0x3a zephyr/kernel/libkernel.a(init.c.obj)
 .text.z_mark_thread_as_not_sleeping
                0x0000000001008492       0x20 zephyr/kernel/libkernel.a(init.c.obj)
 .text.z_thread_essential_clear
                0x00000000010084b2       0x20 zephyr/kernel/libkernel.a(init.c.obj)
 .text.gcov_static_init
                0x00000000010084d2        0xc zephyr/kernel/libkernel.a(init.c.obj)
 .text.pm_device_runtime_auto_enable
                0x00000000010084de       0x14 zephyr/kernel/libkernel.a(init.c.obj)
 .text.z_early_memset
                0x00000000010084f2       0x1e zephyr/kernel/libkernel.a(init.c.obj)
                0x00000000010084f2                z_early_memset
 .text.z_early_memcpy
                0x0000000001008510       0x1e zephyr/kernel/libkernel.a(init.c.obj)
                0x0000000001008510                z_early_memcpy
 .text.do_device_init
                0x000000000100852e       0x6c zephyr/kernel/libkernel.a(init.c.obj)
 .text.z_init_static
                0x000000000100859a        0xc zephyr/kernel/libkernel.a(init_static.c.obj)
                0x000000000100859a                z_init_static
 .text.k_cpu_idle
                0x00000000010085a6        0xc zephyr/kernel/libkernel.a(idle.c.obj)
 .text.idle     0x00000000010085b2       0x30 zephyr/kernel/libkernel.a(idle.c.obj)
                0x00000000010085b2                idle
 .text.arch_spin_relax
                0x00000000010085e2       0x10 zephyr/kernel/libkernel.a(idle.c.obj)
                0x00000000010085e2                arch_spin_relax
 .text.sys_dlist_init
                0x00000000010085f2       0x1e zephyr/kernel/libkernel.a(thread.c.obj)
 .text.sys_dnode_init
                0x0000000001008610       0x1e zephyr/kernel/libkernel.a(thread.c.obj)
 .text.K_KERNEL_STACK_BUFFER
                0x000000000100862e       0x14 zephyr/kernel/libkernel.a(thread.c.obj)
 .text.z_init_timeout
                0x0000000001008642       0x18 zephyr/kernel/libkernel.a(thread.c.obj)
 .text.z_init_thread_timeout
                0x000000000100865a       0x1a zephyr/kernel/libkernel.a(thread.c.obj)
 .text.z_waitq_init
                0x0000000001008674       0x18 zephyr/kernel/libkernel.a(thread.c.obj)
 .text.setup_thread_stack
                0x000000000100868c       0x86 zephyr/kernel/libkernel.a(thread.c.obj)
 .text.z_init_thread_base
                0x0000000001008712       0x40 zephyr/kernel/libkernel.a(thread.c.obj)
                0x0000000001008712                z_init_thread_base
 .text.z_thread_mark_switched_out
                0x0000000001008752        0xc zephyr/kernel/libkernel.a(thread.c.obj)
                0x0000000001008752                z_thread_mark_switched_out
 .text.sys_dlist_init
                0x000000000100875e       0x1e zephyr/kernel/libkernel.a(sched.c.obj)
 .text.sys_dnode_init
                0x000000000100877c       0x1e zephyr/kernel/libkernel.a(sched.c.obj)
 .text.sys_dnode_is_linked
                0x000000000100879a       0x20 zephyr/kernel/libkernel.a(sched.c.obj)
 .text.sys_dlist_is_empty
                0x00000000010087ba       0x22 zephyr/kernel/libkernel.a(sched.c.obj)
 .text.sys_dlist_peek_head
                0x00000000010087dc       0x24 zephyr/kernel/libkernel.a(sched.c.obj)
 .text.sys_dlist_peek_next_no_check
                0x0000000001008800       0x26 zephyr/kernel/libkernel.a(sched.c.obj)
 .text.sys_dlist_peek_next
                0x0000000001008826       0x26 zephyr/kernel/libkernel.a(sched.c.obj)
 .text.sys_dlist_append
                0x000000000100884c       0x32 zephyr/kernel/libkernel.a(sched.c.obj)
 .text.sys_dlist_insert
                0x000000000100887e       0x32 zephyr/kernel/libkernel.a(sched.c.obj)
 .text.sys_dlist_dequeue
                0x00000000010088b0       0x2a zephyr/kernel/libkernel.a(sched.c.obj)
 .text.sys_dlist_remove
                0x00000000010088da       0x2e zephyr/kernel/libkernel.a(sched.c.obj)
 .text.k_yield  0x0000000001008908        0xc zephyr/kernel/libkernel.a(sched.c.obj)
 .text.z_is_inactive_timeout
                0x0000000001008914       0x30 zephyr/kernel/libkernel.a(sched.c.obj)
 .text.z_abort_thread_timeout
                0x0000000001008944       0x1a zephyr/kernel/libkernel.a(sched.c.obj)
 .text.thread_is_preemptible
                0x000000000100895e       0x20 zephyr/kernel/libkernel.a(sched.c.obj)
 .text.thread_is_metairq
                0x000000000100897e       0x14 zephyr/kernel/libkernel.a(sched.c.obj)
 .text.z_is_thread_prevented_from_running
                0x0000000001008992       0x28 zephyr/kernel/libkernel.a(sched.c.obj)
 .text.z_is_thread_timeout_active
                0x00000000010089ba       0x32 zephyr/kernel/libkernel.a(sched.c.obj)
 .text.z_is_thread_ready
                0x00000000010089ec       0x2e zephyr/kernel/libkernel.a(sched.c.obj)
 .text.z_is_thread_state_set
                0x0000000001008a1a       0x28 zephyr/kernel/libkernel.a(sched.c.obj)
 .text.z_is_thread_queued
                0x0000000001008a42       0x1a zephyr/kernel/libkernel.a(sched.c.obj)
 .text.z_mark_thread_as_queued
                0x0000000001008a5c       0x20 zephyr/kernel/libkernel.a(sched.c.obj)
 .text.z_mark_thread_as_not_queued
                0x0000000001008a7c       0x20 zephyr/kernel/libkernel.a(sched.c.obj)
 .text.z_mark_thread_as_pending
                0x0000000001008a9c       0x20 zephyr/kernel/libkernel.a(sched.c.obj)
 .text.z_mark_thread_as_not_pending
                0x0000000001008abc       0x20 zephyr/kernel/libkernel.a(sched.c.obj)
 .text.z_is_thread_sleeping
                0x0000000001008adc       0x24 zephyr/kernel/libkernel.a(sched.c.obj)
 .text.z_mark_thread_as_sleeping
                0x0000000001008b00       0x20 zephyr/kernel/libkernel.a(sched.c.obj)
 .text.z_mark_thread_as_not_sleeping
                0x0000000001008b20       0x20 zephyr/kernel/libkernel.a(sched.c.obj)
 .text.z_is_thread_essential
                0x0000000001008b40       0x24 zephyr/kernel/libkernel.a(sched.c.obj)
 .text.z_reschedule_unlocked
                0x0000000001008b64       0x32 zephyr/kernel/libkernel.a(sched.c.obj)
 .text.unpend_thread_no_timeout
                0x0000000001008b96       0x34 zephyr/kernel/libkernel.a(sched.c.obj)
 .text.z_waitq_head
                0x0000000001008bca       0x1a zephyr/kernel/libkernel.a(sched.c.obj)
 .text.should_queue_thread
                0x0000000001008be4       0x14 zephyr/kernel/libkernel.a(sched.c.obj)
 .text.is_aborting
                0x0000000001008bf8       0x24 zephyr/kernel/libkernel.a(sched.c.obj)
 .text.is_halting
                0x0000000001008c1c       0x24 zephyr/kernel/libkernel.a(sched.c.obj)
 .text.clear_halting
                0x0000000001008c40       0x12 zephyr/kernel/libkernel.a(sched.c.obj)
 .text.update_metairq_preempt
                0x0000000001008c52       0x12 zephyr/kernel/libkernel.a(sched.c.obj)
 .text.thread_active_elsewhere
                0x0000000001008c64       0x14 zephyr/kernel/libkernel.a(sched.c.obj)
 .text.add_to_waitq_locked
                0x0000000001008c78       0xc8 zephyr/kernel/libkernel.a(sched.c.obj)
 .text.z_thread_timeout
                0x0000000001008d40       0x1e zephyr/kernel/libkernel.a(sched.c.obj)
                0x0000000001008d40                z_thread_timeout
 .text.resched  0x0000000001008d5e       0x4e zephyr/kernel/libkernel.a(sched.c.obj)
 .text.z_reschedule
                0x0000000001008dac       0x64 zephyr/kernel/libkernel.a(sched.c.obj)
                0x0000000001008dac                z_reschedule
 .text.z_reschedule_irqlock
                0x0000000001008e10       0x46 zephyr/kernel/libkernel.a(sched.c.obj)
                0x0000000001008e10                z_reschedule_irqlock
 .text.init_ready_q
                0x0000000001008e56       0x1e zephyr/kernel/libkernel.a(sched.c.obj)
                0x0000000001008e56                init_ready_q
 .text.z_impl_k_sleep
                0x0000000001008e74       0x72 zephyr/kernel/libkernel.a(sched.c.obj)
                0x0000000001008e74                z_impl_k_sleep
 .text.unpend_all
                0x0000000001008ee6       0x4e zephyr/kernel/libkernel.a(sched.c.obj)
 .text.thread_is_preemptible
                0x0000000001008f34       0x20 zephyr/kernel/libkernel.a(timeslicing.c.obj)
 .text.z_is_thread_prevented_from_running
                0x0000000001008f54       0x28 zephyr/kernel/libkernel.a(timeslicing.c.obj)
 .text.z_is_prio1_higher_than_prio2
                0x0000000001008f7c       0x22 zephyr/kernel/libkernel.a(timeslicing.c.obj)
 .text.z_is_prio_higher
                0x0000000001008f9e       0x1c zephyr/kernel/libkernel.a(timeslicing.c.obj)
 .text.sys_dnode_init
                0x0000000001008fba       0x1e zephyr/kernel/libkernel.a(timeout.c.obj)
 .text.sys_dnode_is_linked
                0x0000000001008fd8       0x20 zephyr/kernel/libkernel.a(timeout.c.obj)
 .text.sys_dlist_is_empty
                0x0000000001008ff8       0x22 zephyr/kernel/libkernel.a(timeout.c.obj)
 .text.sys_dlist_peek_head
                0x000000000100901a       0x24 zephyr/kernel/libkernel.a(timeout.c.obj)
 .text.sys_dlist_peek_next_no_check
                0x000000000100903e       0x26 zephyr/kernel/libkernel.a(timeout.c.obj)
 .text.sys_dlist_peek_next
                0x0000000001009064       0x26 zephyr/kernel/libkernel.a(timeout.c.obj)
 .text.sys_dlist_append
                0x000000000100908a       0x32 zephyr/kernel/libkernel.a(timeout.c.obj)
 .text.sys_dlist_insert
                0x00000000010090bc       0x32 zephyr/kernel/libkernel.a(timeout.c.obj)
 .text.sys_dlist_remove
                0x00000000010090ee       0x2e zephyr/kernel/libkernel.a(timeout.c.obj)
 .text.remove_timeout
                0x000000000100911c       0x40 zephyr/kernel/libkernel.a(timeout.c.obj)
 .text.next_timeout
                0x000000000100915c       0x7c zephyr/kernel/libkernel.a(timeout.c.obj)
 .text.sys_clock_tick_get_32
                0x00000000010091d8       0x12 zephyr/kernel/libkernel.a(timeout.c.obj)
                0x00000000010091d8                sys_clock_tick_get_32
 .text.arch_k_cycle_get_32
                0x00000000010091ea        0xe zephyr/kernel/libkernel.a(usage.c.obj)
 .text.k_cycle_get_32
                0x00000000010091f8        0xe zephyr/kernel/libkernel.a(usage.c.obj)
 .text.usage_now
                0x0000000001009206       0x20 zephyr/kernel/libkernel.a(usage.c.obj)
 .text.sched_cpu_update_usage
                0x0000000001009226       0x56 zephyr/kernel/libkernel.a(usage.c.obj)
 .text.sched_thread_update_usage
                0x000000000100927c       0x34 zephyr/kernel/libkernel.a(usage.c.obj)
 .text.memcpy   0x00000000010092b0       0x1a c:\analog\cfs\1.1.0\tools\zephyr-sdk\arm-zephyr-eabi\bin\../lib/gcc/../../picolibc/arm-zephyr-eabi/lib/thumb/v8-m.main/nofp\libc.a(memcpy.c.o)
                0x00000000010092b0                __aeabi_memcpy
                0x00000000010092b0                __aeabi_memcpy4
                0x00000000010092b0                __aeabi_memcpy8
                0x00000000010092b0                memcpy
 .text.memset   0x00000000010092ca       0x10 c:\analog\cfs\1.1.0\tools\zephyr-sdk\arm-zephyr-eabi\bin\../lib/gcc/../../picolibc/arm-zephyr-eabi/lib/thumb/v8-m.main/nofp\libc.a(memset.c.o)
                0x00000000010092ca                memset
 .text.strncpy  0x00000000010092da       0x20 c:\analog\cfs\1.1.0\tools\zephyr-sdk\arm-zephyr-eabi\bin\../lib/gcc/../../picolibc/arm-zephyr-eabi/lib/thumb/v8-m.main/nofp\libc.a(libc_string_strncpy.c.o)
                0x00000000010092da                strncpy
 .text.strnlen  0x00000000010092fa       0x18 c:\analog\cfs\1.1.0\tools\zephyr-sdk\arm-zephyr-eabi\bin\../lib/gcc/../../picolibc/arm-zephyr-eabi/lib/thumb/v8-m.main/nofp\libc.a(libc_string_strnlen.c.o)
                0x00000000010092fa                strnlen
 .text.fwrite   0x0000000001009312       0x3e c:\analog\cfs\1.1.0\tools\zephyr-sdk\arm-zephyr-eabi\bin\../lib/gcc/../../picolibc/arm-zephyr-eabi/lib/thumb/v8-m.main/nofp\libc.a(libc_tinystdio_fwrite.c.o)
                0x0000000001009312                fwrite
 .text.__ultoa_invert
                0x0000000001009350       0xac c:\analog\cfs\1.1.0\tools\zephyr-sdk\arm-zephyr-eabi\bin\../lib/gcc/../../picolibc/arm-zephyr-eabi/lib/thumb/v8-m.main/nofp\libc.a(libc_tinystdio_vflprintf.c.o)
 .text.__file_str_put
                0x00000000010093fc       0x10 c:\analog\cfs\1.1.0\tools\zephyr-sdk\arm-zephyr-eabi\bin\../lib/gcc/../../picolibc/arm-zephyr-eabi/lib/thumb/v8-m.main/nofp\libc.a(libc_tinystdio_filestrput.c.o)
                0x00000000010093fc                __file_str_put
 *(SORT_BY_ALIGNMENT(.TEXT.*))
 .TEXT.__aeabi_read_tp
                0x000000000100940c        0xc zephyr/arch/arch/arm/core/cortex_m/libarch__arm__core__cortex_m.a(__aeabi_read_tp.S.obj)
                0x000000000100940c                __aeabi_read_tp
 *(SORT_BY_ALIGNMENT(.gnu.linkonce.t.*))
 *(SORT_BY_ALIGNMENT(.glue_7t))
 .glue_7t       0x0000000001009418        0x0 linker stubs
 *(SORT_BY_ALIGNMENT(.glue_7))
 .glue_7        0x0000000001009418        0x0 linker stubs
 *(SORT_BY_ALIGNMENT(.vfp11_veneer))
 .vfp11_veneer  0x0000000001009418        0x0 linker stubs
 *(SORT_BY_ALIGNMENT(.v4_bx))
 .v4_bx         0x0000000001009418        0x0 linker stubs
                0x0000000001009418                . = ALIGN (0x4)
                0x0000000001009418                __text_region_end = .

.ARM.exidx      0x0000000001009418        0x8
                0x0000000001009418                __exidx_start = .
 *(SORT_BY_ALIGNMENT(.ARM.exidx*) SORT_BY_ALIGNMENT(gnu.linkonce.armexidx.*))
 .ARM.exidx     0x0000000001009418        0x8 c:/analog/cfs/1.1.0/tools/zephyr-sdk/arm-zephyr-eabi/bin/../lib/gcc/arm-zephyr-eabi/12.2.0/thumb/v8-m.main/nofp\libgcc.a(_udivmoddi4.o)
                0x0000000001009420                __exidx_end = .
                0x0000000001009420                __rodata_region_start = .

initlevel       0x0000000001009420       0x30
                0x0000000001009420                __init_start = .
                0x0000000001009420                __init_EARLY_start = .
 *(SORT_BY_NAME(SORT_BY_ALIGNMENT(.z_init_EARLY?_*)))
 *(SORT_BY_NAME(SORT_BY_ALIGNMENT(.z_init_EARLY??_*)))
                0x0000000001009420                __init_PRE_KERNEL_1_start = .
 *(SORT_BY_NAME(SORT_BY_ALIGNMENT(.z_init_PRE_KERNEL_1?_*)))
 *(SORT_BY_NAME(SORT_BY_ALIGNMENT(.z_init_PRE_KERNEL_1??_*)))
 .z_init_PRE_KERNEL_130_00013_
                0x0000000001009420        0x8 zephyr/drivers/clock_control/libdrivers__clock_control.a(clock_control_max32.c.obj)
 .z_init_PRE_KERNEL_140_00015_
                0x0000000001009428        0x8 zephyr/drivers/gpio/libdrivers__gpio.a(gpio_max32.c.obj)
 .z_init_PRE_KERNEL_150_00039_
                0x0000000001009430        0x8 zephyr/drivers/serial/libdrivers__serial.a(uart_max32.c.obj)
 .z_init_PRE_KERNEL_160_0_
                0x0000000001009438        0x8 zephyr/drivers/console/libdrivers__console.a(uart_console.c.obj)
                0x0000000001009440                __init_PRE_KERNEL_2_start = .
 *(SORT_BY_NAME(SORT_BY_ALIGNMENT(.z_init_PRE_KERNEL_2?_*)))
 .z_init_PRE_KERNEL_20_0_
                0x0000000001009440        0x8 zephyr/drivers/timer/libdrivers__timer.a(cortex_m_systick.c.obj)
 *(SORT_BY_NAME(SORT_BY_ALIGNMENT(.z_init_PRE_KERNEL_2??_*)))
                0x0000000001009448                __init_POST_KERNEL_start = .
 *(SORT_BY_NAME(SORT_BY_ALIGNMENT(.z_init_POST_KERNEL?_*)))
 *(SORT_BY_NAME(SORT_BY_ALIGNMENT(.z_init_POST_KERNEL??_*)))
 .z_init_POST_KERNEL35_0_
                0x0000000001009448        0x8 zephyr/lib/libc/common/liblib__libc__common.a(malloc.c.obj)
                0x0000000001009450                __init_APPLICATION_start = .
 *(SORT_BY_NAME(SORT_BY_ALIGNMENT(.z_init_APPLICATION?_*)))
 *(SORT_BY_NAME(SORT_BY_ALIGNMENT(.z_init_APPLICATION??_*)))
                0x0000000001009450                __init_SMP_start = .
 *(SORT_BY_NAME(SORT_BY_ALIGNMENT(.z_init_SMP?_*)))
 *(SORT_BY_NAME(SORT_BY_ALIGNMENT(.z_init_SMP??_*)))
                0x0000000001009450                __init_end = .
                0x0000000001009450                __deferred_init_list_start = .
 *(SORT_BY_ALIGNMENT(.z_deferred_init*))
                0x0000000001009450                __deferred_init_list_end = .

device_area     0x0000000001009450       0x3c
                0x0000000001009450                _device_list_start = .
 *(SORT_BY_NAME(SORT_BY_ALIGNMENT(._device.static.*_?_*)))
 *(SORT_BY_NAME(SORT_BY_ALIGNMENT(._device.static.*_??_*)))
 ._device.static.1_30_
                0x0000000001009450       0x14 zephyr/drivers/clock_control/libdrivers__clock_control.a(clock_control_max32.c.obj)
                0x0000000001009450                __device_dts_ord_13
 ._device.static.1_40_
                0x0000000001009464       0x14 zephyr/drivers/gpio/libdrivers__gpio.a(gpio_max32.c.obj)
                0x0000000001009464                __device_dts_ord_15
 ._device.static.1_50_
                0x0000000001009478       0x14 zephyr/drivers/serial/libdrivers__serial.a(uart_max32.c.obj)
                0x0000000001009478                __device_dts_ord_39
 *(SORT_BY_NAME(SORT_BY_ALIGNMENT(._device.static.*_???_*)))
 *(SORT_BY_NAME(SORT_BY_ALIGNMENT(._device.static.*_????_*)))
 *(SORT_BY_NAME(SORT_BY_ALIGNMENT(._device.static.*_?????_*)))
                0x000000000100948c                _device_list_end = .

sw_isr_table    0x000000000100948c      0x1b0
                0x000000000100948c                . = ALIGN (0x4)
 *(SORT_BY_ALIGNMENT(.gnu.linkonce.sw_isr_table*))
 .gnu.linkonce.sw_isr_table
                0x000000000100948c      0x1b0 zephyr/arch/common/libisr_tables.a(isr_tables.c.obj)
                0x000000000100948c                _sw_isr_table

initlevel_error
                0x0000000001009420        0x0
 *(SORT_BY_NAME(SORT_BY_ALIGNMENT(.z_init_[_A-Z0-9]*)))
                0x0000000000000001                ASSERT ((SIZEOF (initlevel_error) == 0x0), Undefined initialization levels used.)

app_shmem_regions
                0x000000000100963c        0x0
                0x000000000100963c                __app_shmem_regions_start = .
 *(SORT_BY_NAME(SORT_BY_ALIGNMENT(.app_regions.*)))
                0x000000000100963c                __app_shmem_regions_end = .

k_p4wq_initparam_area
                0x000000000100963c        0x0
                0x000000000100963c                _k_p4wq_initparam_list_start = .
 *(SORT_BY_NAME(SORT_BY_ALIGNMENT(._k_p4wq_initparam.static.*)))
                0x000000000100963c                _k_p4wq_initparam_list_end = .

_static_thread_data_area
                0x000000000100963c        0x0
                0x000000000100963c                __static_thread_data_list_start = .
 *(SORT_BY_NAME(SORT_BY_ALIGNMENT(.__static_thread_data.static.*)))
                0x000000000100963c                __static_thread_data_list_end = .

device_deps     0x000000000100963c        0x0
                0x000000000100963c                __device_deps_start = .
 *(SORT_BY_NAME(SORT_BY_ALIGNMENT(.__device_deps_pass2*)))
                0x000000000100963c                __device_deps_end = .

gpio_driver_api_area
                0x000000000100963c       0x24
                0x000000000100963c                _gpio_driver_api_list_start = .
 *(SORT_BY_NAME(SORT_BY_ALIGNMENT(._gpio_driver_api.static.*)))
 ._gpio_driver_api.static.gpio_max32_driver_
                0x000000000100963c       0x24 zephyr/drivers/gpio/libdrivers__gpio.a(gpio_max32.c.obj)
                0x0000000001009660                _gpio_driver_api_list_end = .

shared_irq_driver_api_area
                0x0000000001009660        0x0
                0x0000000001009660                _shared_irq_driver_api_list_start = .
 *(SORT_BY_NAME(SORT_BY_ALIGNMENT(._shared_irq_driver_api.static.*)))
                0x0000000001009660                _shared_irq_driver_api_list_end = .

crypto_driver_api_area
                0x0000000001009660        0x0
                0x0000000001009660                _crypto_driver_api_list_start = .
 *(SORT_BY_NAME(SORT_BY_ALIGNMENT(._crypto_driver_api.static.*)))
                0x0000000001009660                _crypto_driver_api_list_end = .

adc_driver_api_area
                0x0000000001009660        0x0
                0x0000000001009660                _adc_driver_api_list_start = .
 *(SORT_BY_NAME(SORT_BY_ALIGNMENT(._adc_driver_api.static.*)))
                0x0000000001009660                _adc_driver_api_list_end = .

auxdisplay_driver_api_area
                0x0000000001009660        0x0
                0x0000000001009660                _auxdisplay_driver_api_list_start = .
 *(SORT_BY_NAME(SORT_BY_ALIGNMENT(._auxdisplay_driver_api.static.*)))
                0x0000000001009660                _auxdisplay_driver_api_list_end = .

bbram_driver_api_area
                0x0000000001009660        0x0
                0x0000000001009660                _bbram_driver_api_list_start = .
 *(SORT_BY_NAME(SORT_BY_ALIGNMENT(._bbram_driver_api.static.*)))
                0x0000000001009660                _bbram_driver_api_list_end = .

bt_hci_driver_api_area
                0x0000000001009660        0x0
                0x0000000001009660                _bt_hci_driver_api_list_start = .
 *(SORT_BY_NAME(SORT_BY_ALIGNMENT(._bt_hci_driver_api.static.*)))
                0x0000000001009660                _bt_hci_driver_api_list_end = .

can_driver_api_area
                0x0000000001009660        0x0
                0x0000000001009660                _can_driver_api_list_start = .
 *(SORT_BY_NAME(SORT_BY_ALIGNMENT(._can_driver_api.static.*)))
                0x0000000001009660                _can_driver_api_list_end = .

cellular_driver_api_area
                0x0000000001009660        0x0
                0x0000000001009660                _cellular_driver_api_list_start = .
 *(SORT_BY_NAME(SORT_BY_ALIGNMENT(._cellular_driver_api.static.*)))
                0x0000000001009660                _cellular_driver_api_list_end = .

charger_driver_api_area
                0x0000000001009660        0x0
                0x0000000001009660                _charger_driver_api_list_start = .
 *(SORT_BY_NAME(SORT_BY_ALIGNMENT(._charger_driver_api.static.*)))
                0x0000000001009660                _charger_driver_api_list_end = .

clock_control_driver_api_area
                0x0000000001009660       0x1c
                0x0000000001009660                _clock_control_driver_api_list_start = .
 *(SORT_BY_NAME(SORT_BY_ALIGNMENT(._clock_control_driver_api.static.*)))
 ._clock_control_driver_api.static.max32_clkctrl_api_
                0x0000000001009660       0x1c zephyr/drivers/clock_control/libdrivers__clock_control.a(clock_control_max32.c.obj)
                0x000000000100967c                _clock_control_driver_api_list_end = .

comparator_driver_api_area
                0x000000000100967c        0x0
                0x000000000100967c                _comparator_driver_api_list_start = .
 *(SORT_BY_NAME(SORT_BY_ALIGNMENT(._comparator_driver_api.static.*)))
                0x000000000100967c                _comparator_driver_api_list_end = .

coredump_driver_api_area
                0x000000000100967c        0x0
                0x000000000100967c                _coredump_driver_api_list_start = .
 *(SORT_BY_NAME(SORT_BY_ALIGNMENT(._coredump_driver_api.static.*)))
                0x000000000100967c                _coredump_driver_api_list_end = .

counter_driver_api_area
                0x000000000100967c        0x0
                0x000000000100967c                _counter_driver_api_list_start = .
 *(SORT_BY_NAME(SORT_BY_ALIGNMENT(._counter_driver_api.static.*)))
                0x000000000100967c                _counter_driver_api_list_end = .

dac_driver_api_area
                0x000000000100967c        0x0
                0x000000000100967c                _dac_driver_api_list_start = .
 *(SORT_BY_NAME(SORT_BY_ALIGNMENT(._dac_driver_api.static.*)))
                0x000000000100967c                _dac_driver_api_list_end = .

dai_driver_api_area
                0x000000000100967c        0x0
                0x000000000100967c                _dai_driver_api_list_start = .
 *(SORT_BY_NAME(SORT_BY_ALIGNMENT(._dai_driver_api.static.*)))
                0x000000000100967c                _dai_driver_api_list_end = .

display_driver_api_area
                0x000000000100967c        0x0
                0x000000000100967c                _display_driver_api_list_start = .
 *(SORT_BY_NAME(SORT_BY_ALIGNMENT(._display_driver_api.static.*)))
                0x000000000100967c                _display_driver_api_list_end = .

dma_driver_api_area
                0x000000000100967c        0x0
                0x000000000100967c                _dma_driver_api_list_start = .
 *(SORT_BY_NAME(SORT_BY_ALIGNMENT(._dma_driver_api.static.*)))
                0x000000000100967c                _dma_driver_api_list_end = .

edac_driver_api_area
                0x000000000100967c        0x0
                0x000000000100967c                _edac_driver_api_list_start = .
 *(SORT_BY_NAME(SORT_BY_ALIGNMENT(._edac_driver_api.static.*)))
                0x000000000100967c                _edac_driver_api_list_end = .

eeprom_driver_api_area
                0x000000000100967c        0x0
                0x000000000100967c                _eeprom_driver_api_list_start = .
 *(SORT_BY_NAME(SORT_BY_ALIGNMENT(._eeprom_driver_api.static.*)))
                0x000000000100967c                _eeprom_driver_api_list_end = .

emul_bbram_driver_api_area
                0x000000000100967c        0x0
                0x000000000100967c                _emul_bbram_driver_api_list_start = .
 *(SORT_BY_NAME(SORT_BY_ALIGNMENT(._emul_bbram_driver_api.static.*)))
                0x000000000100967c                _emul_bbram_driver_api_list_end = .

fuel_gauge_emul_driver_api_area
                0x000000000100967c        0x0
                0x000000000100967c                _fuel_gauge_emul_driver_api_list_start = .
 *(SORT_BY_NAME(SORT_BY_ALIGNMENT(._fuel_gauge_emul_driver_api.static.*)))
                0x000000000100967c                _fuel_gauge_emul_driver_api_list_end = .

emul_sensor_driver_api_area
                0x000000000100967c        0x0
                0x000000000100967c                _emul_sensor_driver_api_list_start = .
 *(SORT_BY_NAME(SORT_BY_ALIGNMENT(._emul_sensor_driver_api.static.*)))
                0x000000000100967c                _emul_sensor_driver_api_list_end = .

entropy_driver_api_area
                0x000000000100967c        0x0
                0x000000000100967c                _entropy_driver_api_list_start = .
 *(SORT_BY_NAME(SORT_BY_ALIGNMENT(._entropy_driver_api.static.*)))
                0x000000000100967c                _entropy_driver_api_list_end = .

espi_driver_api_area
                0x000000000100967c        0x0
                0x000000000100967c                _espi_driver_api_list_start = .
 *(SORT_BY_NAME(SORT_BY_ALIGNMENT(._espi_driver_api.static.*)))
                0x000000000100967c                _espi_driver_api_list_end = .

espi_saf_driver_api_area
                0x000000000100967c        0x0
                0x000000000100967c                _espi_saf_driver_api_list_start = .
 *(SORT_BY_NAME(SORT_BY_ALIGNMENT(._espi_saf_driver_api.static.*)))
                0x000000000100967c                _espi_saf_driver_api_list_end = .

flash_driver_api_area
                0x000000000100967c        0x0
                0x000000000100967c                _flash_driver_api_list_start = .
 *(SORT_BY_NAME(SORT_BY_ALIGNMENT(._flash_driver_api.static.*)))
                0x000000000100967c                _flash_driver_api_list_end = .

fpga_driver_api_area
                0x000000000100967c        0x0
                0x000000000100967c                _fpga_driver_api_list_start = .
 *(SORT_BY_NAME(SORT_BY_ALIGNMENT(._fpga_driver_api.static.*)))
                0x000000000100967c                _fpga_driver_api_list_end = .

fuel_gauge_driver_api_area
                0x000000000100967c        0x0
                0x000000000100967c                _fuel_gauge_driver_api_list_start = .
 *(SORT_BY_NAME(SORT_BY_ALIGNMENT(._fuel_gauge_driver_api.static.*)))
                0x000000000100967c                _fuel_gauge_driver_api_list_end = .

gnss_driver_api_area
                0x000000000100967c        0x0
                0x000000000100967c                _gnss_driver_api_list_start = .
 *(SORT_BY_NAME(SORT_BY_ALIGNMENT(._gnss_driver_api.static.*)))
                0x000000000100967c                _gnss_driver_api_list_end = .

haptics_driver_api_area
                0x000000000100967c        0x0
                0x000000000100967c                _haptics_driver_api_list_start = .
 *(SORT_BY_NAME(SORT_BY_ALIGNMENT(._haptics_driver_api.static.*)))
                0x000000000100967c                _haptics_driver_api_list_end = .

hwspinlock_driver_api_area
                0x000000000100967c        0x0
                0x000000000100967c                _hwspinlock_driver_api_list_start = .
 *(SORT_BY_NAME(SORT_BY_ALIGNMENT(._hwspinlock_driver_api.static.*)))
                0x000000000100967c                _hwspinlock_driver_api_list_end = .

i2c_driver_api_area
                0x000000000100967c        0x0
                0x000000000100967c                _i2c_driver_api_list_start = .
 *(SORT_BY_NAME(SORT_BY_ALIGNMENT(._i2c_driver_api.static.*)))
                0x000000000100967c                _i2c_driver_api_list_end = .

i2c_target_driver_api_area
                0x000000000100967c        0x0
                0x000000000100967c                _i2c_target_driver_api_list_start = .
 *(SORT_BY_NAME(SORT_BY_ALIGNMENT(._i2c_target_driver_api.static.*)))
                0x000000000100967c                _i2c_target_driver_api_list_end = .

i2s_driver_api_area
                0x000000000100967c        0x0
                0x000000000100967c                _i2s_driver_api_list_start = .
 *(SORT_BY_NAME(SORT_BY_ALIGNMENT(._i2s_driver_api.static.*)))
                0x000000000100967c                _i2s_driver_api_list_end = .

i3c_driver_api_area
                0x000000000100967c        0x0
                0x000000000100967c                _i3c_driver_api_list_start = .
 *(SORT_BY_NAME(SORT_BY_ALIGNMENT(._i3c_driver_api.static.*)))
                0x000000000100967c                _i3c_driver_api_list_end = .

ipm_driver_api_area
                0x000000000100967c        0x0
                0x000000000100967c                _ipm_driver_api_list_start = .
 *(SORT_BY_NAME(SORT_BY_ALIGNMENT(._ipm_driver_api.static.*)))
                0x000000000100967c                _ipm_driver_api_list_end = .

kscan_driver_api_area
                0x000000000100967c        0x0