C:/analog/cfs/1.1.0/SDK/zephyr/modules/hal/adi/MAX/Libraries/PeriphDrivers/Source/LP/lp_me30.c:29:6:MXC_LP_EnterSleepMode	8	static
C:/analog/cfs/1.1.0/SDK/zephyr/modules/hal/adi/MAX/Libraries/PeriphDrivers/Source/LP/lp_me30.c:40:6:MXC_LP_EnterStandbyMode	8	static
C:/analog/cfs/1.1.0/SDK/zephyr/modules/hal/adi/MAX/Libraries/PeriphDrivers/Source/LP/lp_me30.c:54:6:MXC_LP_EnterBackupMode	8	static
C:/analog/cfs/1.1.0/SDK/zephyr/modules/hal/adi/MAX/Libraries/PeriphDrivers/Source/LP/lp_me30.c:66:6:MXC_LP_ExitBackupMode	8	static
C:/analog/cfs/1.1.0/SDK/zephyr/modules/hal/adi/MAX/Libraries/PeriphDrivers/Source/LP/lp_me30.c:72:6:MXC_LP_EnterPowerDownMode	4	static
C:/analog/cfs/1.1.0/SDK/zephyr/modules/hal/adi/MAX/Libraries/PeriphDrivers/Source/LP/lp_me30.c:81:6:MXC_LP_SetOVR	16	static
C:/analog/cfs/1.1.0/SDK/zephyr/modules/hal/adi/MAX/Libraries/PeriphDrivers/Source/LP/lp_me30.c:86:6:MXC_LP_EnableRetentionReg	4	static
C:/analog/cfs/1.1.0/SDK/zephyr/modules/hal/adi/MAX/Libraries/PeriphDrivers/Source/LP/lp_me30.c:91:6:MXC_LP_DisableRetentionReg	4	static
C:/analog/cfs/1.1.0/SDK/zephyr/modules/hal/adi/MAX/Libraries/PeriphDrivers/Source/LP/lp_me30.c:96:5:MXC_LP_RetentionRegIsEnabled	4	static
C:/analog/cfs/1.1.0/SDK/zephyr/modules/hal/adi/MAX/Libraries/PeriphDrivers/Source/LP/lp_me30.c:101:6:MXC_LP_EnableSramRetention	16	static
C:/analog/cfs/1.1.0/SDK/zephyr/modules/hal/adi/MAX/Libraries/PeriphDrivers/Source/LP/lp_me30.c:106:6:MXC_LP_DisableSramRetention	16	static
C:/analog/cfs/1.1.0/SDK/zephyr/modules/hal/adi/MAX/Libraries/PeriphDrivers/Source/LP/lp_me30.c:111:6:MXC_LP_BandgapOn	4	static
C:/analog/cfs/1.1.0/SDK/zephyr/modules/hal/adi/MAX/Libraries/PeriphDrivers/Source/LP/lp_me30.c:116:6:MXC_LP_BandgapOff	4	static
C:/analog/cfs/1.1.0/SDK/zephyr/modules/hal/adi/MAX/Libraries/PeriphDrivers/Source/LP/lp_me30.c:121:5:MXC_LP_BandgapIsOn	4	static
C:/analog/cfs/1.1.0/SDK/zephyr/modules/hal/adi/MAX/Libraries/PeriphDrivers/Source/LP/lp_me30.c:126:6:MXC_LP_ClearWakeStatus	4	static
C:/analog/cfs/1.1.0/SDK/zephyr/modules/hal/adi/MAX/Libraries/PeriphDrivers/Source/LP/lp_me30.c:133:6:MXC_LP_EnableGPIOWakeup	16	static
C:/analog/cfs/1.1.0/SDK/zephyr/modules/hal/adi/MAX/Libraries/PeriphDrivers/Source/LP/lp_me30.c:144:6:MXC_LP_DisableGPIOWakeup	16	static
C:/analog/cfs/1.1.0/SDK/zephyr/modules/hal/adi/MAX/Libraries/PeriphDrivers/Source/LP/lp_me30.c:157:6:MXC_LP_EnableRTCAlarmWakeup	4	static
C:/analog/cfs/1.1.0/SDK/zephyr/modules/hal/adi/MAX/Libraries/PeriphDrivers/Source/LP/lp_me30.c:162:6:MXC_LP_DisableRTCAlarmWakeup	4	static
C:/analog/cfs/1.1.0/SDK/zephyr/modules/hal/adi/MAX/Libraries/PeriphDrivers/Source/LP/lp_me30.c:167:6:MXC_LP_EnableWUTAlarmWakeup	4	static
C:/analog/cfs/1.1.0/SDK/zephyr/modules/hal/adi/MAX/Libraries/PeriphDrivers/Source/LP/lp_me30.c:172:6:MXC_LP_DisableWUTAlarmWakeup	4	static
C:/analog/cfs/1.1.0/SDK/zephyr/modules/hal/adi/MAX/Libraries/PeriphDrivers/Source/LP/lp_me30.c:177:5:MXC_LP_ConfigDeepSleepClocks	16	static
