C:/Workdir/PBU/cfs_workspace/cfs_workspace_blinky1/m33/src/tui.c:12:6:tui_clear_screen	8	static
C:/Workdir/PBU/cfs_workspace/cfs_workspace_blinky1/m33/src/tui.c:17:6:tui_set_color	96	static
C:/Workdir/PBU/cfs_workspace/cfs_workspace_blinky1/m33/src/tui.c:35:6:tui_set_color_rgb	192	static
C:/Workdir/PBU/cfs_workspace/cfs_workspace_blinky1/m33/src/tui.c:52:6:tui_reset_color	8	static
C:/Workdir/PBU/cfs_workspace/cfs_workspace_blinky1/m33/src/tui.c:56:6:tui_puts	16	static
C:/Workdir/PBU/cfs_workspace/cfs_workspace_blinky1/m33/src/tui.c:62:6:tui_printf	16	static
C:/Workdir/PBU/cfs_workspace/cfs_workspace_blinky1/m33/src/tui.c:79:6:tui_move_cursor	48	static
C:/Workdir/PBU/cfs_workspace/cfs_workspace_blinky1/m33/src/tui.c:87:6:tui_draw_box	192	static
