C:/Workdir/PBU/cfs_workspace/cfs_workspace_blinky1/m33/src/tui.c:12:28:tui_backend_write	16	static
C:/Workdir/PBU/cfs_workspace/cfs_workspace_blinky1/m33/src/tui.c:16:6:tui_init	8	static
C:/Workdir/PBU/cfs_workspace/cfs_workspace_blinky1/m33/src/tui.c:23:6:tui_clear_screen	8	static
C:/Workdir/PBU/cfs_workspace/cfs_workspace_blinky1/m33/src/tui.c:27:6:tui_move_cursor	48	static
C:/Workdir/PBU/cfs_workspace/cfs_workspace_blinky1/m33/src/tui.c:33:6:tui_puts	16	static
C:/Workdir/PBU/cfs_workspace/cfs_workspace_blinky1/m33/src/tui.c:39:6:tui_printf	144	static
C:/Workdir/PBU/cfs_workspace/cfs_workspace_blinky1/m33/src/tui.c:51:6:tui_set_color	96	static
C:/Workdir/PBU/cfs_workspace/cfs_workspace_blinky1/m33/src/tui.c:66:6:tui_reset_color	8	static
C:/Workdir/PBU/cfs_workspace/cfs_workspace_blinky1/m33/src/tui.c:70:6:tui_draw_box	64	static
