C:/analog/cfs/1.1.0/SDK/zephyr/modules/hal/cmsis/CMSIS/Core/Include/core_cm33.h:2587:22:__NVIC_SetPriority	16	static
C:/analog/cfs/1.1.0/SDK/zephyr/zephyr/drivers/timer/cortex_m_systick.c:117:17:elapsed	24	static
C:/analog/cfs/1.1.0/SDK/zephyr/zephyr/drivers/timer/cortex_m_systick.c:170:40:sys_clock_isr	24	static
C:/analog/cfs/1.1.0/SDK/zephyr/zephyr/drivers/timer/cortex_m_systick.c:233:6:sys_clock_set_timeout	88	static
C:/analog/cfs/1.1.0/SDK/zephyr/zephyr/drivers/timer/cortex_m_systick.c:344:10:sys_clock_elapsed	64	static
C:/analog/cfs/1.1.0/SDK/zephyr/zephyr/drivers/timer/cortex_m_systick.c:358:10:sys_clock_cycle_get_32	64	static
C:/analog/cfs/1.1.0/SDK/zephyr/zephyr/drivers/timer/cortex_m_systick.c:379:6:sys_clock_idle_exit	64	static
C:/analog/cfs/1.1.0/SDK/zephyr/zephyr/drivers/timer/cortex_m_systick.c:450:6:sys_clock_disable	4	static
C:/analog/cfs/1.1.0/SDK/zephyr/zephyr/drivers/timer/cortex_m_systick.c:455:12:sys_clock_driver_init	8	static
