C:/analog/cfs/1.1.0/SDK/zephyr/modules/hal/adi/MAX/Libraries/PeriphDrivers/Source/GPIO/gpio_me30.c:49:5:MXC_GPIO_Init	16	static
C:/analog/cfs/1.1.0/SDK/zephyr/modules/hal/adi/MAX/Libraries/PeriphDrivers/Source/GPIO/gpio_me30.c:58:5:MXC_GPIO_Shutdown	16	static
C:/analog/cfs/1.1.0/SDK/zephyr/modules/hal/adi/MAX/Libraries/PeriphDrivers/Source/GPIO/gpio_me30.c:67:5:MXC_GPIO_Reset	16	static
C:/analog/cfs/1.1.0/SDK/zephyr/modules/hal/adi/MAX/Libraries/PeriphDrivers/Source/GPIO/gpio_me30.c:76:5:MXC_GPIO_Config	32	static
C:/analog/cfs/1.1.0/SDK/zephyr/modules/hal/adi/MAX/Libraries/PeriphDrivers/Source/GPIO/gpio_me30.c:125:10:MXC_GPIO_InGet	16	static
C:/analog/cfs/1.1.0/SDK/zephyr/modules/hal/adi/MAX/Libraries/PeriphDrivers/Source/GPIO/gpio_me30.c:131:6:MXC_GPIO_OutSet	16	static
C:/analog/cfs/1.1.0/SDK/zephyr/modules/hal/adi/MAX/Libraries/PeriphDrivers/Source/GPIO/gpio_me30.c:137:6:MXC_GPIO_OutClr	16	static
C:/analog/cfs/1.1.0/SDK/zephyr/modules/hal/adi/MAX/Libraries/PeriphDrivers/Source/GPIO/gpio_me30.c:143:10:MXC_GPIO_OutGet	16	static
C:/analog/cfs/1.1.0/SDK/zephyr/modules/hal/adi/MAX/Libraries/PeriphDrivers/Source/GPIO/gpio_me30.c:149:6:MXC_GPIO_OutPut	24	static
C:/analog/cfs/1.1.0/SDK/zephyr/modules/hal/adi/MAX/Libraries/PeriphDrivers/Source/GPIO/gpio_me30.c:155:6:MXC_GPIO_OutToggle	16	static
C:/analog/cfs/1.1.0/SDK/zephyr/modules/hal/adi/MAX/Libraries/PeriphDrivers/Source/GPIO/gpio_me30.c:161:5:MXC_GPIO_IntConfig	16	static
C:/analog/cfs/1.1.0/SDK/zephyr/modules/hal/adi/MAX/Libraries/PeriphDrivers/Source/GPIO/gpio_me30.c:167:6:MXC_GPIO_EnableInt	16	static
C:/analog/cfs/1.1.0/SDK/zephyr/modules/hal/adi/MAX/Libraries/PeriphDrivers/Source/GPIO/gpio_me30.c:173:6:MXC_GPIO_DisableInt	16	static
C:/analog/cfs/1.1.0/SDK/zephyr/modules/hal/adi/MAX/Libraries/PeriphDrivers/Source/GPIO/gpio_me30.c:179:6:MXC_GPIO_RegisterCallback	24	static
C:/analog/cfs/1.1.0/SDK/zephyr/modules/hal/adi/MAX/Libraries/PeriphDrivers/Source/GPIO/gpio_me30.c:185:6:MXC_GPIO_Handler	16	static
C:/analog/cfs/1.1.0/SDK/zephyr/modules/hal/adi/MAX/Libraries/PeriphDrivers/Source/GPIO/gpio_me30.c:191:6:MXC_GPIO_ClearFlags	16	static
C:/analog/cfs/1.1.0/SDK/zephyr/modules/hal/adi/MAX/Libraries/PeriphDrivers/Source/GPIO/gpio_me30.c:197:10:MXC_GPIO_GetFlags	16	static
C:/analog/cfs/1.1.0/SDK/zephyr/modules/hal/adi/MAX/Libraries/PeriphDrivers/Source/GPIO/gpio_me30.c:203:5:MXC_GPIO_SetVSSEL	24	static
C:/analog/cfs/1.1.0/SDK/zephyr/modules/hal/adi/MAX/Libraries/PeriphDrivers/Source/GPIO/gpio_me30.c:209:6:MXC_GPIO_SetWakeEn	16	static
C:/analog/cfs/1.1.0/SDK/zephyr/modules/hal/adi/MAX/Libraries/PeriphDrivers/Source/GPIO/gpio_me30.c:215:6:MXC_GPIO_ClearWakeEn	16	static
C:/analog/cfs/1.1.0/SDK/zephyr/modules/hal/adi/MAX/Libraries/PeriphDrivers/Source/GPIO/gpio_me30.c:221:10:MXC_GPIO_GetWakeEn	16	static
C:/analog/cfs/1.1.0/SDK/zephyr/modules/hal/adi/MAX/Libraries/PeriphDrivers/Source/GPIO/gpio_me30.c:227:5:MXC_GPIO_SetDriveStrength	24	static
C:/analog/cfs/1.1.0/SDK/zephyr/modules/hal/adi/MAX/Libraries/PeriphDrivers/Source/GPIO/gpio_me30.c:233:6:MXC_GPIO_SetConfigLock	16	static
C:/analog/cfs/1.1.0/SDK/zephyr/modules/hal/adi/MAX/Libraries/PeriphDrivers/Source/GPIO/gpio_me30.c:239:24:MXC_GPIO_GetConfigLock	8	static
