C:/analog/cfs/1.1.0/SDK/zephyr/modules/hal/cmsis/CMSIS/Core/Include/core_cm33.h:2390:22:__NVIC_EnableIRQ	16	static
C:/analog/cfs/1.1.0/SDK/zephyr/modules/hal/cmsis/CMSIS/Core/Include/core_cm33.h:2466:22:__NVIC_SetPendingIRQ	16	static
C:/analog/cfs/1.1.0/SDK/zephyr/modules/hal/adi/MAX/Libraries/PeriphDrivers/Source/UART/uart_revb.c:92:13:emptyRxAsync	24	static
C:/analog/cfs/1.1.0/SDK/zephyr/modules/hal/adi/MAX/Libraries/PeriphDrivers/Source/UART/uart_revb.c:130:5:MXC_UART_RevB_Init	32	static
C:/analog/cfs/1.1.0/SDK/zephyr/modules/hal/adi/MAX/Libraries/PeriphDrivers/Source/UART/uart_revb.c:173:5:MXC_UART_RevB_ReadyForSleep	16	static
C:/analog/cfs/1.1.0/SDK/zephyr/modules/hal/adi/MAX/Libraries/PeriphDrivers/Source/UART/uart_revb.c:186:5:MXC_UART_RevB_SetFrequency	32	static
C:/analog/cfs/1.1.0/SDK/zephyr/modules/hal/adi/MAX/Libraries/PeriphDrivers/Source/UART/uart_revb.c:208:5:MXC_UART_RevB_GetFrequency	24	static
C:/analog/cfs/1.1.0/SDK/zephyr/modules/hal/adi/MAX/Libraries/PeriphDrivers/Source/UART/uart_revb.c:232:5:MXC_UART_RevB_SetDataSize	16	static
C:/analog/cfs/1.1.0/SDK/zephyr/modules/hal/adi/MAX/Libraries/PeriphDrivers/Source/UART/uart_revb.c:245:5:MXC_UART_RevB_SetStopBits	16	static
C:/analog/cfs/1.1.0/SDK/zephyr/modules/hal/adi/MAX/Libraries/PeriphDrivers/Source/UART/uart_revb.c:266:5:MXC_UART_RevB_SetParity	16	static
C:/analog/cfs/1.1.0/SDK/zephyr/modules/hal/adi/MAX/Libraries/PeriphDrivers/Source/UART/uart_revb.c:305:5:MXC_UART_RevB_SetClockSource	24	static
C:/analog/cfs/1.1.0/SDK/zephyr/modules/hal/adi/MAX/Libraries/PeriphDrivers/Source/UART/uart_revb.c:334:14:MXC_UART_RevB_GetClockSource	16	static
C:/analog/cfs/1.1.0/SDK/zephyr/modules/hal/adi/MAX/Libraries/PeriphDrivers/Source/UART/uart_revb.c:339:6:MXC_UART_RevB_LockClockSource	16	static
C:/analog/cfs/1.1.0/SDK/zephyr/modules/hal/adi/MAX/Libraries/PeriphDrivers/Source/UART/uart_revb.c:344:6:MXC_UART_RevB_IsClockSourceLocked	16	static
C:/analog/cfs/1.1.0/SDK/zephyr/modules/hal/adi/MAX/Libraries/PeriphDrivers/Source/UART/uart_revb.c:349:5:MXC_UART_RevB_SetFlowCtrl	24	static
C:/analog/cfs/1.1.0/SDK/zephyr/modules/hal/adi/MAX/Libraries/PeriphDrivers/Source/UART/uart_revb.c:371:5:MXC_UART_RevB_GetActive	16	static
C:/analog/cfs/1.1.0/SDK/zephyr/modules/hal/adi/MAX/Libraries/PeriphDrivers/Source/UART/uart_revb.c:380:5:MXC_UART_RevB_AbortTransmission	24	static
C:/analog/cfs/1.1.0/SDK/zephyr/modules/hal/adi/MAX/Libraries/PeriphDrivers/Source/UART/uart_revb.c:402:5:MXC_UART_RevB_ReadCharacterRaw	16	static
C:/analog/cfs/1.1.0/SDK/zephyr/modules/hal/adi/MAX/Libraries/PeriphDrivers/Source/UART/uart_revb.c:411:5:MXC_UART_RevB_WriteCharacterRaw	16	static
C:/analog/cfs/1.1.0/SDK/zephyr/modules/hal/adi/MAX/Libraries/PeriphDrivers/Source/UART/uart_revb.c:424:5:MXC_UART_RevB_ReadCharacter	16	static
C:/analog/cfs/1.1.0/SDK/zephyr/modules/hal/adi/MAX/Libraries/PeriphDrivers/Source/UART/uart_revb.c:433:5:MXC_UART_RevB_WriteCharacter	16	static
C:/analog/cfs/1.1.0/SDK/zephyr/modules/hal/adi/MAX/Libraries/PeriphDrivers/Source/UART/uart_revb.c:446:5:MXC_UART_RevB_Read	32	static
C:/analog/cfs/1.1.0/SDK/zephyr/modules/hal/adi/MAX/Libraries/PeriphDrivers/Source/UART/uart_revb.c:474:5:MXC_UART_RevB_Write	32	static
C:/analog/cfs/1.1.0/SDK/zephyr/modules/hal/adi/MAX/Libraries/PeriphDrivers/Source/UART/uart_revb.c:500:14:MXC_UART_RevB_ReadRXFIFO	32	static
C:/analog/cfs/1.1.0/SDK/zephyr/modules/hal/adi/MAX/Libraries/PeriphDrivers/Source/UART/uart_revb.c:516:14:MXC_UART_RevB_GetRXFIFOAvailable	16	static
C:/analog/cfs/1.1.0/SDK/zephyr/modules/hal/adi/MAX/Libraries/PeriphDrivers/Source/UART/uart_revb.c:521:14:MXC_UART_RevB_WriteTXFIFO	32	static
C:/analog/cfs/1.1.0/SDK/zephyr/modules/hal/adi/MAX/Libraries/PeriphDrivers/Source/UART/uart_revb.c:537:14:MXC_UART_RevB_GetTXFIFOAvailable	24	static
C:/analog/cfs/1.1.0/SDK/zephyr/modules/hal/adi/MAX/Libraries/PeriphDrivers/Source/UART/uart_revb.c:543:5:MXC_UART_RevB_ClearRXFIFO	16	static
C:/analog/cfs/1.1.0/SDK/zephyr/modules/hal/adi/MAX/Libraries/PeriphDrivers/Source/UART/uart_revb.c:551:5:MXC_UART_RevB_ClearTXFIFO	16	static
C:/analog/cfs/1.1.0/SDK/zephyr/modules/hal/adi/MAX/Libraries/PeriphDrivers/Source/UART/uart_revb.c:559:5:MXC_UART_RevB_SetRXThreshold	16	static
C:/analog/cfs/1.1.0/SDK/zephyr/modules/hal/adi/MAX/Libraries/PeriphDrivers/Source/UART/uart_revb.c:571:14:MXC_UART_RevB_GetRXThreshold	16	static
C:/analog/cfs/1.1.0/SDK/zephyr/modules/hal/adi/MAX/Libraries/PeriphDrivers/Source/UART/uart_revb.c:576:14:MXC_UART_RevB_GetFlags	16	static
C:/analog/cfs/1.1.0/SDK/zephyr/modules/hal/adi/MAX/Libraries/PeriphDrivers/Source/UART/uart_revb.c:581:5:MXC_UART_RevB_ClearFlags	16	static
C:/analog/cfs/1.1.0/SDK/zephyr/modules/hal/adi/MAX/Libraries/PeriphDrivers/Source/UART/uart_revb.c:588:5:MXC_UART_RevB_EnableInt	16	static
C:/analog/cfs/1.1.0/SDK/zephyr/modules/hal/adi/MAX/Libraries/PeriphDrivers/Source/UART/uart_revb.c:595:5:MXC_UART_RevB_DisableInt	16	static
C:/analog/cfs/1.1.0/SDK/zephyr/modules/hal/adi/MAX/Libraries/PeriphDrivers/Source/UART/uart_revb.c:602:14:MXC_UART_RevB_GetStatus	16	static
C:/analog/cfs/1.1.0/SDK/zephyr/modules/hal/adi/MAX/Libraries/PeriphDrivers/Source/UART/uart_revb.c:607:5:MXC_UART_RevB_Transaction	24	static
C:/analog/cfs/1.1.0/SDK/zephyr/modules/hal/adi/MAX/Libraries/PeriphDrivers/Source/UART/uart_revb.c:673:5:MXC_UART_RevB_TransactionAsync	24	static
C:/analog/cfs/1.1.0/SDK/zephyr/modules/hal/adi/MAX/Libraries/PeriphDrivers/Source/UART/uart_revb.c:746:5:MXC_UART_RevB_AsyncTxCallback	24	static
C:/analog/cfs/1.1.0/SDK/zephyr/modules/hal/adi/MAX/Libraries/PeriphDrivers/Source/UART/uart_revb.c:761:5:MXC_UART_RevB_AsyncRxCallback	24	static
C:/analog/cfs/1.1.0/SDK/zephyr/modules/hal/adi/MAX/Libraries/PeriphDrivers/Source/UART/uart_revb.c:776:5:MXC_UART_RevB_AsyncCallback	24	static
C:/analog/cfs/1.1.0/SDK/zephyr/modules/hal/adi/MAX/Libraries/PeriphDrivers/Source/UART/uart_revb.c:790:5:MXC_UART_RevB_AsyncStopTx	16	static
C:/analog/cfs/1.1.0/SDK/zephyr/modules/hal/adi/MAX/Libraries/PeriphDrivers/Source/UART/uart_revb.c:798:5:MXC_UART_RevB_AsyncStopRx	16	static
C:/analog/cfs/1.1.0/SDK/zephyr/modules/hal/adi/MAX/Libraries/PeriphDrivers/Source/UART/uart_revb.c:805:5:MXC_UART_RevB_AsyncStop	16	static
C:/analog/cfs/1.1.0/SDK/zephyr/modules/hal/adi/MAX/Libraries/PeriphDrivers/Source/UART/uart_revb.c:812:5:MXC_UART_RevB_AbortAsync	16	static
C:/analog/cfs/1.1.0/SDK/zephyr/modules/hal/adi/MAX/Libraries/PeriphDrivers/Source/UART/uart_revb.c:820:5:MXC_UART_RevB_AsyncHandler	32	static
C:/analog/cfs/1.1.0/SDK/zephyr/modules/hal/adi/MAX/Libraries/PeriphDrivers/Source/UART/uart_revb.c:882:5:MXC_UART_RevB_SetAutoDMAHandlers	24	static
C:/analog/cfs/1.1.0/SDK/zephyr/modules/hal/adi/MAX/Libraries/PeriphDrivers/Source/UART/uart_revb.c:894:6:MXC_UART_RevA_DMA0_Handler	8	static
C:/analog/cfs/1.1.0/SDK/zephyr/modules/hal/adi/MAX/Libraries/PeriphDrivers/Source/UART/uart_revb.c:900:6:MXC_UART_RevA_DMA1_Handler	8	static
C:/analog/cfs/1.1.0/SDK/zephyr/modules/hal/adi/MAX/Libraries/PeriphDrivers/Source/UART/uart_revb.c:911:6:MXC_UART_RevB_DMA_SetupAutoHandlers	16	static
C:/analog/cfs/1.1.0/SDK/zephyr/modules/hal/adi/MAX/Libraries/PeriphDrivers/Source/UART/uart_revb.c:939:5:MXC_UART_RevB_SetTXDMAChannel	24	static
C:/analog/cfs/1.1.0/SDK/zephyr/modules/hal/adi/MAX/Libraries/PeriphDrivers/Source/UART/uart_revb.c:948:5:MXC_UART_RevB_GetTXDMAChannel	24	static
C:/analog/cfs/1.1.0/SDK/zephyr/modules/hal/adi/MAX/Libraries/PeriphDrivers/Source/UART/uart_revb.c:955:5:MXC_UART_RevB_SetRXDMAChannel	24	static
C:/analog/cfs/1.1.0/SDK/zephyr/modules/hal/adi/MAX/Libraries/PeriphDrivers/Source/UART/uart_revb.c:964:5:MXC_UART_RevB_GetRXDMAChannel	24	static
C:/analog/cfs/1.1.0/SDK/zephyr/modules/hal/adi/MAX/Libraries/PeriphDrivers/Source/UART/uart_revb.c:971:5:MXC_UART_RevB_ReadRXFIFODMA	72	static
C:/analog/cfs/1.1.0/SDK/zephyr/modules/hal/adi/MAX/Libraries/PeriphDrivers/Source/UART/uart_revb.c:1029:5:MXC_UART_RevB_WriteTXFIFODMA	72	static
C:/analog/cfs/1.1.0/SDK/zephyr/modules/hal/adi/MAX/Libraries/PeriphDrivers/Source/UART/uart_revb.c:1087:5:MXC_UART_RevB_TransactionDMA	32	static
C:/analog/cfs/1.1.0/SDK/zephyr/modules/hal/adi/MAX/Libraries/PeriphDrivers/Source/UART/uart_revb.c:1160:6:MXC_UART_RevB_DMACallback	32	static
