C:/analog/cfs/1.1.0/SDK/zephyr/zephyr/include/zephyr/sys/dlist.h:202:20:sys_dlist_init	16	static
C:/analog/cfs/1.1.0/SDK/zephyr/zephyr/include/zephyr/sys/dlist.h:219:20:sys_dnode_init	16	static
C:/analog/cfs/1.1.0/SDK/zephyr/zephyr/include/zephyr/sys/dlist.h:233:20:sys_dnode_is_linked	16	static
C:/analog/cfs/1.1.0/SDK/zephyr/zephyr/include/zephyr/sys/dlist.h:274:20:sys_dlist_is_empty	16	static
C:/analog/cfs/1.1.0/SDK/zephyr/zephyr/include/zephyr/sys/dlist.h:302:28:sys_dlist_peek_head	16	static
C:/analog/cfs/1.1.0/SDK/zephyr/zephyr/include/zephyr/sys/dlist.h:333:28:sys_dlist_peek_next_no_check	16	static
C:/analog/cfs/1.1.0/SDK/zephyr/zephyr/include/zephyr/sys/dlist.h:349:28:sys_dlist_peek_next	16	static
C:/analog/cfs/1.1.0/SDK/zephyr/zephyr/include/zephyr/sys/dlist.h:412:20:sys_dlist_append	24	static
C:/analog/cfs/1.1.0/SDK/zephyr/zephyr/include/zephyr/sys/dlist.h:451:20:sys_dlist_insert	24	static
C:/analog/cfs/1.1.0/SDK/zephyr/zephyr/include/zephyr/sys/dlist.h:509:20:sys_dlist_dequeue	24	static
C:/analog/cfs/1.1.0/SDK/zephyr/zephyr/include/zephyr/sys/dlist.h:527:20:sys_dlist_remove	24	static
C:/analog/cfs/1.1.0/SDK/zephyr/zephyr/include/zephyr/kernel.h:1212:20:k_is_pre_kernel	4	static
C:/Workdir/PBU/cfs_workspace/cfs_workspace_blinky1/m33/build/zephyr/include/generated/zephyr/syscalls/kernel.h:175:20:k_yield	8	static
C:/analog/cfs/1.1.0/SDK/zephyr/zephyr/kernel/include/timeout_q.h:35:20:z_is_inactive_timeout	16	static
C:/analog/cfs/1.1.0/SDK/zephyr/zephyr/kernel/include/timeout_q.h:47:20:z_add_thread_timeout	24	static
C:/analog/cfs/1.1.0/SDK/zephyr/zephyr/kernel/include/timeout_q.h:52:20:z_abort_thread_timeout	16	static
C:/analog/cfs/1.1.0/SDK/zephyr/zephyr/kernel/include/kthread.h:60:19:thread_is_preemptible	16	static
C:/analog/cfs/1.1.0/SDK/zephyr/zephyr/kernel/include/kthread.h:67:19:thread_is_metairq	16	static
C:/analog/cfs/1.1.0/SDK/zephyr/zephyr/kernel/include/kthread.h:86:20:z_is_thread_suspended	16	static
C:/analog/cfs/1.1.0/SDK/zephyr/zephyr/kernel/include/kthread.h:96:20:z_is_thread_prevented_from_running	24	static
C:/analog/cfs/1.1.0/SDK/zephyr/zephyr/kernel/include/kthread.h:104:20:z_is_thread_timeout_active	16	static
C:/analog/cfs/1.1.0/SDK/zephyr/zephyr/kernel/include/kthread.h:109:20:z_is_thread_ready	16	static
C:/analog/cfs/1.1.0/SDK/zephyr/zephyr/kernel/include/kthread.h:114:20:z_is_thread_state_set	16	static
C:/analog/cfs/1.1.0/SDK/zephyr/zephyr/kernel/include/kthread.h:119:20:z_is_thread_queued	16	static
C:/analog/cfs/1.1.0/SDK/zephyr/zephyr/kernel/include/kthread.h:124:20:z_mark_thread_as_queued	16	static
C:/analog/cfs/1.1.0/SDK/zephyr/zephyr/kernel/include/kthread.h:129:20:z_mark_thread_as_not_queued	16	static
C:/analog/cfs/1.1.0/SDK/zephyr/zephyr/kernel/include/kthread.h:134:20:z_mark_thread_as_suspended	16	static
C:/analog/cfs/1.1.0/SDK/zephyr/zephyr/kernel/include/kthread.h:141:20:z_mark_thread_as_not_suspended	16	static
C:/analog/cfs/1.1.0/SDK/zephyr/zephyr/kernel/include/kthread.h:148:20:z_mark_thread_as_pending	16	static
C:/analog/cfs/1.1.0/SDK/zephyr/zephyr/kernel/include/kthread.h:153:20:z_mark_thread_as_not_pending	16	static
C:/analog/cfs/1.1.0/SDK/zephyr/zephyr/kernel/include/kthread.h:158:20:z_is_thread_sleeping	16	static
C:/analog/cfs/1.1.0/SDK/zephyr/zephyr/kernel/include/kthread.h:163:20:z_mark_thread_as_sleeping	16	static
C:/analog/cfs/1.1.0/SDK/zephyr/zephyr/kernel/include/kthread.h:168:20:z_mark_thread_as_not_sleeping	16	static
C:/analog/cfs/1.1.0/SDK/zephyr/zephyr/kernel/include/kthread.h:197:20:z_is_thread_essential	16	static
C:/analog/cfs/1.1.0/SDK/zephyr/zephyr/kernel/include/kthread.h:246:20:z_is_idle_thread_object	16	static
C:/analog/cfs/1.1.0/SDK/zephyr/zephyr/kernel/include/ksched.h:77:20:z_reschedule_unlocked	24	static
C:/analog/cfs/1.1.0/SDK/zephyr/zephyr/kernel/include/ksched.h:141:20:z_sched_lock	4	static
C:/analog/cfs/1.1.0/SDK/zephyr/zephyr/kernel/include/ksched.h:159:20:unpend_thread_no_timeout	32	static
C:/analog/cfs/1.1.0/SDK/zephyr/zephyr/kernel/include/wait_q.h:52:32:z_waitq_head	16	static
C:/analog/cfs/1.1.0/SDK/zephyr/zephyr/kernel/include/kswap.h:198:20:z_sched_switch_spin	16	static
C:/analog/cfs/1.1.0/SDK/zephyr/zephyr/kernel/include/kswap.h:203:19:z_swap_irqlock	32	static
C:/analog/cfs/1.1.0/SDK/zephyr/zephyr/kernel/sched.c:104:20:should_queue_thread	16	static
C:/analog/cfs/1.1.0/SDK/zephyr/zephyr/kernel/sched.c:137:6:z_requeue_current	56	static
C:/analog/cfs/1.1.0/SDK/zephyr/zephyr/kernel/sched.c:146:20:is_aborting	16	static
C:/analog/cfs/1.1.0/SDK/zephyr/zephyr/kernel/sched.c:152:20:is_halting	16	static
C:/analog/cfs/1.1.0/SDK/zephyr/zephyr/kernel/sched.c:159:20:clear_halting	16	static
C:/analog/cfs/1.1.0/SDK/zephyr/zephyr/kernel/sched.c:255:6:move_thread_to_end_of_prio_q	112	static
C:/analog/cfs/1.1.0/SDK/zephyr/zephyr/kernel/sched.c:268:13:update_metairq_preempt	16	static
C:/analog/cfs/1.1.0/SDK/zephyr/zephyr/kernel/sched.c:316:21:thread_active_elsewhere	16	static
C:/analog/cfs/1.1.0/SDK/zephyr/zephyr/kernel/sched.c:338:13:ready_thread	88	static
C:/analog/cfs/1.1.0/SDK/zephyr/zephyr/kernel/sched.c:357:6:z_ready_thread	72	static
C:/analog/cfs/1.1.0/SDK/zephyr/zephyr/kernel/sched.c:366:6:z_move_thread_to_end_of_prio_q	72	static
C:/analog/cfs/1.1.0/SDK/zephyr/zephyr/kernel/sched.c:379:13:thread_halt_spin	128	static
C:/analog/cfs/1.1.0/SDK/zephyr/zephyr/kernel/sched.c:454:6:z_impl_k_thread_suspend	352	static
C:/analog/cfs/1.1.0/SDK/zephyr/zephyr/kernel/sched.c:495:6:z_impl_k_thread_resume	64	static
C:/analog/cfs/1.1.0/SDK/zephyr/zephyr/kernel/sched.c:524:13:unready_thread	72	static
C:/analog/cfs/1.1.0/SDK/zephyr/zephyr/kernel/sched.c:533:13:add_to_waitq_locked	48	static
C:/analog/cfs/1.1.0/SDK/zephyr/zephyr/kernel/sched.c:546:13:add_thread_timeout	24	static
C:/analog/cfs/1.1.0/SDK/zephyr/zephyr/kernel/sched.c:553:13:pend_locked	24	static
C:/analog/cfs/1.1.0/SDK/zephyr/zephyr/kernel/sched.c:563:6:z_pend_thread	80	static
C:/analog/cfs/1.1.0/SDK/zephyr/zephyr/kernel/sched.c:572:6:z_unpend_thread_no_timeout	72	static
C:/analog/cfs/1.1.0/SDK/zephyr/zephyr/kernel/sched.c:581:6:z_sched_wake_thread	72	static
C:/analog/cfs/1.1.0/SDK/zephyr/zephyr/kernel/sched.c:611:6:z_thread_timeout	24	static
C:/analog/cfs/1.1.0/SDK/zephyr/zephyr/kernel/sched.c:620:5:z_pend_curr	72	static
C:/analog/cfs/1.1.0/SDK/zephyr/zephyr/kernel/sched.c:642:18:z_unpend1_no_timeout	88	static
C:/analog/cfs/1.1.0/SDK/zephyr/zephyr/kernel/sched.c:657:6:z_unpend_thread	16	static
C:/analog/cfs/1.1.0/SDK/zephyr/zephyr/kernel/sched.c:666:6:z_thread_prio_set	168	static
C:/analog/cfs/1.1.0/SDK/zephyr/zephyr/kernel/sched.c:712:20:resched	24	static
C:/analog/cfs/1.1.0/SDK/zephyr/zephyr/kernel/sched.c:725:20:need_swap	16	static
C:/analog/cfs/1.1.0/SDK/zephyr/zephyr/kernel/sched.c:739:6:z_reschedule	48	static
C:/analog/cfs/1.1.0/SDK/zephyr/zephyr/kernel/sched.c:749:6:z_reschedule_irqlock	24	static
C:/analog/cfs/1.1.0/SDK/zephyr/zephyr/kernel/sched.c:759:6:k_sched_lock	64	static
C:/analog/cfs/1.1.0/SDK/zephyr/zephyr/kernel/sched.c:768:6:k_sched_unlock	96	static
C:/analog/cfs/1.1.0/SDK/zephyr/zephyr/kernel/sched.c:786:18:z_swap_next_thread	4	static
C:/analog/cfs/1.1.0/SDK/zephyr/zephyr/kernel/sched.c:919:5:z_unpend_all	24	static
C:/analog/cfs/1.1.0/SDK/zephyr/zephyr/kernel/sched.c:933:6:init_ready_q	24	static
C:/analog/cfs/1.1.0/SDK/zephyr/zephyr/kernel/sched.c:938:6:z_sched_init	8	static
C:/analog/cfs/1.1.0/SDK/zephyr/zephyr/kernel/sched.c:949:6:z_impl_k_thread_priority_set	24	static
C:/analog/cfs/1.1.0/SDK/zephyr/zephyr/kernel/sched.c:1023:6:z_impl_k_reschedule	72	static
C:/analog/cfs/1.1.0/SDK/zephyr/zephyr/kernel/sched.c:1042:6:k_can_yield	8	static
C:/analog/cfs/1.1.0/SDK/zephyr/zephyr/kernel/sched.c:1048:6:z_impl_k_yield	112	static
C:/analog/cfs/1.1.0/SDK/zephyr/zephyr/kernel/sched.c:1070:16:z_tick_sleep	96	static
C:/analog/cfs/1.1.0/SDK/zephyr/zephyr/kernel/sched.c:1114:9:z_impl_k_sleep	48	static
C:/analog/cfs/1.1.0/SDK/zephyr/zephyr/kernel/sched.c:1142:9:z_impl_k_usleep	48	static
C:/analog/cfs/1.1.0/SDK/zephyr/zephyr/kernel/sched.c:1166:6:z_impl_k_wakeup	64	static
C:/analog/cfs/1.1.0/SDK/zephyr/zephyr/kernel/sched.c:1191:9:z_impl_k_sched_current_thread_query	4	static
C:/analog/cfs/1.1.0/SDK/zephyr/zephyr/kernel/sched.c:1204:20:unpend_all	32	static
C:/analog/cfs/1.1.0/SDK/zephyr/zephyr/kernel/sched.c:1322:6:z_thread_abort	264	static
C:/analog/cfs/1.1.0/SDK/zephyr/zephyr/kernel/sched.c:1353:5:z_impl_k_thread_join	88	static
C:/analog/cfs/1.1.0/SDK/zephyr/zephyr/kernel/sched.c:1442:6:z_sched_wake	120	static
C:/analog/cfs/1.1.0/SDK/zephyr/zephyr/kernel/sched.c:1464:5:z_sched_wait	40	static
C:/analog/cfs/1.1.0/SDK/zephyr/zephyr/kernel/sched.c:1475:5:z_sched_waitq_walk	88	static
C:/analog/cfs/1.1.0/SDK/zephyr/zephyr/kernel/sched.c:1503:6:z_unready_thread	72	static
