C:/analog/cfs/1.1.0/SDK/zephyr/zephyr/include/zephyr/sys/dlist.h:202:20:sys_dlist_init	16	static
C:/analog/cfs/1.1.0/SDK/zephyr/zephyr/include/zephyr/sys/dlist.h:219:20:sys_dnode_init	16	static
C:/analog/cfs/1.1.0/SDK/zephyr/zephyr/include/zephyr/kernel/thread_stack.h:286:21:K_KERNEL_STACK_BUFFER	16	static
C:/analog/cfs/1.1.0/SDK/zephyr/zephyr/include/zephyr/kernel.h:1089:20:k_thread_start	16	static
C:/Workdir/PBU/cfs_workspace/cfs_workspace_blinky1/m33/build/zephyr/include/generated/zephyr/syscalls/kernel.h:191:20:k_wakeup	16	static
C:/analog/cfs/1.1.0/SDK/zephyr/zephyr/kernel/include/timeout_q.h:25:20:z_init_timeout	16	static
C:/analog/cfs/1.1.0/SDK/zephyr/zephyr/kernel/include/timeout_q.h:40:20:z_init_thread_timeout	16	static
C:/analog/cfs/1.1.0/SDK/zephyr/zephyr/kernel/include/timeout_q.h:47:20:z_add_thread_timeout	24	static
C:/analog/cfs/1.1.0/SDK/zephyr/zephyr/kernel/include/kthread.h:46:20:thread_schedule_new	24	static
C:/analog/cfs/1.1.0/SDK/zephyr/zephyr/kernel/include/kthread.h:60:19:thread_is_preemptible	16	static
C:/analog/cfs/1.1.0/SDK/zephyr/zephyr/kernel/include/kthread.h:187:20:z_thread_essential_clear	16	static
C:/analog/cfs/1.1.0/SDK/zephyr/zephyr/kernel/include/wait_q.h:47:20:z_waitq_init	16	static
C:/analog/cfs/1.1.0/SDK/zephyr/zephyr/kernel/thread.c:76:6:k_is_in_isr	16	static
C:/analog/cfs/1.1.0/SDK/zephyr/zephyr/kernel/thread.c:111:5:z_impl_k_is_preempt_thread	16	static
C:/analog/cfs/1.1.0/SDK/zephyr/zephyr/kernel/thread.c:124:5:z_impl_k_thread_priority_get	16	static
C:/analog/cfs/1.1.0/SDK/zephyr/zephyr/kernel/thread.c:138:5:z_impl_k_thread_name_set	16	static
C:/analog/cfs/1.1.0/SDK/zephyr/zephyr/kernel/thread.c:193:13:k_thread_name_get	16	static
C:/analog/cfs/1.1.0/SDK/zephyr/zephyr/kernel/thread.c:203:5:z_impl_k_thread_name_copy	24	static
C:/analog/cfs/1.1.0/SDK/zephyr/zephyr/kernel/thread.c:216:15:copy_bytes	32	static
C:/analog/cfs/1.1.0/SDK/zephyr/zephyr/kernel/thread.c:226:13:k_thread_state_str	48	static
C:/analog/cfs/1.1.0/SDK/zephyr/zephyr/kernel/thread.c:383:14:setup_thread_stack	48	static
C:/analog/cfs/1.1.0/SDK/zephyr/zephyr/kernel/thread.c:509:7:z_setup_new_thread	112	static
C:/analog/cfs/1.1.0/SDK/zephyr/zephyr/kernel/thread.c:652:9:z_impl_k_thread_create	48	static
C:/analog/cfs/1.1.0/SDK/zephyr/zephyr/kernel/thread.c:743:6:z_init_thread_base	24	static
C:/analog/cfs/1.1.0/SDK/zephyr/zephyr/kernel/thread.c:769:20:k_thread_user_mode_enter	24	static
C:/analog/cfs/1.1.0/SDK/zephyr/zephyr/kernel/thread.c:806:5:z_stack_space_get	40	static
C:/analog/cfs/1.1.0/SDK/zephyr/zephyr/kernel/thread.c:857:5:z_impl_k_thread_stack_space_get	16	static
C:/analog/cfs/1.1.0/SDK/zephyr/zephyr/kernel/thread.c:917:6:z_thread_mark_switched_in	8	static
C:/analog/cfs/1.1.0/SDK/zephyr/zephyr/kernel/thread.c:928:6:z_thread_mark_switched_out	8	static
C:/analog/cfs/1.1.0/SDK/zephyr/zephyr/kernel/thread.c:947:5:k_thread_runtime_stats_get	16	static
C:/analog/cfs/1.1.0/SDK/zephyr/zephyr/kernel/thread.c:963:5:k_thread_runtime_stats_all_get	96	static
C:/analog/cfs/1.1.0/SDK/zephyr/zephyr/kernel/thread.c:997:5:k_thread_runtime_stats_cpu_get	40	static
C:/analog/cfs/1.1.0/SDK/zephyr/zephyr/kernel/thread.c:1128:6:z_dummy_thread_init	16	static
