C:/analog/cfs/1.1.0/SDK/zephyr/zephyr/include/zephyr/sys/dlist.h:202:20:sys_dlist_init	16	static
C:/analog/cfs/1.1.0/SDK/zephyr/zephyr/include/zephyr/sys/dlist.h:219:20:sys_dnode_init	16	static
C:/analog/cfs/1.1.0/SDK/zephyr/zephyr/include/zephyr/sys/dlist.h:233:20:sys_dnode_is_linked	16	static
C:/analog/cfs/1.1.0/SDK/zephyr/zephyr/include/zephyr/sys/dlist.h:274:20:sys_dlist_is_empty	16	static
C:/analog/cfs/1.1.0/SDK/zephyr/zephyr/include/zephyr/sys/dlist.h:302:28:sys_dlist_peek_head	16	static
C:/analog/cfs/1.1.0/SDK/zephyr/zephyr/include/zephyr/sys/internal/kobject_internal.h:92:20:k_object_init	16	static
C:/Workdir/PBU/cfs_workspace/cfs_workspace_blinky1/m33/build/zephyr/include/generated/zephyr/syscalls/kernel.h:598:23:k_uptime_ticks	8	static
C:/analog/cfs/1.1.0/SDK/zephyr/zephyr/kernel/include/timeout_q.h:25:20:z_init_timeout	16	static
C:/analog/cfs/1.1.0/SDK/zephyr/zephyr/kernel/include/timeout_q.h:35:20:z_is_inactive_timeout	16	static
C:/analog/cfs/1.1.0/SDK/zephyr/zephyr/kernel/include/ksched.h:77:20:z_reschedule_unlocked	24	static
C:/analog/cfs/1.1.0/SDK/zephyr/zephyr/kernel/include/wait_q.h:47:20:z_waitq_init	16	static
C:/analog/cfs/1.1.0/SDK/zephyr/zephyr/kernel/include/wait_q.h:52:32:z_waitq_head	16	static
C:/analog/cfs/1.1.0/SDK/zephyr/zephyr/kernel/timer.c:27:6:z_timer_expiration_handler	216	static
C:/analog/cfs/1.1.0/SDK/zephyr/zephyr/kernel/timer.c:113:6:k_timer_init	24	static
C:/analog/cfs/1.1.0/SDK/zephyr/zephyr/kernel/timer.c:139:6:z_impl_k_timer_start	104	static
C:/analog/cfs/1.1.0/SDK/zephyr/zephyr/kernel/timer.c:194:6:z_impl_k_timer_stop	24	static
C:/analog/cfs/1.1.0/SDK/zephyr/zephyr/kernel/timer.c:227:10:z_impl_k_timer_status_get	72	static
C:/analog/cfs/1.1.0/SDK/zephyr/zephyr/kernel/timer.c:247:10:z_impl_k_timer_status_sync	112	static
