C:/analog/cfs/1.1.0/SDK/zephyr/zephyr/include/zephyr/sys/dlist.h:219:20:sys_dnode_init	16	static
C:/analog/cfs/1.1.0/SDK/zephyr/zephyr/include/zephyr/sys/dlist.h:233:20:sys_dnode_is_linked	16	static
C:/analog/cfs/1.1.0/SDK/zephyr/zephyr/include/zephyr/sys/dlist.h:274:20:sys_dlist_is_empty	16	static
C:/analog/cfs/1.1.0/SDK/zephyr/zephyr/include/zephyr/sys/dlist.h:302:28:sys_dlist_peek_head	16	static
C:/analog/cfs/1.1.0/SDK/zephyr/zephyr/include/zephyr/sys/dlist.h:333:28:sys_dlist_peek_next_no_check	16	static
C:/analog/cfs/1.1.0/SDK/zephyr/zephyr/include/zephyr/sys/dlist.h:349:28:sys_dlist_peek_next	16	static
C:/analog/cfs/1.1.0/SDK/zephyr/zephyr/include/zephyr/sys/dlist.h:412:20:sys_dlist_append	24	static
C:/analog/cfs/1.1.0/SDK/zephyr/zephyr/include/zephyr/sys/dlist.h:451:20:sys_dlist_insert	24	static
C:/analog/cfs/1.1.0/SDK/zephyr/zephyr/include/zephyr/sys/dlist.h:527:20:sys_dlist_remove	24	static
C:/analog/cfs/1.1.0/SDK/zephyr/zephyr/kernel/include/timeout_q.h:35:20:z_is_inactive_timeout	16	static
C:/analog/cfs/1.1.0/SDK/zephyr/zephyr/kernel/timeout.c:43:25:first	16	static
C:/analog/cfs/1.1.0/SDK/zephyr/zephyr/kernel/timeout.c:50:25:next	24	static
C:/analog/cfs/1.1.0/SDK/zephyr/zephyr/kernel/timeout.c:57:13:remove_timeout	32	static
C:/analog/cfs/1.1.0/SDK/zephyr/zephyr/kernel/timeout.c:66:16:elapsed	8	static
C:/analog/cfs/1.1.0/SDK/zephyr/zephyr/kernel/timeout.c:87:16:next_timeout	56	static
C:/analog/cfs/1.1.0/SDK/zephyr/zephyr/kernel/timeout.c:103:6:z_add_timeout	160	static
C:/analog/cfs/1.1.0/SDK/zephyr/zephyr/kernel/timeout.c:148:5:z_abort_timeout	80	static
C:/analog/cfs/1.1.0/SDK/zephyr/zephyr/kernel/timeout.c:168:18:timeout_rem	40	static
C:/analog/cfs/1.1.0/SDK/zephyr/zephyr/kernel/timeout.c:182:11:z_timeout_remaining	104	static
C:/analog/cfs/1.1.0/SDK/zephyr/zephyr/kernel/timeout.c:195:11:z_timeout_expires	88	static
C:/analog/cfs/1.1.0/SDK/zephyr/zephyr/kernel/timeout.c:209:9:z_get_next_timeout_expiry	64	static
C:/analog/cfs/1.1.0/SDK/zephyr/zephyr/kernel/timeout.c:219:6:sys_clock_announce	176	static
C:/analog/cfs/1.1.0/SDK/zephyr/zephyr/kernel/timeout.c:270:9:sys_clock_tick_get	88	static
C:/analog/cfs/1.1.0/SDK/zephyr/zephyr/kernel/timeout.c:280:10:sys_clock_tick_get_32	8	static
C:/analog/cfs/1.1.0/SDK/zephyr/zephyr/kernel/timeout.c:289:9:z_impl_k_uptime_ticks	8	static
C:/analog/cfs/1.1.0/SDK/zephyr/zephyr/kernel/timeout.c:302:15:sys_timepoint_calc	64	static
C:/analog/cfs/1.1.0/SDK/zephyr/zephyr/kernel/timeout.c:323:13:sys_timepoint_timeout	48	static
