C:/analog/cfs/1.1.0/SDK/zephyr/zephyr/include/zephyr/arch/arm/misc.h:24:24:arch_k_cycle_get_32	8	static
C:/analog/cfs/1.1.0/SDK/zephyr/zephyr/include/zephyr/kernel.h:1927:24:k_cycle_get_32	8	static
C:/analog/cfs/1.1.0/SDK/zephyr/zephyr/kernel/usage.c:21:17:usage_now	16	static
C:/analog/cfs/1.1.0/SDK/zephyr/zephyr/kernel/usage.c:36:13:sched_cpu_update_usage	32	static
C:/analog/cfs/1.1.0/SDK/zephyr/zephyr/kernel/usage.c:61:13:sched_thread_update_usage	32	static
C:/analog/cfs/1.1.0/SDK/zephyr/zephyr/kernel/usage.c:74:6:z_sched_usage_start	16	static
C:/analog/cfs/1.1.0/SDK/zephyr/zephyr/kernel/usage.c:99:6:z_sched_usage_stop	72	static
C:/analog/cfs/1.1.0/SDK/zephyr/zephyr/kernel/usage.c:122:6:z_sched_cpu_usage	88	static
C:/analog/cfs/1.1.0/SDK/zephyr/zephyr/kernel/usage.c:173:6:z_sched_thread_usage	80	static
C:/analog/cfs/1.1.0/SDK/zephyr/zephyr/kernel/usage.c:278:6:k_sys_runtime_stats_enable	80	static
C:/analog/cfs/1.1.0/SDK/zephyr/zephyr/kernel/usage.c:311:6:k_sys_runtime_stats_disable	88	static
