C:/analog/cfs/1.1.0/SDK/zephyr/zephyr/include/zephyr/sys/dlist.h:202:20:sys_dlist_init	16	static
C:/analog/cfs/1.1.0/SDK/zephyr/zephyr/include/zephyr/sys/dlist.h:219:20:sys_dnode_init	16	static
C:/analog/cfs/1.1.0/SDK/zephyr/zephyr/include/zephyr/sys/slist.h:199:20:sys_slist_init	16	static
C:/analog/cfs/1.1.0/SDK/zephyr/zephyr/include/zephyr/sys/slist.h:211:28:z_snode_next_peek	16	static
C:/analog/cfs/1.1.0/SDK/zephyr/zephyr/include/zephyr/sys/slist.h:216:20:z_snode_next_set	16	static
C:/analog/cfs/1.1.0/SDK/zephyr/zephyr/include/zephyr/sys/slist.h:221:20:z_slist_head_set	16	static
C:/analog/cfs/1.1.0/SDK/zephyr/zephyr/include/zephyr/sys/slist.h:226:20:z_slist_tail_set	16	static
C:/analog/cfs/1.1.0/SDK/zephyr/zephyr/include/zephyr/sys/slist.h:238:28:sys_slist_peek_head	16	static
C:/analog/cfs/1.1.0/SDK/zephyr/zephyr/include/zephyr/sys/slist.h:250:28:sys_slist_peek_tail	16	static
C:/analog/cfs/1.1.0/SDK/zephyr/zephyr/include/zephyr/sys/slist.h:268:1:sys_slist_is_empty	16	static
C:/analog/cfs/1.1.0/SDK/zephyr/zephyr/include/zephyr/sys/slist.h:281:1:sys_slist_peek_next_no_check	16	static
C:/analog/cfs/1.1.0/SDK/zephyr/zephyr/include/zephyr/sys/slist.h:292:1:sys_slist_peek_next	16	static
C:/analog/cfs/1.1.0/SDK/zephyr/zephyr/include/zephyr/sys/slist.h:305:1:sys_slist_prepend	16	static
C:/analog/cfs/1.1.0/SDK/zephyr/zephyr/include/zephyr/sys/slist.h:318:1:sys_slist_append	16	static
C:/analog/cfs/1.1.0/SDK/zephyr/zephyr/include/zephyr/sys/slist.h:365:1:sys_slist_insert	24	static
C:/analog/cfs/1.1.0/SDK/zephyr/zephyr/include/zephyr/sys/slist.h:379:1:sys_slist_get_not_empty	24	static
C:/analog/cfs/1.1.0/SDK/zephyr/zephyr/include/zephyr/sys/slist.h:392:1:sys_slist_get	16	static
C:/analog/cfs/1.1.0/SDK/zephyr/zephyr/include/zephyr/sys/slist.h:408:1:sys_slist_remove	24	static
C:/analog/cfs/1.1.0/SDK/zephyr/zephyr/include/zephyr/sys/slist.h:450:1:sys_slist_find_and_remove	24	static
C:/analog/cfs/1.1.0/SDK/zephyr/zephyr/include/zephyr/kernel.h:1089:20:k_thread_start	16	static
C:/Workdir/PBU/cfs_workspace/cfs_workspace_blinky1/m33/build/zephyr/include/generated/zephyr/syscalls/kernel.h:59:23:k_thread_create	56	static
C:/Workdir/PBU/cfs_workspace/cfs_workspace_blinky1/m33/build/zephyr/include/generated/zephyr/syscalls/kernel.h:109:19:k_thread_join	24	static
C:/Workdir/PBU/cfs_workspace/cfs_workspace_blinky1/m33/build/zephyr/include/generated/zephyr/syscalls/kernel.h:175:20:k_yield	8	static
C:/Workdir/PBU/cfs_workspace/cfs_workspace_blinky1/m33/build/zephyr/include/generated/zephyr/syscalls/kernel.h:191:20:k_wakeup	16	static
C:/Workdir/PBU/cfs_workspace/cfs_workspace_blinky1/m33/build/zephyr/include/generated/zephyr/syscalls/kernel.h:425:19:k_thread_name_set	16	static
C:/Workdir/PBU/cfs_workspace/cfs_workspace_blinky1/m33/build/zephyr/include/generated/zephyr/syscalls/kernel.h:1074:19:k_sem_init	24	static
C:/Workdir/PBU/cfs_workspace/cfs_workspace_blinky1/m33/build/zephyr/include/generated/zephyr/syscalls/kernel.h:1092:19:k_sem_take	24	static
C:/Workdir/PBU/cfs_workspace/cfs_workspace_blinky1/m33/build/zephyr/include/generated/zephyr/syscalls/kernel.h:1109:20:k_sem_give	16	static
C:/analog/cfs/1.1.0/SDK/zephyr/zephyr/kernel/include/timeout_q.h:25:20:z_init_timeout	16	static
C:/analog/cfs/1.1.0/SDK/zephyr/zephyr/kernel/include/wait_q.h:47:20:z_waitq_init	16	static
C:/analog/cfs/1.1.0/SDK/zephyr/zephyr/kernel/include/ksched.h:77:20:z_reschedule_unlocked	24	static
C:/analog/cfs/1.1.0/SDK/zephyr/zephyr/kernel/include/ksched.h:252:20:z_sched_wake_all	32	static
C:/analog/cfs/1.1.0/SDK/zephyr/zephyr/kernel/work.c:21:20:flag_clear	16	static
C:/analog/cfs/1.1.0/SDK/zephyr/zephyr/kernel/work.c:27:20:flag_set	16	static
C:/analog/cfs/1.1.0/SDK/zephyr/zephyr/kernel/work.c:33:20:flag_test	16	static
C:/analog/cfs/1.1.0/SDK/zephyr/zephyr/kernel/work.c:39:20:flag_test_and_clear	24	static
C:/analog/cfs/1.1.0/SDK/zephyr/zephyr/kernel/work.c:49:20:flags_set	16	static
C:/analog/cfs/1.1.0/SDK/zephyr/zephyr/kernel/work.c:55:24:flags_get	16	static
C:/analog/cfs/1.1.0/SDK/zephyr/zephyr/kernel/work.c:66:13:handle_flush	16	static
C:/analog/cfs/1.1.0/SDK/zephyr/zephyr/kernel/work.c:68:20:init_flusher	24	static
C:/analog/cfs/1.1.0/SDK/zephyr/zephyr/kernel/work.c:87:20:init_work_cancel	16	static
C:/analog/cfs/1.1.0/SDK/zephyr/zephyr/kernel/work.c:105:13:finalize_flush_locked	24	static
C:/analog/cfs/1.1.0/SDK/zephyr/zephyr/kernel/work.c:125:13:finalize_cancel_locked	32	static
C:/analog/cfs/1.1.0/SDK/zephyr/zephyr/kernel/work.c:150:6:k_work_init	32	static
C:/analog/cfs/1.1.0/SDK/zephyr/zephyr/kernel/work.c:161:19:work_busy_get_locked	16	static
C:/analog/cfs/1.1.0/SDK/zephyr/zephyr/kernel/work.c:166:5:k_work_busy_get	72	static
C:/analog/cfs/1.1.0/SDK/zephyr/zephyr/kernel/work.c:187:13:queue_flusher_locked	24	static
C:/analog/cfs/1.1.0/SDK/zephyr/zephyr/kernel/work.c:208:20:queue_remove_locked	16	static
C:/analog/cfs/1.1.0/SDK/zephyr/zephyr/kernel/work.c:227:20:notify_queue_locked	24	static
C:/analog/cfs/1.1.0/SDK/zephyr/zephyr/kernel/work.c:257:19:queue_submit_locked	24	static
C:/analog/cfs/1.1.0/SDK/zephyr/zephyr/kernel/work.c:317:12:submit_to_queue_locked	24	static
C:/analog/cfs/1.1.0/SDK/zephyr/zephyr/kernel/work.c:375:5:z_work_submit_to_queue	72	static
C:/analog/cfs/1.1.0/SDK/zephyr/zephyr/kernel/work.c:390:5:k_work_submit_to_queue	24	static
C:/analog/cfs/1.1.0/SDK/zephyr/zephyr/kernel/work.c:411:5:k_work_submit	24	static
C:/analog/cfs/1.1.0/SDK/zephyr/zephyr/kernel/work.c:437:13:work_flush_locked	24	static
C:/analog/cfs/1.1.0/SDK/zephyr/zephyr/kernel/work.c:455:6:k_work_flush	72	static
C:/analog/cfs/1.1.0/SDK/zephyr/zephyr/kernel/work.c:498:12:cancel_async_locked	24	static
C:/analog/cfs/1.1.0/SDK/zephyr/zephyr/kernel/work.c:534:13:cancel_sync_locked	24	static
C:/analog/cfs/1.1.0/SDK/zephyr/zephyr/kernel/work.c:550:5:k_work_cancel	72	static
C:/analog/cfs/1.1.0/SDK/zephyr/zephyr/kernel/work.c:567:6:k_work_cancel_sync	80	static
C:/analog/cfs/1.1.0/SDK/zephyr/zephyr/kernel/work.c:606:13:work_queue_main	168	static
C:/analog/cfs/1.1.0/SDK/zephyr/zephyr/kernel/work.c:714:6:k_work_queue_init	312	static
C:/analog/cfs/1.1.0/SDK/zephyr/zephyr/kernel/work.c:725:6:k_work_queue_start	64	static
C:/analog/cfs/1.1.0/SDK/zephyr/zephyr/kernel/work.c:769:5:k_work_queue_drain	88	static
C:/analog/cfs/1.1.0/SDK/zephyr/zephyr/kernel/work.c:801:5:k_work_queue_unplug	72	static
C:/analog/cfs/1.1.0/SDK/zephyr/zephyr/kernel/work.c:821:5:k_work_queue_stop	152	static
C:/analog/cfs/1.1.0/SDK/zephyr/zephyr/kernel/work.c:864:13:work_timeout	80	static
C:/analog/cfs/1.1.0/SDK/zephyr/zephyr/kernel/work.c:887:6:k_work_init_delayable	64	static
C:/analog/cfs/1.1.0/SDK/zephyr/zephyr/kernel/work.c:904:19:work_delayable_busy_get_locked	16	static
C:/analog/cfs/1.1.0/SDK/zephyr/zephyr/kernel/work.c:909:5:k_work_delayable_busy_get	72	static
C:/analog/cfs/1.1.0/SDK/zephyr/zephyr/kernel/work.c:943:12:schedule_for_queue_locked	32	static
C:/analog/cfs/1.1.0/SDK/zephyr/zephyr/kernel/work.c:975:20:unschedule_locked	24	static
C:/analog/cfs/1.1.0/SDK/zephyr/zephyr/kernel/work.c:1003:12:cancel_delayable_async_locked	16	static
C:/analog/cfs/1.1.0/SDK/zephyr/zephyr/kernel/work.c:1010:5:k_work_schedule_for_queue	80	static
C:/analog/cfs/1.1.0/SDK/zephyr/zephyr/kernel/work.c:1034:5:k_work_schedule	32	static
C:/analog/cfs/1.1.0/SDK/zephyr/zephyr/kernel/work.c:1045:5:k_work_reschedule_for_queue	80	static
C:/analog/cfs/1.1.0/SDK/zephyr/zephyr/kernel/work.c:1069:5:k_work_reschedule	32	static
C:/analog/cfs/1.1.0/SDK/zephyr/zephyr/kernel/work.c:1080:5:k_work_cancel_delayable	72	static
C:/analog/cfs/1.1.0/SDK/zephyr/zephyr/kernel/work.c:1096:6:k_work_cancel_delayable_sync	80	static
C:/analog/cfs/1.1.0/SDK/zephyr/zephyr/kernel/work.c:1128:6:k_work_flush_delayable	96	static
