C:/analog/cfs/1.1.0/SDK/zephyr/modules/hal/adi/MAX/Libraries/PeriphDrivers/Source/DMA/dma_reva.c:58:5:MXC_DMA_RevA_Init	32	static
C:/analog/cfs/1.1.0/SDK/zephyr/modules/hal/adi/MAX/Libraries/PeriphDrivers/Source/DMA/dma_reva.c:109:6:MXC_DMA_RevA_DeInit	24	static
C:/analog/cfs/1.1.0/SDK/zephyr/modules/hal/adi/MAX/Libraries/PeriphDrivers/Source/DMA/dma_reva.c:119:5:MXC_DMA_RevA_AcquireChannel	40	static
C:/analog/cfs/1.1.0/SDK/zephyr/modules/hal/adi/MAX/Libraries/PeriphDrivers/Source/DMA/dma_reva.c:166:5:MXC_DMA_RevA_ReleaseChannel	16	static
C:/analog/cfs/1.1.0/SDK/zephyr/modules/hal/adi/MAX/Libraries/PeriphDrivers/Source/DMA/dma_reva.c:184:5:MXC_DMA_RevA_ConfigChannel	32	static
C:/analog/cfs/1.1.0/SDK/zephyr/modules/hal/adi/MAX/Libraries/PeriphDrivers/Source/DMA/dma_reva.c:200:5:MXC_DMA_RevA_AdvConfigChannel	8	static
C:/analog/cfs/1.1.0/SDK/zephyr/modules/hal/adi/MAX/Libraries/PeriphDrivers/Source/DMA/dma_reva.c:217:5:MXC_DMA_RevA_SetSrcDst	24	static
C:/analog/cfs/1.1.0/SDK/zephyr/modules/hal/adi/MAX/Libraries/PeriphDrivers/Source/DMA/dma_reva.c:230:5:MXC_DMA_RevA_GetSrcDst	16	static
C:/analog/cfs/1.1.0/SDK/zephyr/modules/hal/adi/MAX/Libraries/PeriphDrivers/Source/DMA/dma_reva.c:243:5:MXC_DMA_RevA_SetSrcReload	24	static
C:/analog/cfs/1.1.0/SDK/zephyr/modules/hal/adi/MAX/Libraries/PeriphDrivers/Source/DMA/dma_reva.c:263:5:MXC_DMA_RevA_GetSrcReload	16	static
C:/analog/cfs/1.1.0/SDK/zephyr/modules/hal/adi/MAX/Libraries/PeriphDrivers/Source/DMA/dma_reva.c:276:5:MXC_DMA_RevA_SetCallback	16	static
C:/analog/cfs/1.1.0/SDK/zephyr/modules/hal/adi/MAX/Libraries/PeriphDrivers/Source/DMA/dma_reva.c:288:5:MXC_DMA_RevA_SetChannelInterruptEn	16	static
C:/analog/cfs/1.1.0/SDK/zephyr/modules/hal/adi/MAX/Libraries/PeriphDrivers/Source/DMA/dma_reva.c:304:5:MXC_DMA_RevA_GetChannelInterruptEn	16	static
C:/analog/cfs/1.1.0/SDK/zephyr/modules/hal/adi/MAX/Libraries/PeriphDrivers/Source/DMA/dma_reva.c:309:5:MXC_DMA_RevA_ChannelEnableInt	16	static
C:/analog/cfs/1.1.0/SDK/zephyr/modules/hal/adi/MAX/Libraries/PeriphDrivers/Source/DMA/dma_reva.c:321:5:MXC_DMA_RevA_ChannelDisableInt	16	static
C:/analog/cfs/1.1.0/SDK/zephyr/modules/hal/adi/MAX/Libraries/PeriphDrivers/Source/DMA/dma_reva.c:333:5:MXC_DMA_RevA_EnableInt	16	static
C:/analog/cfs/1.1.0/SDK/zephyr/modules/hal/adi/MAX/Libraries/PeriphDrivers/Source/DMA/dma_reva.c:347:5:MXC_DMA_RevA_DisableInt	16	static
C:/analog/cfs/1.1.0/SDK/zephyr/modules/hal/adi/MAX/Libraries/PeriphDrivers/Source/DMA/dma_reva.c:361:5:MXC_DMA_RevA_ChannelGetFlags	16	static
C:/analog/cfs/1.1.0/SDK/zephyr/modules/hal/adi/MAX/Libraries/PeriphDrivers/Source/DMA/dma_reva.c:370:5:MXC_DMA_RevA_ChannelClearFlags	16	static
C:/analog/cfs/1.1.0/SDK/zephyr/modules/hal/adi/MAX/Libraries/PeriphDrivers/Source/DMA/dma_reva.c:381:5:MXC_DMA_RevA_Start	16	static
C:/analog/cfs/1.1.0/SDK/zephyr/modules/hal/adi/MAX/Libraries/PeriphDrivers/Source/DMA/dma_reva.c:398:5:MXC_DMA_RevA_Stop	16	static
C:/analog/cfs/1.1.0/SDK/zephyr/modules/hal/adi/MAX/Libraries/PeriphDrivers/Source/DMA/dma_reva.c:409:20:MXC_DMA_RevA_GetCHRegs	16	static
C:/analog/cfs/1.1.0/SDK/zephyr/modules/hal/adi/MAX/Libraries/PeriphDrivers/Source/DMA/dma_reva.c:418:6:MXC_DMA_RevA_Handler	32	static
C:/analog/cfs/1.1.0/SDK/zephyr/modules/hal/adi/MAX/Libraries/PeriphDrivers/Source/DMA/dma_reva.c:447:6:memcpy_callback	24	static
C:/analog/cfs/1.1.0/SDK/zephyr/modules/hal/adi/MAX/Libraries/PeriphDrivers/Source/DMA/dma_reva.c:465:5:MXC_DMA_RevA_MemCpy	88	static
C:/analog/cfs/1.1.0/SDK/zephyr/modules/hal/adi/MAX/Libraries/PeriphDrivers/Source/DMA/dma_reva.c:527:6:transfer_callback	16	static
C:/analog/cfs/1.1.0/SDK/zephyr/modules/hal/adi/MAX/Libraries/PeriphDrivers/Source/DMA/dma_reva.c:537:5:MXC_DMA_RevA_DoTransfer	48	static
