C:/analog/cfs/1.1.0/SDK/zephyr/modules/hal/cmsis/CMSIS/Core/Include/mpu_armv8.h:225:22:ARM_MPU_ClrRegionEx	16	static
C:/analog/cfs/1.1.0/SDK/zephyr/modules/hal/cmsis/CMSIS/Core/Include/mpu_armv8.h:234:22:ARM_MPU_ClrRegion	16	static
C:/analog/cfs/1.1.0/SDK/zephyr/zephyr/arch/arm/core/mpu/arm_mpu_v8_internal.h:35:20:mpu_set_mair0	16	static
C:/analog/cfs/1.1.0/SDK/zephyr/zephyr/arch/arm/core/mpu/arm_mpu_v8_internal.h:40:20:mpu_set_rnr	16	static
C:/analog/cfs/1.1.0/SDK/zephyr/zephyr/arch/arm/core/mpu/arm_mpu_v8_internal.h:45:20:mpu_set_rbar	16	static
C:/analog/cfs/1.1.0/SDK/zephyr/zephyr/arch/arm/core/mpu/arm_mpu_v8_internal.h:50:24:mpu_get_rbar	4	static
C:/analog/cfs/1.1.0/SDK/zephyr/zephyr/arch/arm/core/mpu/arm_mpu_v8_internal.h:55:20:mpu_set_rlar	16	static
C:/analog/cfs/1.1.0/SDK/zephyr/zephyr/arch/arm/core/mpu/arm_mpu_v8_internal.h:60:24:mpu_get_rlar	4	static
C:/analog/cfs/1.1.0/SDK/zephyr/zephyr/arch/arm/core/mpu/arm_mpu_v8_internal.h:65:23:mpu_get_num_regions	16	static
C:/analog/cfs/1.1.0/SDK/zephyr/zephyr/arch/arm/core/mpu/arm_mpu_v8_internal.h:74:20:mpu_clear_region	16	static
C:/analog/cfs/1.1.0/SDK/zephyr/zephyr/arch/arm/core/mpu/arm_mpu_v8_internal.h:138:13:mpu_init	8	static
C:/analog/cfs/1.1.0/SDK/zephyr/zephyr/arch/arm/core/mpu/arm_mpu_v8_internal.h:146:13:mpu_set_region	24	static
C:/analog/cfs/1.1.0/SDK/zephyr/zephyr/arch/arm/core/mpu/arm_mpu_v8_internal.h:158:13:region_init	16	static
C:/analog/cfs/1.1.0/SDK/zephyr/zephyr/arch/arm/core/mpu/arm_mpu_v8_internal.h:188:12:mpu_partition_is_valid	24	static
C:/analog/cfs/1.1.0/SDK/zephyr/zephyr/arch/arm/core/mpu/arm_mpu_v8_internal.h:232:19:get_region_index	24	static
C:/analog/cfs/1.1.0/SDK/zephyr/zephyr/arch/arm/core/mpu/arm_mpu_v8_internal.h:247:24:mpu_region_get_base	16	static
C:/analog/cfs/1.1.0/SDK/zephyr/zephyr/arch/arm/core/mpu/arm_mpu_v8_internal.h:253:20:mpu_region_set_base	16	static
C:/analog/cfs/1.1.0/SDK/zephyr/zephyr/arch/arm/core/mpu/arm_mpu_v8_internal.h:260:24:mpu_region_get_last_addr	16	static
C:/analog/cfs/1.1.0/SDK/zephyr/zephyr/arch/arm/core/mpu/arm_mpu_v8_internal.h:266:20:mpu_region_set_limit	16	static
C:/analog/cfs/1.1.0/SDK/zephyr/zephyr/arch/arm/core/mpu/arm_mpu_v8_internal.h:273:20:mpu_region_get_access_attr	16	static
C:/analog/cfs/1.1.0/SDK/zephyr/zephyr/arch/arm/core/mpu/arm_mpu_v8_internal.h:284:20:mpu_region_get_conf	16	static
C:/analog/cfs/1.1.0/SDK/zephyr/zephyr/arch/arm/core/mpu/arm_mpu_v8_internal.h:308:20:get_region_attr_from_mpu_partition_info	24	static
C:/analog/cfs/1.1.0/SDK/zephyr/zephyr/arch/arm/core/mpu/arm_mpu_v8_internal.h:519:12:mpu_configure_regions_and_partition	56	static
C:/analog/cfs/1.1.0/SDK/zephyr/zephyr/arch/arm/core/mpu/arm_mpu_v8_internal.h:655:12:mpu_configure_static_mpu_regions	32	static
C:/analog/cfs/1.1.0/SDK/zephyr/zephyr/arch/arm/core/mpu/arm_mpu_v8_internal.h:681:12:mpu_mark_areas_for_dynamic_regions	24	static
C:/analog/cfs/1.1.0/SDK/zephyr/zephyr/arch/arm/core/mpu/arm_mpu_v8_internal.h:721:23:get_num_regions	8	static
C:/analog/cfs/1.1.0/SDK/zephyr/zephyr/arch/arm/core/mpu/arm_mpu_v8_internal.h:734:12:mpu_configure_dynamic_mpu_regions	32	static
C:/analog/cfs/1.1.0/SDK/zephyr/zephyr/arch/arm/core/mpu/arm_mpu.c:72:12:region_allocate_and_init	24	static
C:/analog/cfs/1.1.0/SDK/zephyr/zephyr/arch/arm/core/mpu/arm_mpu.c:100:12:mpu_configure_regions_from_dt	104	static
C:/analog/cfs/1.1.0/SDK/zephyr/zephyr/arch/arm/core/mpu/arm_mpu.c:165:12:mpu_configure_region	40	static
C:/analog/cfs/1.1.0/SDK/zephyr/zephyr/arch/arm/core/mpu/arm_mpu.c:266:6:arm_core_mpu_enable	4	static
C:/analog/cfs/1.1.0/SDK/zephyr/zephyr/arch/arm/core/mpu/arm_mpu.c:285:6:arm_core_mpu_disable	4	static
C:/analog/cfs/1.1.0/SDK/zephyr/zephyr/arch/arm/core/mpu/arm_mpu.c:361:6:arm_core_mpu_configure_static_mpu_regions	24	static
C:/analog/cfs/1.1.0/SDK/zephyr/zephyr/arch/arm/core/mpu/arm_mpu.c:377:6:arm_core_mpu_mark_areas_for_dynamic_regions	16	static
C:/analog/cfs/1.1.0/SDK/zephyr/zephyr/arch/arm/core/mpu/arm_mpu.c:393:6:arm_core_mpu_configure_dynamic_mpu_regions	16	static
C:/analog/cfs/1.1.0/SDK/zephyr/zephyr/arch/arm/core/mpu/arm_mpu.c:412:5:z_arm_mpu_init	24	static
